--------- beginning of system
11-17 21:47:27.043  1642  2525 I PowerManagerService: Waking up from Asleep (uid=1000, reason=WAKE_REASON_POWER_BUTTON, details=android.policy:POWER)...
11-17 21:47:27.044  1642  1642 W UsageStatsService: Event reported without a package name, eventType:15
11-17 21:47:27.046  1642  1864 I DisplayPowerController: useProximityForceSuspend = false
11-17 21:47:27.046  1642  1864 D OpColorDisplayService: screenStateChange
11-17 21:47:27.046  1642  1832 D OpColorDisplayService: processScreenOn   true
11-17 21:47:27.047  1642  1832 I OpColorDisplayService: isKeyguard =  true
11-17 21:47:27.047  1642  1864 I DisplayPowerController: Blocking screen on until initial contents have been drawn.
11-17 21:47:27.047  1642  1864 I WindowManager: Screen turning on...
11-17 21:47:27.047  1642  1832 I OpColorDisplayService: mHasFingerprint = false
11-17 21:47:27.048  1642  1832 D OpColorDisplayService: revertStatus:  colorMode = 1  customColorMode = 0   needMatrixInit = false
11-17 21:47:27.049  1642  1642 I WindowManager: Started waking up... (why=ON_BECAUSE_OF_USER)
11-17 21:47:27.050  1642  1642 D OpPowerControllerService: SCREEN is OFF
11-17 21:47:27.050  1642  1642 D OpPowerControllerService: SCREEN is ON
11-17 21:47:27.051  1642  3176 D WindowManager: mKeyguardDelegate.ShowListener.onDrawn.
11-17 21:47:27.051  1642  1642 D OpPowerControllerService: screen off duration: 250009
11-17 21:47:27.052  1642  1793 W WindowManager: Setting mKeyguardDrawComplete
11-17 21:47:27.098  1642  3102 D OPBF    : setCGroupState():tofreeze=false, uid:10470 pkg:com.android.todolist --->>> ok reason:handleSetInteractive active:true mInFullscreenMode:false
11-17 21:47:27.101  1642  1864 V DisplayPowerController: Brightness [76] reason changing to: 'manual', previous reason: 'screen_off'.
11-17 21:47:27.101  1642  1864 I DisplayPowerController: useProximityForceSuspend = false
11-17 21:47:27.103  1642  1795 I DisplayManagerService: Display device changed state: "Встроенный экран", ON
11-17 21:47:27.149  1642  1795 I WindowManager: All windows ready for display!
11-17 21:47:27.149  1642  1793 W WindowManager: Setting mWindowManagerDrawComplete
11-17 21:47:27.154  1642  1864 I DisplayPowerController: Unblocked screen on after 107 ms
11-17 21:47:27.154  1642  1864 I DisplayPowerController: useProximityForceSuspend = false
11-17 21:47:27.174  1642  1642 D OPSA    : ======BE_IMFORMED_SCREEN_ON======
11-17 21:47:27.197  1642  1642 D OPBF    : # eventChangeReceiver # onReceive # action=android.intent.action.SCREEN_ON
11-17 21:47:27.203  1642  1864 I DisplayPowerController: useProximityForceSuspend = false
11-17 21:47:27.206  1642  1642 I WindowManager: Finished waking up... (why=ON_BECAUSE_OF_USER)
11-17 21:47:27.224  1642  2866 D OpFingerprintService: updateStatus , 0
11-17 21:47:27.273 30782 30782 W ContextImpl: Calling a method in the system process without a qualified user: android.app.ContextImpl.bindService:1683 android.content.ContextWrapper.bindService:705 net.oneplus.odm.DeviceManagerService.x:30 net.oneplus.odm.l.onReceive:64 android.app.LoadedApk$ReceiverDispatcher$Args.lambda$getRunnable$0$LoadedApk$ReceiverDispatcher$Args:1560 
11-17 21:47:27.274  1642  2866 W ActivityManager: Unable to start service Intent { act=com.opos.ads.ColorAppServicesManagerClient cmp=com.opos.ads/.ColorAppServicesManagerClient } U=0: not found
11-17 21:47:27.352  1642  3176 D CameraService_proxy:  notifyColorGamutEnhance activeCamera = true
11-17 21:47:27.352  1642  3176 D OpColorDisplayService: notifyCameraStatus activeCamera = true
11-17 21:47:27.353  1642  3176 D OpColorGamutManager: notifyCameraStatus activeCamera = true
11-17 21:47:27.363  1642  1864 I DisplayPowerController: useProximityForceSuspend = false
11-17 21:47:27.363  1642  1864 D DisplayPowerController: override brightness:76 to 300
11-17 21:47:27.399  1642  3102 D OPBF    : setCGroupState():tofreeze=false, uid:10134 pkg:com.vkontakte.android --->>> ok reason:start perform hasTimeout broadcast for action = android.intent.action.SCREEN_ON
11-17 21:47:28.619  1642  1864 I DisplayPowerController: useProximityForceSuspend = false
11-17 21:47:28.619  1642  1864 D DisplayPowerController: override brightness:76 to 300
11-17 21:47:30.156  1642  1819 E BatteryExternalStatsWorker: no controller energy info supplied for bluetooth
11-17 21:47:30.216  1642  1811 D ExtBatteryStatsService: @@@@ awaitUninterruptibly in 99 ms
11-17 21:47:32.405  1642  1864 I DisplayPowerController: useProximityForceSuspend = false
11-17 21:47:32.484  1642  3100 D CameraService_proxy:  notifyColorGamutEnhance activeCamera = false
11-17 21:47:32.484  1642  3100 D OpColorDisplayService: notifyCameraStatus activeCamera = false
11-17 21:47:32.484  1642  3100 D OpColorGamutManager: notifyCameraStatus activeCamera = false
11-17 21:47:33.664  1642  1864 I DisplayPowerController: useProximityForceSuspend = false
11-17 21:47:35.489  1642  2540 D ConnectivityService: Blocked status changed to false for 10083(375) on netId 100
11-17 21:47:35.489  1642  2540 D ConnectivityService: Blocked status changed to false for 10083(376) on netId 100
11-17 21:47:38.525  1642  1819 E BatteryExternalStatsWorker: no controller energy info supplied for bluetooth
11-17 21:47:38.595  1642  1811 D ExtBatteryStatsService: @@@@ awaitUninterruptibly in 108 ms
11-17 21:47:38.596  1642  1811 D ExtBatteryStatsService: ext-flush too soon, skip
11-17 21:47:38.638  1642  3176 D LockSettingsService: VerifyCredential return when not Synthetic, 0
11-17 21:47:38.665  1642  3176 I LockSettingsService: Unlocking user 0 with token length 69
11-17 21:47:38.674  1642  3176 I LockSettingsService: resetLockout
11-17 21:47:38.792  1642  3176 I OpAppLocker: setKeyguardDone true
11-17 21:47:38.792  1642  3176 I OpAppLocker: setKeyguardDone true
11-17 21:47:38.796  2572  2614 I OIMC    : notified , mode FingerPrintMode changeTo 2
11-17 21:47:38.796  2572  2619 I OIMC_CORE: handleMessage:   MODE_EXIT, arg1: 0, arg2: 0, obj: com.oneplus.server.oimc.gwy@20f9fde
11-17 21:47:38.796  2572  2619 I OIMC_CORE: The mode: FingerPrintMode is not entered
11-17 21:47:38.797  1642  3100 D ActivityTaskManager: Top Process State changed to PROCESS_STATE_TOP
11-17 21:47:38.798  1642  1795 D OpRestartProcessManager: updateSelf :  com.android.todolist, size : 30
11-17 21:47:38.800  1642  3100 D OemSceneModeActivityStack: [scene] evaluateGameModes :  gameMsg.arg1=0 gameMsg.arg2=1
11-17 21:47:38.801  1642  1851 D OPDOM   : performDexOpt end for SCREEN OFF sucessed: false
11-17 21:47:38.802  1642  3100 D OpQuickReply: setQuickReplyResumed focusedApp AppWindowToken{cc82bbf token=Token{6a03dde ActivityRecord{be8d919 u0 com.android.todolist/.MainActivity t56806}}} pkgName com.android.todolist
11-17 21:47:38.809  1642  1642 V FingerprintService: Stopping client com.android.systemui, fromClient: true
11-17 21:47:38.812  1642  3103 D FingerprintService: onError, 538525712384, 5, 0
11-17 21:47:38.851  1642  3176 I OemSceneModeAmHelper: [scene] handleShowOrOccludedChanged showing false, occluded false
11-17 21:47:38.854  1642  1795 W UsageStatsService: Event reported without a package name, eventType:18
11-17 21:47:38.854  1642  1795 V UsbDeviceManager: onKeyguardStateChanged: isShowing:false secure:true user:0
11-17 21:47:38.873  1642  2540 D ConnectivityService: Blocked status changed to true for 10083(375) on netId 100
11-17 21:47:38.874  1642  1642 V FingerprintService: handleError(client=com.android.systemui, error = 5)
11-17 21:47:38.874  1642  1642 V FingerprintService: Done with client: com.android.systemui
11-17 21:47:38.876  1642  2540 D ConnectivityService: Blocked status changed to true for 10083(376) on netId 100
11-17 21:47:38.878  2572  2614 I OIMC    : notified , mode ColorReadMode changeTo 2
11-17 21:47:38.879  2572  2619 I OIMC_CORE: handleMessage:   MODE_EXIT, arg1: 0, arg2: 0, obj: com.oneplus.server.oimc.gwy@710e5bf
11-17 21:47:38.879  2572  2619 I OIMC_CORE: The mode: ColorReadMode is not entered
11-17 21:47:38.879  2572  2614 I OIMC    : notified , mode ReadMode changeTo 2
11-17 21:47:38.880  2572  2619 I OIMC_CORE: handleMessage:   MODE_EXIT, arg1: 0, arg2: 0, obj: com.oneplus.server.oimc.gwy@8ec348c
11-17 21:47:38.880  2572  2619 I OIMC_CORE: The mode: ReadMode is not entered
11-17 21:47:38.890  2572  2614 I OIMC    : notified , mode GameMode changeTo 2
11-17 21:47:38.890  2572  2619 I OIMC_CORE: handleMessage:   MODE_EXIT, arg1: 0, arg2: 0, obj: com.oneplus.server.oimc.gwy@4dd37d5
11-17 21:47:38.890  2572  2619 I OIMC_CORE: The mode: GameMode is not entered
11-17 21:47:38.908  1642  1813 W BroadcastQueue: Background execution not allowed: receiving Intent { act=android.intent.action.USER_PRESENT flg=0x24200010 } to com.oneplus.camera.service/.CameraBroadcastReceiver
11-17 21:47:38.908  1642  1813 W BroadcastQueue: Background execution not allowed: receiving Intent { act=android.intent.action.USER_PRESENT flg=0x24200010 } to com.android.chrome/org.chromium.chrome.browser.sharing.click_to_call.ClickToCallMessageHandler$PhoneUnlockedReceiver
11-17 21:47:38.921  1642  1813 W BroadcastQueue: Background execution not allowed: receiving Intent { act=android.intent.action.USER_PRESENT flg=0x24200010 } to com.google.android.gms/.auth.setup.devicesignals.LockScreenReceiver
11-17 21:47:38.922  1642  1813 W BroadcastQueue: Background execution not allowed: receiving Intent { act=android.intent.action.USER_PRESENT flg=0x24200010 } to com.google.android.gms/.chimera.GmsIntentOperationService$PersistentTrustedReceiver
11-17 21:47:38.922  1642  1813 W BroadcastQueue: Background execution not allowed: receiving Intent { act=android.intent.action.USER_PRESENT flg=0x24200010 } to com.instagram.android/com.instagram.push.FbnsInitBroadcastReceiver
11-17 21:47:38.937  2674  2674 D FingerprintManager: sendErrorResult: 5, 5, 0
11-17 21:47:38.937  1642 10516 D KeyguardStateMonitor: onFingerprintStateChange , false, false, authType:1, result:5
11-17 21:47:39.303  1642  1642 V SettingsProvider: Notifying for 0: content://settings/system/rading_mode_status_auto
11-17 21:47:39.305  2572  2614 I OIMC    : notified , mode ColorReadMode changeTo 2
11-17 21:47:39.306  2572  2619 I OIMC_CORE: handleMessage:   MODE_EXIT, arg1: 0, arg2: 0, obj: com.oneplus.server.oimc.gwy@cf1dbea
11-17 21:47:39.306  2572  2619 I OIMC_CORE: The mode: ColorReadMode is not entered
11-17 21:47:39.308  2572  2614 I OIMC    : notified , mode ReadMode changeTo 2
11-17 21:47:39.310  2572  2619 I OIMC_CORE: handleMessage:   MODE_EXIT, arg1: 0, arg2: 0, obj: com.oneplus.server.oimc.gwy@4f81edb
11-17 21:47:39.310  2572  2619 I OIMC_CORE: The mode: ReadMode is not entered
11-17 21:47:39.311  1642  1642 V SettingsProvider: Notifying for 0: content://settings/system/rading_mode_status_auto
11-17 21:47:42.791  1642  1819 E BatteryExternalStatsWorker: no controller energy info supplied for bluetooth
11-17 21:47:42.872  1642  1811 D ExtBatteryStatsService: @@@@ awaitUninterruptibly in 127 ms
11-17 21:47:42.872  1642  1811 D ExtBatteryStatsService: ext-flush too soon, skip
11-17 21:47:54.048  1642  2514 V AlarmManager: Triggering alarm #0: 3 when =24940633 package =com.whatsapp operation =*alarm*:com.whatsapp.alarm.CLIENT_PING_PERIODIC flags =0x0
11-17 21:47:54.048  1642  2514 V AlarmManager: Triggering alarm #1: 3 when =24977804 package =com.google.android.gms operation =*alarm*:com.google.android.gms.auth.authzen.cryptauth.DEVICE_STATE_CHECK_DELAY_COMPLETE flags =0x0
11-17 21:47:57.429  1642  3102 D OPBF    : setCGroupState():tofreeze=true, uid:10134 pkg:com.vkontakte.android --->>> ok reason:finish perform hasTimeout broadcast for action = android.intent.action.SCREEN_ON
11-17 21:48:00.002  1642  2514 V AlarmManager: Triggering alarm #0: 3 when =24983758 package =android operation = null listenTag =TIME_TICK flags =0x1
11-17 21:48:02.856  1642  1864 I DisplayPowerController: useProximityForceSuspend = false
11-17 21:48:02.861  1642  1864 V DisplayPowerController: Brightness [6] reason changing to: 'manual [ dim ]', previous reason: 'manual'.
11-17 21:48:02.861  1642  1642 V SettingsProvider: Notifying for 0: content://settings/global/device_is_dimming
11-17 21:48:03.250  1642  1864 I DisplayPowerController: useProximityForceSuspend = false
11-17 21:48:08.855  1642  1864 I PowerManagerService: Going to sleep due to timeout (uid 1000)...
11-17 21:48:08.856  1642  1642 W UsageStatsService: Event reported without a package name, eventType:16
11-17 21:48:08.857  1642  1864 I PowerManagerService: Sleeping (uid 1000)...
11-17 21:48:08.857  1642  1864 I DisplayPowerController: useProximityForceSuspend = false
11-17 21:48:08.858  1642  1642 I WindowManager: Started going to sleep... (why=OFF_BECAUSE_OF_TIMEOUT)
11-17 21:48:08.951  1642  1864 V DisplayPowerController: Brightness [76] reason changing to: 'manual', previous reason: 'manual [ dim ]'.
11-17 21:48:08.956  1642  1864 I DisplayPowerController: useProximityForceSuspend = false
11-17 21:48:08.956  1642  1864 I DisplayPowerController: Blocking screen off
11-17 21:48:08.956  1642  1864 I DisplayPowerController: Unblocked screen off after 0 ms
11-17 21:48:08.956  1642  1864 D OpColorDisplayService: screenStateChange
11-17 21:48:08.956  1642  1832 D OpColorDisplayService: processScreenOn   false
11-17 21:48:08.957  1642  1864 I WindowManager: Screen turned off...
11-17 21:48:08.973  1642  1864 D ActivityTaskManager: Top Process State changed to PROCESS_STATE_TOP_SLEEPING
11-17 21:48:09.000  1642  1864 V DisplayPowerController: Brightness [0] reason changing to: 'screen_off', previous reason: 'manual'.
11-17 21:48:09.000  1642  1864 I DisplayPowerController: useProximityForceSuspend = false
11-17 21:48:09.025  1642  1795 I DisplayManagerService: Display device changed state: "Встроенный экран", OFF
11-17 21:48:09.026  1642  1642 V SettingsProvider: Notifying for 0: content://settings/global/device_is_dimming
11-17 21:48:09.066  1642 10659 D OpFingerprintService: updateStatus , 2
11-17 21:48:09.215  1642  1864 I DisplayPowerController: useProximityForceSuspend = false
11-17 21:48:09.216  1642  1642 I WindowManager: Finished going to sleep... (why=OFF_BECAUSE_OF_TIMEOUT)
11-17 21:48:09.218  1642  1642 D OpPowerControllerService: SCREEN is OFF
11-17 21:48:09.218  1642  1642 D OpPowerControllerService: SCREEN is OFF
11-17 21:48:09.218  1642  1642 D OpPowerControllerService: mScreenOffStart=2021-11-17 21:48:09
11-17 21:48:09.248  1642  1642 V FingerprintService: startAuthentication(com.android.systemui)
11-17 21:48:09.248  1642  1642 V FingerprintService: starting client AuthenticationClientImpl(com.android.systemui) cookie: 0/0
11-17 21:48:09.248  1642  1642 D OpFingerprintService: OIMCService is null
11-17 21:48:09.297  1642  1642 D OpFingerprintService: updateStatus , 3
11-17 21:48:09.357  1642  1642 D OPBF    : # eventChangeReceiver # onReceive # action=android.intent.action.SCREEN_OFF
11-17 21:48:09.512  1642  3100 W AppOps  : Noting op not finished: uid 10015 pkg com.google.android.gms code 79 time=1637174858862 duration=-1
11-17 21:48:09.520  1642  5709 W AppOps  : Noting op not finished: uid 10015 pkg com.google.android.gms code 79 time=1637174889512 duration=0
11-17 21:48:09.556  1642  5709 W AppOps  : Noting op not finished: uid 10015 pkg com.google.android.gms code 79 time=1637174889520 duration=0
11-17 21:48:09.576  1642  3102 D OPBF    : setCGroupState():tofreeze=false, uid:10134 pkg:com.vkontakte.android --->>> ok reason:start perform hasTimeout broadcast for action = android.intent.action.SCREEN_OFF
11-17 21:48:13.871  1642  2514 V AlarmManager: Triggering alarm #0: 2 when =24997626 package =com.android.systemui operation =*walarm*:com.android.internal.policy.impl.PhoneWindowManager.DELAYED_KEYGUARD flags =0x9
11-17 21:48:13.881  1642  3100 I OpAppLocker: setKeyguardDone false
11-17 21:48:13.883  1642  3100 I OpAppLocker: setKeyguardDone false
11-17 21:48:13.891  1642 10516 I OemSceneModeAmHelper: [scene] handleShowOrOccludedChanged showing true, occluded false
11-17 21:48:13.913  1642  1795 W UsageStatsService: Event reported without a package name, eventType:17
11-17 21:48:13.928  1642  1795 V UsbDeviceManager: onKeyguardStateChanged: isShowing:true secure:true user:0
11-17 21:48:13.974  1642  1795 W ActivityTaskManager: Sleep timeout!  Sleeping now.
11-17 21:48:14.098  2674  2674 V KeyguardStatusView: refresh statusview showing:true
11-17 21:48:20.942  1642  1819 E BatteryExternalStatsWorker: no controller energy info supplied for bluetooth
11-17 21:48:21.030  1642  1811 D ExtBatteryStatsService: @@@@ awaitUninterruptibly in 147 ms
11-17 21:48:23.927  1642 31058 I ActivityManager: pid= 825 st.name = surfaceflinger cpuPercent = 10 st.rel_utime =3000 st.rel_stime =1830
11-17 21:48:23.927  1642 31058 I ActivityManager: pid= 1642 st.name = system_server cpuPercent = 14 st.rel_utime =3540 st.rel_stime =2790
11-17 21:48:23.928  1642 31058 E OHPD    : [BgDetect] AppForkedProc kworker/7:2 pid 29369 uid 0 can't find pkgName
11-17 21:48:23.928  1642 31058 E OHPD    : [BgDetect] AppForkedProc kworker/u16:5 pid 30907 uid 0 can't find pkgName
11-17 21:48:25.190  1642  2514 V AlarmManager: Triggering alarm #0: 2 when =25008945 package =android operation = null listenTag =*job.delay* flags =0x0
11-17 21:48:25.212  1642  3176 D ConnectivityService: requestNetwork for uid/pid:10095/23159 NetworkRequest [ TRACK_DEFAULT id=436, [ Capabilities: INTERNET&NOT_RESTRICTED&TRUSTED Uid: 10095] ]
11-17 21:48:25.266  1642  2540 D ConnectivityService: releasing NetworkRequest [ TRACK_DEFAULT id=436, [ Capabilities: INTERNET&NOT_RESTRICTED&TRUSTED Uid: 10095] ] (release request)
11-17 21:48:39.601  1642  3102 D OPBF    : setCGroupState():tofreeze=true, uid:10134 pkg:com.vkontakte.android --->>> ok reason:finish perform hasTimeout broadcast for action = android.intent.action.SCREEN_OFF
11-17 21:49:00.000  1642  2514 V AlarmManager: Triggering alarm #0: 3 when =25043758 package =android operation = null listenTag =TIME_TICK flags =0x1
11-17 21:49:01.394  1642  2514 V AlarmManager: Triggering alarm #0: 2 when =25045152 package =com.whatsapp operation =*walarm*:com.whatsapp.MessageHandler.LOGOUT_ACTION flags =0x5
11-17 21:49:02.960  1642  1813 E OHPD    : [BgDetect] AppForkedProc kworker/1:1 pid 30895 uid 0 can't find pkgName
11-17 21:49:02.962  1642  1813 I OHPD    : mCurrentGpsUidList:[], currentIME:com.google.android.inputmethod.latin
11-17 21:49:02.965  1642  1813 I OHPD    : [BgDetect]chkExcessCpu level: 0 doKills: true critical false uptime: 300288
11-17 21:49:03.200  1642  1819 E BatteryExternalStatsWorker: no controller energy info supplied for bluetooth
11-17 21:49:03.279  1642  1811 D ExtBatteryStatsService: @@@@ awaitUninterruptibly in 138 ms
11-17 21:49:03.340  1642  1813 I OHPD    : [BGC] checkAbnBgKillLocked, doExecution: false
11-17 21:49:10.179  1642  1813 I ActivityManager: pid= 1642 st.name = system_server cpuPercent = 12 st.rel_utime =470 st.rel_stime =460
11-17 21:49:10.181  1642  1813 I OHPD    : mCurrentGpsUidList:[], currentIME:com.google.android.inputmethod.latin
11-17 21:49:10.181  1642  1813 I OHPD    : [BgDetect]chkExcessCpu level: 1 doKills: true critical false uptime: 300266
11-17 21:49:10.360  1642  1642 W Looper  : Slow dispatch took 128ms main h=android.os.Handler c=com.android.server.-$$Lambda$BatteryService$2x73lvpB0jctMSVP4qb9sHAqRPw@2fca1a6 m=0
11-17 21:49:17.686  1642  2514 V AlarmManager: Triggering alarm #0: 2 when =25060872 package =android operation = null listenTag =*job.delay* flags =0x0
11-17 21:49:17.686  1642  2514 V AlarmManager: Triggering alarm #1: 0 when =1637174957684 package =net.oneplus.launcher operation =*walarm*:net.oneplus.launcher/.datacollection.RegularDataCollectionReceiver flags =0x0
11-17 21:49:39.032  1642  3102 D OPBF    : setCGroupState():tofreeze=true, uid:10470 pkg:com.android.todolist --->>> ok reason:uid active tActive:false
11-17 21:49:47.073  1642  2514 V AlarmManager: Triggering alarm #0: 2 when =25090831 package =android operation = null listenTag =*job.delay* flags =0x0
11-17 21:49:47.097  1642  3102 D OPBF    : setCGroupState():tofreeze=false, uid:10173 pkg:ru.vkusvill --->>> ok reason:bindservice as server add connection = AppBindRecord{e7f6466 ru.vkusvill/com.yandex.metrica.ConfigurationJobService:system}
11-17 21:49:52.081  1642  2514 V AlarmManager: Triggering alarm #0: 2 when =25091615 package =android operation = null listenTag =*job.delay* flags =0x0
11-17 21:49:52.117  1642  3102 D OPBF    : setCGroupState():tofreeze=false, uid:10425 pkg:org.stepic.droid --->>> ok reason:bindservice as server add connection = AppBindRecord{cec7333 org.stepic.droid/com.yandex.metrica.ConfigurationJobService:system}
11-17 21:49:52.143  1642  3102 D OPBF    : setCGroupState():tofreeze=false, uid:10354 pkg:ru.sberbank.spasibo --->>> ok reason:bindservice as server add connection = AppBindRecord{67b621c ru.sberbank.spasibo/com.yandex.metrica.ConfigurationJobService:system}
11-17 21:50:00.002  1642  2514 V AlarmManager: Triggering alarm #0: 3 when =25103758 package =android operation = null listenTag =TIME_TICK flags =0x1
11-17 21:50:00.434  1642  2514 V AlarmManager: Triggering alarm #0: 2 when =25104192 package =com.google.android.gms operation =*walarm*:CONTEXT_MANAGER_ALARM_WAKEUP flags =0x1
11-17 21:50:16.622  1642  2514 V AlarmManager: Triggering alarm #0: 2 when =25120379 package =android operation = null listenTag =*job.delay* flags =0x0
11-17 21:50:16.656  1642  3102 D OPBF    : setCGroupState():tofreeze=false, uid:10305 pkg:com.avito.android --->>> ok reason:bindservice as server add connection = AppBindRecord{501eac com.avito.android/com.yandex.metrica.ConfigurationJobService:system}
11-17 21:50:21.634  1642  2514 V AlarmManager: Triggering alarm #0: 2 when =25122145 package =android operation = null listenTag =*job.delay* flags =0x0
11-17 21:50:21.663  1642  3102 D OPBF    : setCGroupState():tofreeze=false, uid:10058 pkg:ru.foodfox.client --->>> ok reason:bindservice as server add connection = AppBindRecord{5ce0962 ru.foodfox.client/com.yandex.metrica.ConfigurationJobService:system}
11-17 21:50:21.688  1642  3102 D OPBF    : setCGroupState():tofreeze=false, uid:10152 pkg:ru.sberbankmobile --->>> ok reason:bindservice as server add connection = AppBindRecord{f08634f ru.sberbankmobile/com.yandex.metrica.ConfigurationJobService:system}
11-17 21:50:27.218  1642  3102 D OPBF    : setCGroupState():tofreeze=true, uid:10173 pkg:ru.vkusvill --->>> ok reason:serviceDoneExecuting = ru.vkusvill/com.yandex.metrica.MetricaService
11-17 21:50:32.272  1642  3102 D OPBF    : setCGroupState():tofreeze=true, uid:10425 pkg:org.stepic.droid --->>> ok reason:serviceDoneExecuting = org.stepic.droid/com.yandex.metrica.MetricaService
11-17 21:50:32.283  1642  3102 D OPBF    : setCGroupState():tofreeze=true, uid:10354 pkg:ru.sberbank.spasibo --->>> ok reason:serviceDoneExecuting = ru.sberbank.spasibo/com.yandex.metrica.MetricaService
11-17 21:50:50.284  1642  2514 V AlarmManager: Triggering alarm #0: 2 when =25154039 package =com.google.android.gms operation =*walarm*:com.google.android.chimera.IntentOperation.TARGETED_INTENT flags =0x5
11-17 21:50:56.757  1642  3102 D OPBF    : setCGroupState():tofreeze=true, uid:10305 pkg:com.avito.android --->>> ok reason:serviceDoneExecuting = com.avito.android/com.yandex.metrica.MetricaService
11-17 21:50:58.956  1642  2514 V AlarmManager: Triggering alarm #0: 2 when =25110857 package =com.google.android.gms operation =*walarm*:com.google.android.location.ALARM_WAKEUP_SENSOR_UPLOADER flags =0x0
11-17 21:50:58.956  1642  2514 V AlarmManager: Triggering alarm #1: 2 when =25162711 package =android operation = null listenTag =*job.delay* flags =0x0
11-17 21:50:59.302  1642  3102 D OPBF    : setCGroupState():tofreeze=false, uid:10026 pkg:com.octopod.russianpost.client.android --->>> ok reason:bindservice as server add connection = AppBindRecord{2473fe9 com.octopod.russianpost.client.android/com.yandex.metrica.ConfigurationJobService:system}
11-17 21:51:00.003  1642  2514 V AlarmManager: Triggering alarm #0: 3 when =25163758 package =android operation = null listenTag =TIME_TICK flags =0x1
11-17 21:51:01.797  1642  3102 D OPBF    : setCGroupState():tofreeze=true, uid:10152 pkg:ru.sberbankmobile --->>> ok reason:bindservice as client add connection = AppBindRecord{e9aff5b com.google.android.gms/com.google.android.location.internal.GoogleLocationManagerService:ru.sberbankmobile:Metrica}
11-17 21:51:01.822  1642  3102 D OPBF    : setCGroupState():tofreeze=true, uid:10058 pkg:ru.foodfox.client --->>> ok reason:bindservice as client add connection = AppBindRecord{1a607a4 com.google.android.gms/com.google.android.location.internal.GoogleLocationManagerService:ru.foodfox.client:Metrica}
11-17 21:51:24.136  1642  2514 V AlarmManager: Triggering alarm #0: 2 when =23322305 package =com.instagram.android operation =*walarm*:KeepaliveManager.ACTION_INEXACT_ALARM.MqttSimpleClient.com.instagram.android flags =0x0
11-17 21:51:24.137  1642  2514 V AlarmManager: Triggering alarm #1: 2 when =23751282 package =com.instagram.android operation =*walarm*:KeepaliveManager.ACTION_BACKUP_ALARM.MqttSimpleClient.com.instagram.android flags =0x1
11-17 21:51:24.161  1642  2540 D ConnectivityService: Blocked status changed to false for 10083(375) on netId 100
11-17 21:51:24.162  1642  2540 D ConnectivityService: Blocked status changed to false for 10083(376) on netId 100
11-17 21:51:24.164  1642  2540 D ConnectivityService: Blocked status changed to false for 10094(429) on netId 100
11-17 21:51:24.174  1642  2540 D ConnectivityService: Blocked status changed to false for 10284(433) on netId 100
11-17 21:51:38.531  1642  1814 I ActivityManager: Start proc 30478:ru.mail.mailapp/u0a27 for broadcast {ru.mail.mailapp/com.google.firebase.iid.FirebaseInstanceIdReceiver}
11-17 21:51:39.410  1642  3102 D OPBF    : setCGroupState():tofreeze=true, uid:10026 pkg:com.octopod.russianpost.client.android --->>> ok reason:serviceDoneExecuting = com.octopod.russianpost.client.android/com.yandex.metrica.MetricaService
11-17 21:51:39.679  1642  1712 D ConnectivityService: requestNetwork for uid/pid:10015/22112 NetworkRequest [ TRACK_DEFAULT id=437, [ Capabilities: INTERNET&NOT_RESTRICTED&TRUSTED Uid: 10015] ]
11-17 21:51:39.982  1642  1712 D ConnectivityService: requestNetwork for uid/pid:10027/30478 NetworkRequest [ TRACK_DEFAULT id=438, [ Capabilities: INTERNET&NOT_RESTRICTED&TRUSTED Uid: 10027] ]
11-17 21:51:41.166  1642  1712 D ConnectivityService: requestNetwork for uid/pid:10027/30478 NetworkRequest [ TRACK_DEFAULT id=440, [ Capabilities: INTERNET&NOT_RESTRICTED&TRUSTED Uid: 10027] ]
11-17 21:51:41.891  1642  2540 D ConnectivityService: releasing NetworkRequest [ TRACK_DEFAULT id=438, [ Capabilities: INTERNET&NOT_RESTRICTED&TRUSTED Uid: 10027] ] (release request)
11-17 21:51:43.105  1642  1642 V NotificationService: Interrupting!
11-17 21:51:43.329  1642  1712 D ConnectivityService: requestNetwork for uid/pid:10027/30478 NetworkRequest [ TRACK_DEFAULT id=441, [ Capabilities: INTERNET&NOT_RESTRICTED&TRUSTED Uid: 10027] ]
11-17 21:51:43.576  1642  2514 V AlarmManager: Triggering alarm #0: 3 when =25207334 package =android operation = null listenTag =StatsCompanionService.pull flags =0x9
11-17 21:51:43.613  1642 31487 D VibratorService: vibrate from 'ru.mail.mailapp', usageHint = 9
11-17 21:51:43.723  1642  2540 D ConnectivityService: releasing NetworkRequest [ TRACK_DEFAULT id=441, [ Capabilities: INTERNET&NOT_RESTRICTED&TRUSTED Uid: 10027] ] (release request)
11-17 21:51:48.001  1642  1712 W ProcessStats: Tracking association SourceState{4f9a3dd com.google.android.gms.persistent/10015 ImpFg #122745} whose proc state 2 is better than process ProcessState{d7eb9d7 com.google.android.gms/10015 pkg=com.google.android.gms} proc state 3 (40 skipped)
11-17 21:51:52.615  1642 31507 E OHPD    : [BgDetect] AppForkedProc kworker/3:1 pid 30900 uid 0 can't find pkgName
11-17 21:51:52.615  1642 31507 E OHPD    : [BgDetect] AppForkedProc kworker/u16:7 pid 30908 uid 0 can't find pkgName
11-17 21:51:52.615  1642 31507 E OHPD    : [BgDetect] AppForkedProc kworker/2:3 pid 31041 uid 0 can't find pkgName
11-17 21:51:53.239  1642  2514 V AlarmManager: Triggering alarm #0: 3 when =25201000 package =android operation =*alarm*:oneplus.intent.action.SAVE_JANK_DATE flags =0x8
11-17 21:51:53.239  1642  2514 V AlarmManager: Triggering alarm #1: 2 when =25216992 package =android operation = null listenTag =*job.deadline* flags =0x0
11-17 21:51:53.239  1642  2514 V AlarmManager: Triggering alarm #2: 2 when =25216992 package =android operation = null listenTag =*job.delay* flags =0x0
11-17 21:51:55.694  1642  2525 I PowerManagerService: Waking up from Asleep (uid=1000, reason=WAKE_REASON_POWER_BUTTON, details=android.policy:POWER)...
11-17 21:51:55.695  1642  1642 W UsageStatsService: Event reported without a package name, eventType:15
11-17 21:51:55.697  1642  1864 I DisplayPowerController: useProximityForceSuspend = false
11-17 21:51:55.697  1642  1864 D OpColorDisplayService: screenStateChange
11-17 21:51:55.697  1642  1832 D OpColorDisplayService: processScreenOn   true
11-17 21:51:55.697  1642  1832 I OpColorDisplayService: isKeyguard =  true
11-17 21:51:55.697  1642  1864 I DisplayPowerController: Blocking screen on until initial contents have been drawn.
11-17 21:51:55.697  1642  1832 I OpColorDisplayService: mHasFingerprint = false
11-17 21:51:55.697  1642  1864 I WindowManager: Screen turning on...
11-17 21:51:55.697  1642  1642 I WindowManager: Started waking up... (why=ON_BECAUSE_OF_USER)
11-17 21:51:55.699  1642  1712 D WindowManager: mKeyguardDelegate.ShowListener.onDrawn.
11-17 21:51:55.700  1642  1793 W WindowManager: Setting mKeyguardDrawComplete
11-17 21:51:55.701  1642  1832 D OpColorDisplayService: revertStatus:  colorMode = 1  customColorMode = 0   needMatrixInit = false
11-17 21:51:55.708  1642  1642 D OpPowerControllerService: SCREEN is OFF
11-17 21:51:55.708  1642  1642 D OpPowerControllerService: SCREEN is ON
11-17 21:51:55.708  1642  1642 D OpPowerControllerService: screen off duration: 226490
11-17 21:51:55.739  1642  1864 V DisplayPowerController: Brightness [76] reason changing to: 'manual', previous reason: 'screen_off'.
11-17 21:51:55.739  1642  1864 I DisplayPowerController: useProximityForceSuspend = false
11-17 21:51:55.744  1642  1795 I DisplayManagerService: Display device changed state: "Встроенный экран", ON
11-17 21:51:55.748  1642  3102 D OPBF    : setCGroupState():tofreeze=false, uid:10470 pkg:com.android.todolist --->>> ok reason:handleSetInteractive active:true mInFullscreenMode:false
11-17 21:51:55.772  1642  1795 I WindowManager: All windows ready for display!
11-17 21:51:55.774  1642  1793 W WindowManager: Setting mWindowManagerDrawComplete
11-17 21:51:55.782  1642  1864 I DisplayPowerController: Unblocked screen on after 85 ms
11-17 21:51:55.782  1642  1864 I DisplayPowerController: useProximityForceSuspend = false
11-17 21:51:55.835  1642  1864 I DisplayPowerController: useProximityForceSuspend = false
11-17 21:51:55.846  1642  1642 I WindowManager: Finished waking up... (why=ON_BECAUSE_OF_USER)
11-17 21:51:55.847  1642  1642 D OPSA    : ======BE_IMFORMED_SCREEN_ON======
11-17 21:51:55.854  1642  1642 D TwilightService: onLocationChanged: provider=fused accuracy=17.1 time=1637174484705
11-17 21:51:55.854  1642  1642 D TwilightService: location != null, store current location
11-17 21:51:55.855  1642  1795 D ColorDisplayService: onTwilightStateChanged: isNight=true
11-17 21:51:55.859  1642 10659 D OpFingerprintService: updateStatus , 0
11-17 21:51:55.883  1642  1642 D OPBF    : # eventChangeReceiver # onReceive # action=android.intent.action.SCREEN_ON
11-17 21:51:55.938  1642  2866 D CameraService_proxy:  notifyColorGamutEnhance activeCamera = true
11-17 21:51:55.938  1642  2866 D OpColorDisplayService: notifyCameraStatus activeCamera = true
11-17 21:51:55.938  1642  2866 D OpColorGamutManager: notifyCameraStatus activeCamera = true
11-17 21:51:55.943  1642  1864 I DisplayPowerController: useProximityForceSuspend = false
11-17 21:51:55.943  1642  1864 D DisplayPowerController: override brightness:76 to 300
11-17 21:51:55.964 30782 30782 W ContextImpl: Calling a method in the system process without a qualified user: android.app.ContextImpl.bindService:1683 android.content.ContextWrapper.bindService:705 net.oneplus.odm.DeviceManagerService.x:30 net.oneplus.odm.l.onReceive:64 android.app.LoadedApk$ReceiverDispatcher$Args.lambda$getRunnable$0$LoadedApk$ReceiverDispatcher$Args:1560 
11-17 21:51:55.965  1642 10659 W ActivityManager: Unable to start service Intent { act=com.opos.ads.ColorAppServicesManagerClient cmp=com.opos.ads/.ColorAppServicesManagerClient } U=0: not found
11-17 21:51:56.100  1642  3102 D OPBF    : setCGroupState():tofreeze=false, uid:10134 pkg:com.vkontakte.android --->>> ok reason:start perform hasTimeout broadcast for action = android.intent.action.SCREEN_ON
11-17 21:51:56.876  1642  1864 I DisplayPowerController: useProximityForceSuspend = false
11-17 21:51:57.803  1642  1864 I DisplayPowerController: useProximityForceSuspend = false
11-17 21:51:58.835  1642  1819 E BatteryExternalStatsWorker: no controller energy info supplied for bluetooth
11-17 21:51:58.871  1642  1811 D ExtBatteryStatsService: @@@@ awaitUninterruptibly in 70 ms
11-17 21:52:00.000  1642  2514 V AlarmManager: Triggering alarm #0: 3 when =25223758 package =android operation = null listenTag =TIME_TICK flags =0x1
11-17 21:52:00.970  1642  1864 I DisplayPowerController: useProximityForceSuspend = false
11-17 21:52:01.017  1642  2866 D CameraService_proxy:  notifyColorGamutEnhance activeCamera = false
11-17 21:52:01.017  1642  2866 D OpColorDisplayService: notifyCameraStatus activeCamera = false
11-17 21:52:01.017  1642  2866 D OpColorGamutManager: notifyCameraStatus activeCamera = false
11-17 21:52:02.613  1642 10659 W ProcessStats: Tracking association SourceState{4f9a3dd com.google.android.gms.persistent/10015 ImpFg #122950} whose proc state 2 is better than process ProcessState{d7eb9d7 com.google.android.gms/10015 pkg=com.google.android.gms} proc state 3 (69 skipped)
11-17 21:52:02.733  1642  3100 D ConnectivityService: requestNetwork for uid/pid:10027/30478 NetworkRequest [ TRACK_DEFAULT id=442, [ Capabilities: INTERNET&NOT_RESTRICTED&TRUSTED Uid: 10027] ]
11-17 21:52:03.397  1642  2540 D ConnectivityService: releasing NetworkRequest [ TRACK_DEFAULT id=442, [ Capabilities: INTERNET&NOT_RESTRICTED&TRUSTED Uid: 10027] ] (release request)
11-17 21:52:03.458  1642  3100 D ConnectivityService: requestNetwork for uid/pid:10027/30478 NetworkRequest [ TRACK_DEFAULT id=443, [ Capabilities: INTERNET&NOT_RESTRICTED&TRUSTED Uid: 10027] ]
11-17 21:52:05.624  1642  2540 D ConnectivityService: releasing NetworkRequest [ TRACK_DEFAULT id=443, [ Capabilities: INTERNET&NOT_RESTRICTED&TRUSTED Uid: 10027] ] (release request)
11-17 21:52:07.946  1642  1819 E BatteryExternalStatsWorker: no controller energy info supplied for bluetooth
11-17 21:52:08.006  1642  1811 D ExtBatteryStatsService: @@@@ awaitUninterruptibly in 97 ms
11-17 21:52:08.007  1642  1811 D ExtBatteryStatsService: ext-flush too soon, skip
11-17 21:52:08.424  1642  5707 D LockSettingsService: VerifyCredential return when not Synthetic, 0
11-17 21:52:08.471  1642  5707 I LockSettingsService: Unlocking user 0 with token length 69
11-17 21:52:08.478  1642  5707 I LockSettingsService: resetLockout
11-17 21:52:08.624  1642  1712 I OpAppLocker: setKeyguardDone true
11-17 21:52:08.625  1642  1712 I OpAppLocker: setKeyguardDone true
11-17 21:52:08.626  2572  2614 I OIMC    : notified , mode FingerPrintMode changeTo 2
11-17 21:52:08.626  2572  2619 I OIMC_CORE: handleMessage:   MODE_EXIT, arg1: 0, arg2: 0, obj: com.oneplus.server.oimc.gwy@f6e0d78
11-17 21:52:08.626  2572  2619 I OIMC_CORE: The mode: FingerPrintMode is not entered
11-17 21:52:08.627  1642  2866 D ActivityTaskManager: Top Process State changed to PROCESS_STATE_TOP
11-17 21:52:08.627  1642  1795 D OpRestartProcessManager: updateSelf :  com.android.todolist, size : 30
11-17 21:52:08.629  1642  1851 D OPDOM   : performDexOpt end for SCREEN OFF sucessed: false
11-17 21:52:08.629  1642  2866 D OemSceneModeActivityStack: [scene] evaluateGameModes :  gameMsg.arg1=0 gameMsg.arg2=1
11-17 21:52:08.631  1642  2866 D OpQuickReply: setQuickReplyResumed focusedApp AppWindowToken{cc82bbf token=Token{6a03dde ActivityRecord{be8d919 u0 com.android.todolist/.MainActivity t56806}}} pkgName com.android.todolist
11-17 21:52:08.642  1642  1642 V FingerprintService: Stopping client com.android.systemui, fromClient: true
11-17 21:52:08.645  1642  3103 D FingerprintService: onError, 538525712384, 5, 0
11-17 21:52:08.667  1642  3100 I OemSceneModeAmHelper: [scene] handleShowOrOccludedChanged showing false, occluded false
11-17 21:52:08.678  1642  1795 W UsageStatsService: Event reported without a package name, eventType:18
11-17 21:52:08.678  1642  1795 V UsbDeviceManager: onKeyguardStateChanged: isShowing:false secure:true user:0
11-17 21:52:08.688  1642  2540 D ConnectivityService: Blocked status changed to true for 10083(375) on netId 100
11-17 21:52:08.688  1642  2540 D ConnectivityService: Blocked status changed to true for 10083(376) on netId 100
11-17 21:52:08.702  1642  1642 V FingerprintService: handleError(client=com.android.systemui, error = 5)
11-17 21:52:08.702  1642  1642 V FingerprintService: Done with client: com.android.systemui
11-17 21:52:08.710  2572  2614 I OIMC    : notified , mode ColorReadMode changeTo 2
11-17 21:52:08.710  2572  2619 I OIMC_CORE: handleMessage:   MODE_EXIT, arg1: 0, arg2: 0, obj: com.oneplus.server.oimc.gwy@cc67c51
11-17 21:52:08.710  2572  2619 I OIMC_CORE: The mode: ColorReadMode is not entered
11-17 21:52:08.710  2572  2613 I OIMC    : notified , mode ReadMode changeTo 2
11-17 21:52:08.711  2572  2619 I OIMC_CORE: handleMessage:   MODE_EXIT, arg1: 0, arg2: 0, obj: com.oneplus.server.oimc.gwy@209ccb6
11-17 21:52:08.711  2572  2619 I OIMC_CORE: The mode: ReadMode is not entered
11-17 21:52:08.712  2572  2613 I OIMC    : notified , mode GameMode changeTo 2
11-17 21:52:08.712  2572  2619 I OIMC_CORE: handleMessage:   MODE_EXIT, arg1: 0, arg2: 0, obj: com.oneplus.server.oimc.gwy@54fcdb7
11-17 21:52:08.712  2572  2619 I OIMC_CORE: The mode: GameMode is not entered
11-17 21:52:08.735  1642  1813 W BroadcastQueue: Background execution not allowed: receiving Intent { act=android.intent.action.USER_PRESENT flg=0x24200010 } to com.oneplus.camera.service/.CameraBroadcastReceiver
11-17 21:52:08.735  1642  1813 W BroadcastQueue: Background execution not allowed: receiving Intent { act=android.intent.action.USER_PRESENT flg=0x24200010 } to com.android.chrome/org.chromium.chrome.browser.sharing.click_to_call.ClickToCallMessageHandler$PhoneUnlockedReceiver
11-17 21:52:08.735  1642  1813 W BroadcastQueue: Background execution not allowed: receiving Intent { act=android.intent.action.USER_PRESENT flg=0x24200010 } to com.google.android.gms/.auth.setup.devicesignals.LockScreenReceiver
11-17 21:52:08.735  1642  1813 W BroadcastQueue: Background execution not allowed: receiving Intent { act=android.intent.action.USER_PRESENT flg=0x24200010 } to com.google.android.gms/.chimera.GmsIntentOperationService$PersistentTrustedReceiver
11-17 21:52:08.735  1642  1813 W BroadcastQueue: Background execution not allowed: receiving Intent { act=android.intent.action.USER_PRESENT flg=0x24200010 } to com.instagram.android/com.instagram.push.FbnsInitBroadcastReceiver
11-17 21:52:08.762  2674  2674 D FingerprintManager: sendErrorResult: 5, 5, 0
11-17 21:52:08.766  1642 10659 D KeyguardStateMonitor: onFingerprintStateChange , false, false, authType:1, result:5
11-17 21:52:09.133  1642  1642 V SettingsProvider: Notifying for 0: content://settings/system/rading_mode_status_auto
11-17 21:52:09.135  2572  2613 I OIMC    : notified , mode ColorReadMode changeTo 2
11-17 21:52:09.136  2572  2619 I OIMC_CORE: handleMessage:   MODE_EXIT, arg1: 0, arg2: 0, obj: com.oneplus.server.oimc.gwy@6328924
11-17 21:52:09.136  2572  2619 I OIMC_CORE: The mode: ColorReadMode is not entered
11-17 21:52:09.136  2572  2613 I OIMC    : notified , mode ReadMode changeTo 2
11-17 21:52:09.136  2572  2619 I OIMC_CORE: handleMessage:   MODE_EXIT, arg1: 0, arg2: 0, obj: com.oneplus.server.oimc.gwy@f258c8d
11-17 21:52:09.136  2572  2619 I OIMC_CORE: The mode: ReadMode is not entered
11-17 21:52:09.137  1642  1642 V SettingsProvider: Notifying for 0: content://settings/system/rading_mode_status_auto
11-17 21:52:11.770  1642  1819 E BatteryExternalStatsWorker: no controller energy info supplied for bluetooth
11-17 21:52:11.854  1642  1811 D ExtBatteryStatsService: @@@@ awaitUninterruptibly in 134 ms
11-17 21:52:11.855  1642  1811 D ExtBatteryStatsService: ext-flush too soon, skip
11-17 21:52:23.871  1642  2514 V AlarmManager: Triggering alarm #0: 3 when =25217991 package =android operation =*alarm*:com.android.server.action.NETWORK_STATS_POLL flags =0x8
11-17 21:52:23.871  1642  2514 V AlarmManager: Triggering alarm #1: 3 when =25247625 package =com.google.android.gms operation =*alarm*:com.google.android.gms.auth.authzen.cryptauth.DEVICE_STATE_CHECK_DELAY_COMPLETE flags =0x0
11-17 21:52:26.117  1642  3102 D OPBF    : setCGroupState():tofreeze=true, uid:10134 pkg:com.vkontakte.android --->>> ok reason:finish perform hasTimeout broadcast for action = android.intent.action.SCREEN_ON
11-17 21:52:30.986  1642  2866 I ActivityManager: Killing 20624:net.oneplus.widget/u0a294 (adj 995): empty #31
11-17 21:52:31.056  1642  3102 D OPBF    : setCGroupState():tofreeze=false, uid:10294 pkg:net.oneplus.widget --->>> ok reason:app died cause by pid 20624
11-17 21:52:32.667  1642  1864 I DisplayPowerController: useProximityForceSuspend = false
11-17 21:52:32.669  1642  1864 V DisplayPowerController: Brightness [6] reason changing to: 'manual [ dim ]', previous reason: 'manual'.
11-17 21:52:32.670  1642  1642 V SettingsProvider: Notifying for 0: content://settings/global/device_is_dimming
11-17 21:52:33.068  1642  1864 I DisplayPowerController: useProximityForceSuspend = false
11-17 21:52:38.667  1642  1864 I PowerManagerService: Going to sleep due to timeout (uid 1000)...
11-17 21:52:38.670  1642  1864 I PowerManagerService: Sleeping (uid 1000)...
11-17 21:52:38.670  1642  1864 I DisplayPowerController: useProximityForceSuspend = false
11-17 21:52:38.671  1642  1642 W UsageStatsService: Event reported without a package name, eventType:16
11-17 21:52:38.673  1642  1642 I WindowManager: Started going to sleep... (why=OFF_BECAUSE_OF_TIMEOUT)
11-17 21:52:38.762  1642  1864 V DisplayPowerController: Brightness [76] reason changing to: 'manual', previous reason: 'manual [ dim ]'.
11-17 21:52:38.773  1642  1864 I DisplayPowerController: useProximityForceSuspend = false
11-17 21:52:38.773  1642  1864 I DisplayPowerController: Blocking screen off
11-17 21:52:38.774  1642  1864 I DisplayPowerController: Unblocked screen off after 1 ms
11-17 21:52:38.774  1642  1864 D OpColorDisplayService: screenStateChange
11-17 21:52:38.774  1642  1864 I WindowManager: Screen turned off...
11-17 21:52:38.774  1642  1832 D OpColorDisplayService: processScreenOn   false
11-17 21:52:38.785  1642  1864 D ActivityTaskManager: Top Process State changed to PROCESS_STATE_TOP_SLEEPING
11-17 21:52:38.835  1642  1864 V DisplayPowerController: Brightness [0] reason changing to: 'screen_off', previous reason: 'manual'.
11-17 21:52:38.836  1642  1864 I DisplayPowerController: useProximityForceSuspend = false
11-17 21:52:39.034  1642  1864 I DisplayPowerController: useProximityForceSuspend = false
11-17 21:52:39.038  1642  5709 D OpFingerprintService: updateStatus , 2
11-17 21:52:39.065  1642  1793 W Looper  : Slow dispatch took 224ms android.ui h=com.android.server.am.ActivityManagerService$UiHandler c=null m=53
11-17 21:52:39.066  1642  1642 V SettingsProvider: Notifying for 0: content://settings/global/device_is_dimming
11-17 21:52:39.066  1642  1642 W Looper  : Slow dispatch took 230ms main h=com.android.providers.settings.SettingsProvider$SettingsRegistry$MyHandler c=null m=1
11-17 21:52:39.066  1642  1642 W Looper  : Slow delivery took 230ms main h=com.android.providers.settings.SettingsProvider$SettingsRegistry$MyHandler c=null m=2
11-17 21:52:39.066  1642  1795 I DisplayManagerService: Display device changed state: "Встроенный экран", OFF
11-17 21:52:39.066  1642  1642 I WindowManager: Finished going to sleep... (why=OFF_BECAUSE_OF_TIMEOUT)
11-17 21:52:39.068  1642  1642 D OpPowerControllerService: SCREEN is OFF
11-17 21:52:39.068  1642  1642 D OpPowerControllerService: SCREEN is OFF
11-17 21:52:39.070  1642  1642 D OpPowerControllerService: mScreenOffStart=2021-11-17 21:52:39
11-17 21:52:39.083  1642  1642 W Looper  : Drained
11-17 21:52:39.086  1642  1642 V FingerprintService: startAuthentication(com.android.systemui)
11-17 21:52:39.086  1642  1642 V FingerprintService: starting client AuthenticationClientImpl(com.android.systemui) cookie: 0/0
11-17 21:52:39.096  1642  1642 D OpFingerprintService: OIMCService is null
11-17 21:52:39.146  1642  1642 D OpFingerprintService: updateStatus , 3
11-17 21:52:39.207  1642  1642 D OPBF    : # eventChangeReceiver # onReceive # action=android.intent.action.SCREEN_OFF
11-17 21:52:39.380  1642 10659 W AppOps  : Noting op not finished: uid 10015 pkg com.google.android.gms code 79 time=1637175128819 duration=-1
11-17 21:52:39.406  1642 10659 W AppOps  : Noting op not finished: uid 10015 pkg com.google.android.gms code 79 time=1637175159380 duration=0
11-17 21:52:39.422  1642  3100 W AppOps  : Noting op not finished: uid 10015 pkg com.google.android.gms code 79 time=1637175159406 duration=0
11-17 21:52:39.454  1642  3102 D OPBF    : setCGroupState():tofreeze=false, uid:10134 pkg:com.vkontakte.android --->>> ok reason:start perform hasTimeout broadcast for action = android.intent.action.SCREEN_OFF
11-17 21:52:41.922  1642  2514 V AlarmManager: Triggering alarm #0: 2 when =25265678 package =android operation = null listenTag =*job.delay* flags =0x0
11-17 21:52:41.936  1642  5709 D ConnectivityService: requestNetwork for uid/pid:10027/30478 NetworkRequest [ TRACK_DEFAULT id=444, [ Capabilities: INTERNET&NOT_RESTRICTED&TRUSTED Uid: 10027] ]
11-17 21:52:42.234  1642  2540 D ConnectivityService: releasing NetworkRequest [ TRACK_DEFAULT id=444, [ Capabilities: INTERNET&NOT_RESTRICTED&TRUSTED Uid: 10027] ] (release request)
11-17 21:52:43.690  1642  2514 V AlarmManager: Triggering alarm #0: 2 when =25267445 package =com.android.systemui operation =*walarm*:com.android.internal.policy.impl.PhoneWindowManager.DELAYED_KEYGUARD flags =0x9
11-17 21:52:43.701  1642  3100 I OpAppLocker: setKeyguardDone false
11-17 21:52:43.703  1642  3100 I OpAppLocker: setKeyguardDone false
11-17 21:52:43.713  1642  3100 I OemSceneModeAmHelper: [scene] handleShowOrOccludedChanged showing true, occluded false
11-17 21:52:43.728  1642  1795 W UsageStatsService: Event reported without a package name, eventType:17
11-17 21:52:43.738  1642  1795 V UsbDeviceManager: onKeyguardStateChanged: isShowing:true secure:true user:0
11-17 21:52:43.785  1642  1795 W ActivityTaskManager: Sleep timeout!  Sleeping now.
11-17 21:52:43.942  2674  2674 V KeyguardStatusView: refresh statusview showing:true
11-17 21:52:47.301  1642  1819 E BatteryExternalStatsWorker: no controller energy info supplied for bluetooth
11-17 21:52:47.392  1642  1811 D ExtBatteryStatsService: @@@@ awaitUninterruptibly in 144 ms
11-17 21:52:57.718  1642  2525 I PowerManagerService: Waking up from Asleep (uid=1000, reason=WAKE_REASON_POWER_BUTTON, details=android.policy:POWER)...
11-17 21:52:57.718  1642  1642 W UsageStatsService: Event reported without a package name, eventType:15
11-17 21:52:57.719  1642  1642 I WindowManager: Started waking up... (why=ON_BECAUSE_OF_USER)
11-17 21:52:57.720  1642  1642 D OpPowerControllerService: SCREEN is OFF
11-17 21:52:57.720  1642  1642 D OpPowerControllerService: SCREEN is ON
11-17 21:52:57.720  1642  1642 D OpPowerControllerService: screen off duration: 18651
11-17 21:52:57.721  1642  1864 I DisplayPowerController: useProximityForceSuspend = false
11-17 21:52:57.721  1642  1864 D OpColorDisplayService: screenStateChange
11-17 21:52:57.722  1642  1832 D OpColorDisplayService: processScreenOn   true
11-17 21:52:57.722  1642  1832 I OpColorDisplayService: isKeyguard =  true
11-17 21:52:57.722  1642  1832 I OpColorDisplayService: mHasFingerprint = false
11-17 21:52:57.722  1642  1864 I DisplayPowerController: Blocking screen on until initial contents have been drawn.
11-17 21:52:57.722  1642  1864 I WindowManager: Screen turning on...
11-17 21:52:57.724  1642  1832 D OpColorDisplayService: revertStatus:  colorMode = 1  customColorMode = 0   needMatrixInit = false
11-17 21:52:57.728  1642  5709 D KeyguardStateMonitor: onFingerprintStateChange , true, false, authType:2, result:1
11-17 21:52:57.728  1642  5709 D WindowManager: onKeyguardFingerprintChanged, 2, 1, 0
11-17 21:52:57.728  1642  1793 D WindowManager: handleAuthStateChange, authenticating:true, authType:2, result:1, sf:false
11-17 21:52:57.772  1642  1864 V DisplayPowerController: Brightness [76] reason changing to: 'manual', previous reason: 'screen_off'.
11-17 21:52:57.772  1642  1864 I DisplayPowerController: useProximityForceSuspend = false
11-17 21:52:57.775  1642  1795 I DisplayManagerService: Display device changed state: "Встроенный экран", ON
11-17 21:52:57.796  1642  3100 D WindowManager: mKeyguardDelegate.ShowListener.onDrawn.
11-17 21:52:57.804  1642  1793 W WindowManager: Setting mKeyguardDrawComplete
11-17 21:52:57.831  1642  1642 D OPSA    : ======BE_IMFORMED_SCREEN_ON======
11-17 21:52:57.843  1642  1795 I WindowManager: All windows ready for display!
11-17 21:52:57.843  1642  1793 W WindowManager: Setting mWindowManagerDrawComplete
11-17 21:52:57.843  1642  1793 I WindowManager: Authenticating to pending screen on
