11-17 22:31:57.998  1642  1888 I PackageManager: Un-granting permission android.permission.REQUEST_INSTALL_PACKAGES from package de.stocard.stocard (protectionLevel=66 flags=0x3849be44)
11-17 22:31:57.999  1642  1888 I PackageManager: Un-granting permission android.permission.REQUEST_INSTALL_PACKAGES from package com.whatsapp (protectionLevel=66 flags=0x30cbbe44)
11-17 22:31:58.000  1642  1888 I PackageManager: Un-granting permission com.google.android.gm.permission.READ_GMAIL from package com.google.android.apps.docs.editors.sheets (protectionLevel=2 flags=0x38dbbe44)
11-17 22:31:58.000  1642  1888 I PackageManager: Un-granting permission com.google.android.googleapps.permission.GOOGLE_AUTH from package com.google.android.apps.docs.editors.sheets (protectionLevel=2 flags=0x38dbbe44)
11-17 22:31:58.000  1642  1888 I PackageManager: Un-granting permission com.google.android.googleapps.permission.GOOGLE_AUTH.OTHER_SERVICES from package com.google.android.apps.docs.editors.sheets (protectionLevel=2 flags=0x38dbbe44)
11-17 22:31:58.000  1642  1888 I PackageManager: Un-granting permission com.google.android.googleapps.permission.GOOGLE_AUTH.ALL_SERVICES from package com.google.android.apps.docs.editors.sheets (protectionLevel=2 flags=0x38dbbe44)
11-17 22:31:58.000  1642  1888 I PackageManager: Un-granting permission com.google.android.googleapps.permission.GOOGLE_AUTH.writely from package com.google.android.apps.docs.editors.sheets (protectionLevel=2 flags=0x38dbbe44)
11-17 22:31:58.000  1642  1888 I PackageManager: Un-granting permission com.google.android.googleapps.permission.GOOGLE_AUTH.wise from package com.google.android.apps.docs.editors.sheets (protectionLevel=2 flags=0x38dbbe44)
11-17 22:31:58.002  1642  1888 I PackageManager: Un-granting permission android.permission.SHUTDOWN from package com.oneplus.deskclock (protectionLevel=18 flags=0x20883e45)
11-17 22:31:58.002  1642  1888 I PackageManager: Un-granting permission android.permission.CHANGE_CONFIGURATION from package com.paypal.android.p2pmobile (protectionLevel=50 flags=0x30d83e44)
11-17 22:31:58.002  1642  1888 I PackageManager: Un-granting permission android.permission.PACKAGE_USAGE_STATS from package com.discord (protectionLevel=114 flags=0x30d83e44)
11-17 22:31:58.002  1642  1888 I PackageManager: Un-granting permission android.permission.SYSTEM_ALERT_WINDOW from package com.discord (protectionLevel=1250 flags=0x30d83e44)
11-17 22:31:58.006  1642  1888 I PackageManager: Un-granting permission android.permission.CREATE_USERS from package com.oneplus.wifiapsettings (protectionLevel=2 flags=0x20c8be45)
11-17 22:31:58.006  1642  1888 I PackageManager: Un-granting permission android.permission.HIDE_NON_SYSTEM_OVERLAY_WINDOWS from package com.android.vending (protectionLevel=258 flags=0x28cabec5)
11-17 22:31:58.006  1642  1888 I PackageManager: Un-granting permission android.permission.SEND_DOWNLOAD_COMPLETED_INTENTS from package com.android.vending (protectionLevel=2 flags=0x28cabec5)
11-17 22:31:58.008  1642  1888 I PackageManager: Un-granting permission android.permission.MOUNT_UNMOUNT_FILESYSTEMS from package com.recognize.number (protectionLevel=18 flags=0x3088be45)
11-17 22:31:58.008  1642  1888 I PackageManager: Un-granting permission android.permission.MANAGE_DOCUMENTS from package com.mobisystems.fileman (protectionLevel=262146 flags=0x30c83e44)
11-17 22:31:58.008  1642  1888 I PackageManager: Un-granting permission android.permission.WRITE_MEDIA_STORAGE from package com.mobisystems.fileman (protectionLevel=18 flags=0x30c83e44)
11-17 22:31:58.008  1642  1888 I PackageManager: Un-granting permission android.permission.REQUEST_INSTALL_PACKAGES from package com.mobisystems.fileman (protectionLevel=66 flags=0x30c83e44)
11-17 22:31:58.010  1642  1888 I PackageManager: Un-granting permission android.permission.BIND_PRINT_SERVICE from package ru.rostel (protectionLevel=2 flags=0x38c83e44)
11-17 22:31:58.010  1642  1888 I PackageManager: Un-granting permission android.permission.SYSTEM_ALERT_WINDOW from package us.zoom.videomeetings (protectionLevel=1250 flags=0x20983e44)
11-17 22:31:58.010  1642  1888 I PackageManager: Un-granting permission android.permission.REQUEST_INSTALL_PACKAGES from package us.zoom.videomeetings (protectionLevel=66 flags=0x20983e44)
11-17 22:31:58.010  1642  1888 I PackageManager: Un-granting permission android.permission.BIND_REMOTEVIEWS from package ru.vtb24.mobilebanking.android (protectionLevel=18 flags=0x20d83e44)
11-17 22:31:58.010  1642  1888 I PackageManager: Un-granting permission android.permission.REQUEST_INSTALL_PACKAGES from package ru.vtb24.mobilebanking.android (protectionLevel=66 flags=0x20d83e44)
11-17 22:31:58.012  1642  1888 I PackageManager: Un-granting permission android.permission.MANAGE_DOCUMENTS from package com.oneplus.gallery (protectionLevel=262146 flags=0x30d83ec5)
11-17 22:31:58.012  1642  1888 I PackageManager: Un-granting permission android.permission.BIND_JOB_SERVICE from package com.oneplus.gallery (protectionLevel=2 flags=0x30d83ec5)
11-17 22:31:58.012  1642  1888 I PackageManager: Un-granting permission android.permission.REQUEST_INSTALL_PACKAGES from package com.bitstrips.imoji (protectionLevel=66 flags=0x30d83e44)
11-17 22:31:58.014  1642  1888 I PackageManager: Un-granting permission android.permission.INTERACT_ACROSS_USERS_FULL from package se.dirac.acs (protectionLevel=258 flags=0x30c83e4d)
11-17 22:31:58.015  1642  1888 I PackageManager: Un-granting permission android.permission.REQUEST_INSTALL_PACKAGES from package com.google.android.gm (protectionLevel=66 flags=0x28dbbec5)
11-17 22:31:58.016  1642  1888 I PackageManager: Un-granting permission android.permission.STATUS_BAR from package com.google.android.apps.tachyon (protectionLevel=18 flags=0x30c9bec5)
11-17 22:31:58.016  1642  1888 I PackageManager: Un-granting permission android.permission.STOP_APP_SWITCHES from package com.google.android.apps.tachyon (protectionLevel=18 flags=0x30c9bec5)
11-17 22:31:58.018  1642  1888 I PackageManager: Un-granting permission android.permission.SYSTEM_ALERT_WINDOW from package com.softissimo.reverso.context (protectionLevel=1250 flags=0x38d83e44)
11-17 22:31:58.019  1642  1888 I PackageManager: Un-granting permission android.permission.READ_LOGS from package com.wildberries.ru (protectionLevel=50 flags=0x20d8be44)
11-17 22:31:58.020  1642  1888 I PackageManager: Un-granting permission android.permission.MANAGE_ROLE_HOLDERS from package com.google.android.apps.wellbeing (protectionLevel=258 flags=0x20cbbec5)
11-17 22:31:58.020  1642  1888 I PackageManager: Un-granting permission android.permission.SYSTEM_ALERT_WINDOW from package videoeditor.videorecorder.screenrecorder (protectionLevel=1250 flags=0x2088be44)
11-17 22:31:58.020  1642  1888 I PackageManager: Un-granting permission android.permission.READ_LOGS from package videoeditor.videorecorder.screenrecorder (protectionLevel=50 flags=0x2088be44)
11-17 22:31:58.020  1642  1888 I PackageManager: Un-granting permission android.permission.PACKAGE_USAGE_STATS from package videoeditor.videorecorder.screenrecorder (protectionLevel=114 flags=0x2088be44)
11-17 22:31:58.020  1642  1888 I PackageManager: Un-granting permission android.permission.WRITE_SETTINGS from package com.programmisty.emiasapp (protectionLevel=1218 flags=0x30083e44)
11-17 22:31:58.021  1642  1888 I PackageManager: Un-granting permission android.permission.REQUEST_INSTALL_PACKAGES from package com.mummy.happy_mama (protectionLevel=66 flags=0x20c8be44)
11-17 22:31:58.021  1642  1888 I PackageManager: Un-granting permission android.permission.REQUEST_INSTALL_PACKAGES from package com.google.android.apps.docs (protectionLevel=66 flags=0x28cbbec5)
11-17 22:31:58.023  1642  1888 I PackageManager: Un-granting permission android.permission.REQUEST_INSTALL_PACKAGES from package com.android.chrome (protectionLevel=66 flags=0xa0cbbec5)
11-17 22:31:58.024  1642  1888 I PackageManager: Un-granting permission android.permission.INTERACT_ACROSS_USERS_FULL from package com.android.dialer (protectionLevel=258 flags=0x20c8be45)
11-17 22:31:58.025  1642  1888 I PackageManager: Un-granting permission android.permission.CAPTURE_VIDEO_OUTPUT from package com.google.android.gms (protectionLevel=2 flags=0xa0cabec5)
11-17 22:31:58.026  1642  1888 I PackageManager: Un-granting permission android.permission.MANAGE_DEVICE_ADMINS from package com.google.android.gms (protectionLevel=2 flags=0xa0cabec5)
11-17 22:31:58.026  1642  1888 I PackageManager: Un-granting permission android.permission.MANAGE_ACTIVITY_STACKS from package com.google.android.gms (protectionLevel=2 flags=0xa0cabec5)
11-17 22:31:58.026  1642  1888 I PackageManager: Un-granting permission android.permission.CAPTURE_SECURE_VIDEO_OUTPUT from package com.google.android.gms (protectionLevel=2 flags=0xa0cabec5)
11-17 22:31:58.026  1642  1888 I PackageManager: Un-granting permission android.permission.MANAGE_ROLLBACKS from package com.google.android.gms (protectionLevel=514 flags=0xa0cabec5)
11-17 22:31:58.027  1642  1888 I PackageManager: Un-granting permission android.permission.HIDE_NON_SYSTEM_OVERLAY_WINDOWS from package com.google.android.gms (protectionLevel=258 flags=0xa0cabec5)
11-17 22:31:58.029  1642  1888 I PackageManager: Un-granting permission android.permission.WRITE_SETTINGS from package com.sonyericsson.extras.liveware (protectionLevel=1218 flags=0x30483e44)
11-17 22:31:58.029  1642  1888 I PackageManager: Un-granting permission android.permission.MODIFY_PHONE_STATE from package com.sonyericsson.extras.liveware (protectionLevel=18 flags=0x30483e44)
11-17 22:31:58.029  1642  1888 I PackageManager: Un-granting permission android.permission.WRITE_SECURE_SETTINGS from package com.sonyericsson.extras.liveware (protectionLevel=50 flags=0x30483e44)
11-17 22:31:58.030  1642  1888 I PackageManager: Un-granting permission com.google.android.googleapps.permission.GOOGLE_AUTH from package com.google.android.videos (protectionLevel=2 flags=0x20dbbec5)
11-17 22:31:58.031  1642  1888 I PackageManager: Un-granting permission android.permission.WRITE_MEDIA_STORAGE from package com.google.android.apps.photos (protectionLevel=18 flags=0x38d9bec5)
11-17 22:31:58.031  1642  1888 I PackageManager: Un-granting permission android.permission.INTERACT_ACROSS_PROFILES from package com.google.android.calendar (protectionLevel=18 flags=0x30cbbec5)
11-17 22:31:58.032  1642  1888 I PackageManager: Un-granting permission android.permission.INTERACT_ACROSS_USERS from package com.google.android.documentsui (protectionLevel=50 flags=0x30c9bec5)
11-17 22:31:58.032  1642  1888 I PackageManager: Un-granting permission android.permission.MODIFY_QUIET_MODE from package com.google.android.documentsui (protectionLevel=18 flags=0x30c9bec5)
11-17 22:31:58.034  1642  1888 I PackageManager: Un-granting permission android.permission.REQUEST_INSTALL_PACKAGES from package com.idamob.tinkoff.android (protectionLevel=66 flags=0x30983e44)
11-17 22:31:58.034  1642  1888 I PackageManager: Un-granting permission android.permission.REQUEST_INSTALL_PACKAGES from package org.mozilla.firefox (protectionLevel=66 flags=0x38c83e44)
11-17 22:31:58.035  1642  1888 I PackageManager: Un-granting permission android.permission.MANAGE_DOCUMENTS from package ru.advisa.smartsms (protectionLevel=262146 flags=0x30983e44)
11-17 22:31:58.035  1642  1888 I PackageManager: Un-granting permission android.permission.REQUEST_INSTALL_PACKAGES from package ru.advisa.smartsms (protectionLevel=66 flags=0x30983e44)
11-17 22:31:58.035  1642  1888 I PackageManager: Un-granting permission android.permission.SYSTEM_ALERT_WINDOW from package ru.vtb.invest (protectionLevel=1250 flags=0x28983e44)
11-17 22:31:58.036  1642  1888 I PackageManager: Un-granting permission android.permission.SYSTEM_ALERT_WINDOW from package com.avito.android (protectionLevel=1250 flags=0x30983e44)
11-17 22:31:58.036  1642  1888 I PackageManager: Un-granting permission android.permission.WRITE_SETTINGS from package com.avito.android (protectionLevel=1218 flags=0x30983e44)
11-17 22:31:58.036  1642  1888 I PackageManager: Un-granting permission com.google.android.finsky.permission.GEARHEAD_SERVICE from package com.google.android.projection.gearhead (protectionLevel=18 flags=0x388bbec5)
11-17 22:31:58.036  1642  1888 I PackageManager: Un-granting permission android.permission.CHANGE_COMPONENT_ENABLED_STATE from package com.google.android.projection.gearhead (protectionLevel=18 flags=0x388bbec5)
11-17 22:31:58.036  1642  1888 I PackageManager: Un-granting permission android.permission.UPDATE_APP_OPS_STATS from package com.google.android.projection.gearhead (protectionLevel=274 flags=0x388bbec5)
11-17 22:31:58.036  1642  1888 I PackageManager: Un-granting permission android.permission.INTERACT_ACROSS_PROFILES from package com.google.android.projection.gearhead (protectionLevel=18 flags=0x388bbec5)
11-17 22:31:58.037  1642  1888 I PackageManager: Un-granting permission android.permission.WRITE_SETTINGS from package com.dubox.drive (protectionLevel=1218 flags=0x20983e44)
11-17 22:31:58.037  1642  1888 I PackageManager: Un-granting permission android.permission.SYSTEM_ALERT_WINDOW from package com.dubox.drive (protectionLevel=1250 flags=0x20983e44)
11-17 22:31:58.037  1642  1888 I PackageManager: Un-granting permission android.permission.REQUEST_INSTALL_PACKAGES from package com.dubox.drive (protectionLevel=66 flags=0x20983e44)
11-17 22:31:58.038  1642  1888 I PackageManager: Un-granting permission android.permission.CLEAR_APP_CACHE from package com.piriform.ccleaner (protectionLevel=18 flags=0x20d83e44)
11-17 22:31:58.038  1642  1888 I PackageManager: Un-granting permission android.permission.PACKAGE_USAGE_STATS from package com.piriform.ccleaner (protectionLevel=114 flags=0x20d83e44)
11-17 22:31:58.038  1642  1888 I PackageManager: Un-granting permission android.permission.WRITE_SETTINGS from package com.piriform.ccleaner (protectionLevel=1218 flags=0x20d83e44)
11-17 22:31:58.039  1642  1888 I PackageManager: Un-granting permission android.permission.INTERACT_ACROSS_USERS_FULL from package com.oneplus.contacts (protectionLevel=258 flags=0x20c8be45)
11-17 22:31:58.040  1642  1888 I PackageManager: Un-granting permission android.permission.REQUEST_INSTALL_PACKAGES from package com.tasnim.backgrounderaser (protectionLevel=66 flags=0x28d8be44)
11-17 22:31:58.041  1642  1888 I PackageManager: Un-granting permission android.permission.WRITE_SETTINGS from package ru.mail.mailapp (protectionLevel=1218 flags=0x28883e44)
11-17 22:31:58.041  1642  1888 I PackageManager: Un-granting permission android.permission.REQUEST_INSTALL_PACKAGES from package ru.mail.mailapp (protectionLevel=66 flags=0x28883e44)
11-17 22:31:58.041  1642  1888 I PackageManager: Un-granting permission android.permission.SYSTEM_ALERT_WINDOW from package com.atlassian.android.jira.core (protectionLevel=1250 flags=0x20983e44)
11-17 22:31:58.041  1642  1888 I PackageManager: Un-granting permission android.permission.INTERACT_ACROSS_USERS_FULL from package com.oneplus.camera (protectionLevel=258 flags=0x30d83e45)
11-17 22:31:58.042  1642  1888 I PackageManager: Un-granting permission android.permission.WRITE_SETTINGS from package ru.sberbankmobile (protectionLevel=1218 flags=0x30983c44)
11-17 22:31:58.043  1642  1888 I PackageManager: Un-granting permission android.permission.WRITE_EMBEDDED_SUBSCRIPTIONS from package ru.sberbankmobile (protectionLevel=50 flags=0x30983c44)
11-17 22:31:58.043  1642  1888 I PackageManager: Un-granting permission android.permission.READ_LOGS from package ru.sberbankmobile (protectionLevel=50 flags=0x30983c44)
11-17 22:31:58.043  1642  1888 I PackageManager: Un-granting permission android.permission.SYSTEM_ALERT_WINDOW from package ru.sberbankmobile (protectionLevel=1250 flags=0x30983c44)
11-17 22:31:58.043  1642  1888 I PackageManager: Un-granting permission android.permission.REQUEST_INSTALL_PACKAGES from package ru.sberbankmobile (protectionLevel=66 flags=0x30983c44)
11-17 22:31:58.043  1642  1888 I PackageManager: Un-granting permission android.permission.INTERACT_ACROSS_PROFILES from package com.google.android.inputmethod.latin (protectionLevel=18 flags=0x20cabec5)
11-17 22:31:58.135  1642  1888 W PackageSettings: Skipping PackageSetting{12148be com.camerasideas.instashot/10356} due to missing metadata
11-17 22:31:58.170  1642  6829 W ActivityManager: Slow operation: 359ms so far, now at getContentProviderImpl: before checkContentProviderPermission
11-17 22:31:58.170  1642  6829 W ActivityManager: Slow operation: 359ms so far, now at getContentProviderImpl: after checkContentProviderPermission
11-17 22:31:58.170  1642  6829 W ActivityManager: Slow operation: 359ms so far, now at getContentProviderImpl: incProviderCountLocked
11-17 22:31:58.170  1642  6829 W ActivityManager: Slow operation: 359ms so far, now at getContentProviderImpl: before updateLruProcess
11-17 22:31:58.171  1642  6829 W ActivityManager: Slow operation: 359ms so far, now at getContentProviderImpl: after updateLruProcess
11-17 22:31:58.171  1642  6829 W ActivityManager: Slow operation: 359ms so far, now at getContentProviderImpl: before updateOomAdj
11-17 22:31:58.178  1642  6829 W ActivityManager: Slow operation: 367ms so far, now at getContentProviderImpl: after updateOomAdj
11-17 22:31:58.179  1642  6829 W ActivityManager: Slow operation: 367ms so far, now at getContentProviderImpl: done!
11-17 22:31:58.179  1642  1793 W Looper  : Slow dispatch took 421ms android.ui h=com.android.server.am.ActivityManagerService$UiHandler c=null m=53
11-17 22:31:58.179  1642  1642 W Looper  : Slow dispatch took 367ms main h=com.android.server.job.JobSchedulerService$JobHandler c=null m=5
11-17 22:31:58.179  1642  1793 W Looper  : Slow delivery took 411ms android.ui h=com.android.server.am.ActivityManagerService$UiHandler c=null m=32
11-17 22:31:58.197  1642  1795 W ActivityManager: setHasOverlayUi called on unknown pid: 30476
11-17 22:31:58.216  1642  1888 I ActivityManager: Force stopping com.android.todolist appid=10470 user=0: pkg removed
11-17 22:31:58.258  1642  1813 W BroadcastQueue: Background execution not allowed: receiving Intent { act=android.intent.action.PACKAGE_REMOVED dat=package:com.android.todolist flg=0x4000010 (has extras) } to com.android.settings/com.oneplus.settings.receiver.SettingsReceiver
11-17 22:31:58.278  1642  1813 W BroadcastQueue: Background execution not allowed: receiving Intent { act=android.intent.action.PACKAGE_REMOVED dat=package:com.android.todolist flg=0x4000010 (has extras) } to com.android.vending/com.google.android.finsky.packagemanager.impl.PackageMonitorReceiverImpl$RegisteredReceiver
11-17 22:31:58.279  1642  1813 W BroadcastQueue: Background execution not allowed: receiving Intent { act=android.intent.action.PACKAGE_REMOVED dat=package:com.android.todolist flg=0x4000010 (has extras) } to com.android.vending/com.google.android.finsky.instantapps.appmanagement.InstantAppRemoveMonitor
11-17 22:31:58.279  1642  1813 W BroadcastQueue: Background execution not allowed: receiving Intent { act=android.intent.action.PACKAGE_REMOVED dat=package:com.android.todolist flg=0x4000010 (has extras) } to com.google.android.apps.maps/com.google.android.libraries.social.peoplekit.thirdparty.viewcontrollers.ThirdPartyReceiver
11-17 22:31:58.280  1642  1813 W BroadcastQueue: Background execution not allowed: receiving Intent { act=android.intent.action.PACKAGE_REMOVED dat=package:com.android.todolist flg=0x4000010 (has extras) } to com.google.android.apps.photos/com.google.android.libraries.social.peoplekit.thirdparty.viewcontrollers.ThirdPartyReceiver
11-17 22:31:58.280  1642  1813 W BroadcastQueue: Background execution not allowed: receiving Intent { act=android.intent.action.PACKAGE_REMOVED dat=package:com.android.todolist flg=0x4000010 (has extras) } to com.google.android.gms/.games.chimera.GamesSystemBroadcastReceiverProxy
11-17 22:31:58.281  1642  1813 W BroadcastQueue: Background execution not allowed: receiving Intent { act=android.intent.action.PACKAGE_REMOVED dat=package:com.android.todolist flg=0x4000010 (has extras) } to com.google.android.gms/.chimera.GmsIntentOperationService$PersistentTrustedReceiver
11-17 22:31:58.281  1642  1813 W BroadcastQueue: Background execution not allowed: receiving Intent { act=android.intent.action.PACKAGE_REMOVED dat=package:com.android.todolist flg=0x4000010 (has extras) } to com.google.android.googlequicksearchbox/com.google.android.apps.gsa.googlequicksearchbox.GelStubAppWatcher
11-17 22:31:58.281  1642  1813 W BroadcastQueue: Background execution not allowed: receiving Intent { act=android.intent.action.PACKAGE_REMOVED dat=package:com.android.todolist flg=0x4000010 (has extras) } to com.oneplus.security/.receiver.AppListenerReceiver
11-17 22:31:58.281  1642  1813 W BroadcastQueue: Background execution not allowed: receiving Intent { act=android.intent.action.PACKAGE_REMOVED dat=package:com.android.todolist flg=0x4000010 (has extras) } to com.oneplus.note/.service.UninstallReceiver
11-17 22:31:58.281  1642  1813 W BroadcastQueue: Background execution not allowed: receiving Intent { act=android.intent.action.PACKAGE_REMOVED dat=package:com.android.todolist flg=0x4000010 (has extras) } to com.vkontakte.android/ru.mail.libverify.utils.PackageStateReceiver
11-17 22:31:58.281  1642  1813 W BroadcastQueue: Background execution not allowed: receiving Intent { act=android.intent.action.PACKAGE_REMOVED dat=package:com.android.todolist flg=0x4000010 (has extras) } to net.oneplus.widget/.appwidget.WeatherExistReceiver
11-17 22:31:58.282  1642  1813 W BroadcastQueue: Background execution not allowed: receiving Intent { act=android.intent.action.PACKAGE_REMOVED dat=package:com.android.todolist flg=0x4000010 (has extras) } to ru.mail.mailapp/ru.mail.libverify.utils.PackageStateReceiver
11-17 22:31:58.282  1642  1813 W BroadcastQueue: Background execution not allowed: receiving Intent { act=android.intent.action.PACKAGE_REMOVED dat=package:com.android.todolist flg=0x4000010 (has extras) } to ru.sberbankmobile/com.kavsdk.AppInstallationReceiver
11-17 22:31:58.282  1642  1813 W BroadcastQueue: Background execution not allowed: receiving Intent { act=android.intent.action.PACKAGE_REMOVED dat=package:com.android.todolist flg=0x4000010 (has extras) } to ru.vtb24.mobilebanking.android/com.kavsdk.AppInstallationReceiver
11-17 22:31:58.296  1642  1793 W Looper  : Drained
11-17 22:31:58.326  1642  1814 I ActivityManager: Start proc 31446:com.android.keychain/1000 for service {com.android.keychain/com.android.keychain.KeyChainService}
11-17 22:31:58.337  1642  1814 I ActivityManager: Start proc 31448:net.oneplus.provider.appcategoryprovider/u0a112 for content provider {net.oneplus.provider.appcategoryprovider/net.oneplus.provider.appcategoryprovider.AppCategoryContentProvider}
11-17 22:31:58.521  1642  1813 W BroadcastQueue: Background execution not allowed: receiving Intent { act=android.intent.action.PACKAGE_ADDED dat=package:com.android.todolist flg=0x4000010 (has extras) } to com.google.android.packageinstaller/com.android.packageinstaller.PackageInstalledReceiver
11-17 22:31:58.528  1642  1813 W BroadcastQueue: Background execution not allowed: receiving Intent { act=android.intent.action.PACKAGE_ADDED dat=package:com.android.todolist flg=0x4000010 (has extras) } to com.android.settings/com.oneplus.settings.receiver.SettingsReceiver
11-17 22:31:58.539  1642  1813 W BroadcastQueue: Background execution not allowed: receiving Intent { act=android.intent.action.PACKAGE_ADDED dat=package:com.android.todolist flg=0x4000010 (has extras) } to com.android.vending/com.google.android.finsky.packagemanager.impl.PackageMonitorReceiverImpl$RegisteredReceiver
11-17 22:31:58.539  1642  1813 W BroadcastQueue: Background execution not allowed: receiving Intent { act=android.intent.action.PACKAGE_ADDED dat=package:com.android.todolist flg=0x4000010 (has extras) } to com.google.android.gms/.games.chimera.GamesSystemBroadcastReceiverProxy
11-17 22:31:58.540  1642  1813 W BroadcastQueue: Background execution not allowed: receiving Intent { act=android.intent.action.PACKAGE_ADDED dat=package:com.android.todolist flg=0x4000010 (has extras) } to com.google.android.gms/.gass.chimera.PackageChangeBroadcastReceiver
11-17 22:31:58.545  1642  1813 W BroadcastQueue: Background execution not allowed: receiving Intent { act=android.intent.action.PACKAGE_ADDED dat=package:com.android.todolist flg=0x4000010 (has extras) } to com.google.android.gms/.chimera.GmsIntentOperationService$PersistentTrustedReceiver
11-17 22:31:58.545  1642  1813 W BroadcastQueue: Background execution not allowed: receiving Intent { act=android.intent.action.PACKAGE_ADDED dat=package:com.android.todolist flg=0x4000010 (has extras) } to com.google.android.googlequicksearchbox/com.google.android.apps.gsa.googlequicksearchbox.GelStubAppWatcher
11-17 22:31:58.545  1642  1813 W BroadcastQueue: Background execution not allowed: receiving Intent { act=android.intent.action.PACKAGE_ADDED dat=package:com.android.todolist flg=0x4000010 (has extras) } to com.oneplus.security/.receiver.AppListenerReceiver
11-17 22:31:58.546  1642  1813 W BroadcastQueue: Background execution not allowed: receiving Intent { act=android.intent.action.PACKAGE_ADDED dat=package:com.android.todolist flg=0x4000010 (has extras) } to com.piriform.ccleaner/com.avast.android.cleaner.receiver.AppInstallMonitorReceiver
11-17 22:31:58.546  1642  1813 W BroadcastQueue: Background execution not allowed: receiving Intent { act=android.intent.action.PACKAGE_ADDED dat=package:com.android.todolist flg=0x4000010 (has extras) } to net.oneplus.widget/.appwidget.WeatherExistReceiver
11-17 22:31:58.546  1642  1813 W BroadcastQueue: Background execution not allowed: receiving Intent { act=android.intent.action.PACKAGE_ADDED dat=package:com.android.todolist flg=0x4000010 (has extras) } to ru.sberbankmobile/com.kavsdk.AppInstallationReceiver
11-17 22:31:58.549  1642  1813 W BroadcastQueue: Background execution not allowed: receiving Intent { act=android.intent.action.PACKAGE_ADDED dat=package:com.android.todolist flg=0x4000010 (has extras) } to ru.vtb24.mobilebanking.android/com.kavsdk.AppInstallationReceiver
11-17 22:31:58.605  1642  2866 W BroadcastQueue: Background execution not allowed: receiving Intent { act=android.intent.action.PACKAGE_REPLACED dat=package:com.android.todolist flg=0x4000010 (has extras) } to com.google.android.apps.photos/.account.full.FetchAccountPropertiesAppUpgradeBroadcastReceiver
11-17 22:31:58.608  1642  1813 W BroadcastQueue: Background execution not allowed: receiving Intent { act=android.intent.action.PACKAGE_REPLACED dat=package:com.android.todolist flg=0x4000010 (has extras) } to com.google.android.apps.photos/.account.full.SyncAccountsForLoginBroadcastReceiver
11-17 22:31:58.608  1642  1813 W BroadcastQueue: Background execution not allowed: receiving Intent { act=android.intent.action.PACKAGE_REPLACED dat=package:com.android.todolist flg=0x4000010 (has extras) } to com.google.android.apps.photos/.notificationchannels.AppUpdateBroadcastReceiver
11-17 22:31:58.609  1642  1813 W BroadcastQueue: Background execution not allowed: receiving Intent { act=android.intent.action.PACKAGE_REPLACED dat=package:com.android.todolist flg=0x4000010 (has extras) } to com.google.android.gms/.gass.chimera.PackageChangeBroadcastReceiver
11-17 22:31:58.609  1642  1813 W BroadcastQueue: Background execution not allowed: receiving Intent { act=android.intent.action.PACKAGE_REPLACED dat=package:com.android.todolist flg=0x4000010 (has extras) } to com.google.android.gms/.chimera.GmsIntentOperationService$PersistentTrustedReceiver
11-17 22:31:58.611  1642  1813 W BroadcastQueue: Background execution not allowed: receiving Intent { act=android.intent.action.PACKAGE_REPLACED dat=package:com.android.todolist flg=0x4000010 (has extras) } to com.google.android.googlequicksearchbox/com.google.android.apps.gsa.googlequicksearchbox.GelStubAppWatcher
11-17 22:31:58.611  1642  1813 W BroadcastQueue: Background execution not allowed: receiving Intent { act=android.intent.action.PACKAGE_REPLACED dat=package:com.android.todolist flg=0x4000010 (has extras) } to com.piriform.ccleaner/com.avast.android.cleaner.receiver.AppInstallMonitorReceiver
11-17 22:31:58.611  1642  1813 W BroadcastQueue: Background execution not allowed: receiving Intent { act=android.intent.action.PACKAGE_REPLACED dat=package:com.android.todolist flg=0x4000010 (has extras) } to com.vkontakte.android/ru.mail.libverify.utils.PackageStateReceiver
11-17 22:31:58.613  1642  1813 W BroadcastQueue: Background execution not allowed: receiving Intent { act=android.intent.action.PACKAGE_REPLACED dat=package:com.android.todolist flg=0x4000010 (has extras) } to ru.mail.mailapp/ru.mail.libverify.utils.PackageStateReceiver
11-17 22:31:58.625  1642  1813 W BroadcastQueue: Background execution not allowed: receiving Intent { act=android.intent.action.PACKAGE_REPLACED dat=package:com.android.todolist flg=0x4000010 (has extras) } to ru.sberbankmobile/com.kavsdk.AppInstallationReceiver
11-17 22:31:58.628  1642  1813 W BroadcastQueue: Background execution not allowed: receiving Intent { act=android.intent.action.PACKAGE_REPLACED dat=package:com.android.todolist flg=0x4000010 (has extras) } to ru.vtb24.mobilebanking.android/com.kavsdk.AppInstallationReceiver
11-17 22:31:58.994  1642  1642 W Looper  : Slow dispatch took 464ms main h=android.app.ActivityThread$H c=android.app.-$$Lambda$LoadedApk$ReceiverDispatcher$Args$_BumDX2UKsnxLVrE6UJsJZkotuA@3476713 m=0
11-17 22:31:58.995  1642  1642 W Looper  : Slow delivery took 480ms main h=android.app.ActivityThread$H c=android.app.-$$Lambda$LoadedApk$ReceiverDispatcher$Args$_BumDX2UKsnxLVrE6UJsJZkotuA@280dd50 m=0
11-17 22:31:59.215  1642  1642 W Looper  : Slow dispatch took 219ms main h=android.app.ActivityThread$H c=android.app.-$$Lambda$LoadedApk$ReceiverDispatcher$Args$_BumDX2UKsnxLVrE6UJsJZkotuA@32c49ca m=0
11-17 22:31:59.219  1642  1642 D OnePlusThemeController: action:android.intent.action.PACKAGE_ADDED
11-17 22:31:59.228  1642  1642 W ContextImpl: Calling a method in the system process without a qualified user: android.app.ContextImpl.sendBroadcast:1069 com.oneplus.server.theme.rtg.onReceive:442 android.app.LoadedApk$ReceiverDispatcher$Args.lambda$getRunnable$0$LoadedApk$ReceiverDispatcher$Args:1560 android.app.-$$Lambda$LoadedApk$ReceiverDispatcher$Args$_BumDX2UKsnxLVrE6UJsJZkotuA.run:2 android.os.Handler.handleCallback:883 
11-17 22:31:59.228  1642  1642 D OPBF    : pkg:com.android.todolist is installed
11-17 22:31:59.229  1642  1642 I Telecom : DefaultDialerCache: Refreshing default dialer for user 0: now com.android.dialer: DDC.oR@At4
11-17 22:31:59.247  1642  1642 V BackupManagerConstants: getFullBackupIntervalMilliseconds(...) returns 86400000
11-17 22:31:59.247  1642  1642 V BackupManagerConstants: getFullBackupRequiredNetworkType(...) returns 2
11-17 22:31:59.247  1642  1642 V BackupManagerConstants: getFullBackupRequireCharging(...) returns true
11-17 22:31:59.254  2572  2572 W ContextImpl: Calling a method in the system process without a qualified user: android.app.ContextImpl.startService:1604 android.content.ContextWrapper.startService:669 android.content.ContextWrapper.startService:669 com.oneplus.coreservice.OpThemesApkHandlerReceiver.onReceive:222 android.app.ActivityThread.handleReceiver:3901 
11-17 22:31:59.271  1642  1642 D OnePlusThemeController: action:android.intent.action.PACKAGE_REPLACED
11-17 22:31:59.271  1642  1642 W ContextImpl: Calling a method in the system process without a qualified user: android.app.ContextImpl.sendBroadcast:1069 com.oneplus.server.theme.rtg.onReceive:442 android.app.LoadedApk$ReceiverDispatcher$Args.lambda$getRunnable$0$LoadedApk$ReceiverDispatcher$Args:1560 android.app.-$$Lambda$LoadedApk$ReceiverDispatcher$Args$_BumDX2UKsnxLVrE6UJsJZkotuA.run:2 android.os.Handler.handleCallback:883 
11-17 22:31:59.272  1642  1642 D OPBF    : pkg:com.android.todolist is re-installed
11-17 22:31:59.275  2572  2572 W ContextImpl: Calling a method in the system process without a qualified user: android.app.ContextImpl.startService:1604 android.content.ContextWrapper.startService:669 android.content.ContextWrapper.startService:669 com.oneplus.coreservice.OpThemesApkHandlerReceiver.onReceive:222 android.app.ActivityThread.handleReceiver:3901 
11-17 22:31:59.278  1642 10516 W ProcessStats: Tracking association SourceState{c646aab com.google.android.gms.persistent/10015 ImpFg #127439} whose proc state 2 is better than process ProcessState{d7eb9d7 com.google.android.gms/10015 pkg=com.google.android.gms} proc state 3 (15 skipped)
11-17 22:31:59.317  1642  1642 W Looper  : Drained
11-17 22:32:12.716  1642 10516 W ProcessStats: Tracking association SourceState{de48866 com.google.android.gms.persistent/10015 ImpFg #127480} whose proc state 2 is better than process ProcessState{d7eb9d7 com.google.android.gms/10015 pkg=com.google.android.gms} proc state 3 (60 skipped)
11-17 22:32:13.352  1642  2514 V AlarmManager: Triggering alarm #0: 2 when =27637109 package =android operation = null listenTag =*job.delay* flags =0x0
11-17 22:32:13.352  1642  2514 V AlarmManager: Triggering alarm #1: 3 when =27541408 package =com.whatsapp operation =*alarm*:com.whatsapp.alarm.CLIENT_PING_PERIODIC flags =0x0
11-17 22:32:13.417  1642  1814 I ActivityManager: Start proc 31449:net.oneplus.weather/u0a98 for broadcast {net.oneplus.weather/net.oneplus.weather.receiver.AlarmReceiver}
11-17 22:32:17.508  1007  1007 I wificond: wifi generation capability mask: 15
11-17 22:32:19.660  1642  2514 V AlarmManager: Triggering alarm #0: 2 when =27643417 package =android operation = null listenTag =*job.delay* flags =0x0
11-17 22:32:19.720  1642  1814 I ActivityManager: Start proc 31450:net.oneplus.widget/u0a294 for broadcast {net.oneplus.widget/net.oneplus.widget.appwidget.WeatherDataReceiver}
11-17 22:32:19.738  1642  1814 I ActivityManager: Start proc 31451:android.process.acore/u0a2 for content provider {com.android.providers.contacts/com.android.providers.contacts.ContactsProvider2}
11-17 22:32:19.763  1642  4630 D ConnectivityService: requestNetwork for uid/pid:10075/18945 NetworkRequest [ TRACK_DEFAULT id=448, [ Capabilities: INTERNET&NOT_RESTRICTED&TRUSTED Uid: 10075] ]
11-17 22:32:19.800  1642  2540 D ConnectivityService: releasing NetworkRequest [ TRACK_DEFAULT id=448, [ Capabilities: INTERNET&NOT_RESTRICTED&TRUSTED Uid: 10075] ] (release request)
11-17 22:32:19.930 31451 31451 D ActivityThread: Loading provider contacts;com.android.contacts;com.oneplus.contacts: com.android.providers.contacts.ContactsProvider2
11-17 22:32:20.962  1642  1642 W Looper  : Slow dispatch took 140ms main h=android.app.ActivityThread$H c=android.app.-$$Lambda$LoadedApk$ReceiverDispatcher$Args$_BumDX2UKsnxLVrE6UJsJZkotuA@3b91515 m=0
11-17 22:32:20.975  1642  1642 I Telecom : DefaultDialerCache: Refreshing default dialer for user 0: now com.android.dialer: DDC.oR@At8
11-17 22:32:22.594  1642  2525 I PowerManagerService: Waking up from Asleep (uid=1000, reason=WAKE_REASON_POWER_BUTTON, details=android.policy:POWER)...
11-17 22:32:22.594  1642  1642 W UsageStatsService: Event reported without a package name, eventType:15
11-17 22:32:22.594  1642  1642 I WindowManager: Started waking up... (why=ON_BECAUSE_OF_USER)
11-17 22:32:22.595  1642  1642 D OpPowerControllerService: SCREEN is OFF
11-17 22:32:22.595  1642  1642 D OpPowerControllerService: SCREEN is ON
11-17 22:32:22.595  1642  1864 I DisplayPowerController: useProximityForceSuspend = false
11-17 22:32:22.595  1642  1642 D OpPowerControllerService: screen off duration: 1710190
11-17 22:32:22.595  1642  1864 D OpColorDisplayService: screenStateChange
11-17 22:32:22.595  1642  1864 I DisplayPowerController: Blocking screen on until initial contents have been drawn.
11-17 22:32:22.596  1642  1864 I WindowManager: Screen turning on...
11-17 22:32:22.596  1642  1832 D OpColorDisplayService: processScreenOn   true
11-17 22:32:22.597  1642  1832 I OpColorDisplayService: isKeyguard =  true
11-17 22:32:22.597  1642  1832 I OpColorDisplayService: mHasFingerprint = false
11-17 22:32:22.598  1642  1832 D OpColorDisplayService: revertStatus:  colorMode = 1  customColorMode = 0   needMatrixInit = false
11-17 22:32:22.604  1642  4630 D KeyguardStateMonitor: onFingerprintStateChange , true, false, authType:2, result:1
11-17 22:32:22.604  1642  4630 D WindowManager: onKeyguardFingerprintChanged, 2, 1, 0
11-17 22:32:22.654  1642  1864 V DisplayPowerController: Brightness [76] reason changing to: 'manual', previous reason: 'screen_off'.
11-17 22:32:22.654  1642  1864 I DisplayPowerController: useProximityForceSuspend = false
11-17 22:32:22.657  1642  1795 I DisplayManagerService: Display device changed state: "Встроенный экран", ON
11-17 22:32:22.665  1642  4630 D InputMethodManagerService: Longshot requesting input be hidden, 10034
11-17 22:32:22.666  1642  1864 I DisplayPowerController: useProximityForceSuspend = false
11-17 22:32:22.666  1642  1793 D WindowManager: handleAuthStateChange, authenticating:true, authType:2, result:1, sf:false
11-17 22:32:22.669  1642  4630 D WindowManager: mKeyguardDelegate.ShowListener.onDrawn.
11-17 22:32:22.669  1642  1793 W WindowManager: Setting mKeyguardDrawComplete
11-17 22:32:22.700  1642  1795 I WindowManager: All windows ready for display!
11-17 22:32:22.700  1642  1793 W WindowManager: Setting mWindowManagerDrawComplete
11-17 22:32:22.700  1642  1793 I WindowManager: Authenticating to pending screen on
11-17 22:32:22.733  1642  1642 D OPSA    : ======BE_IMFORMED_SCREEN_ON======
11-17 22:32:22.782  1642  1642 D OPBF    : # eventChangeReceiver # onReceive # action=android.intent.action.SCREEN_ON
11-17 22:32:22.820  1642  3100 D CameraService_proxy:  notifyColorGamutEnhance activeCamera = true
11-17 22:32:22.820  1642  3100 D OpColorDisplayService: notifyCameraStatus activeCamera = true
11-17 22:32:22.820  1642  3100 D OpColorGamutManager: notifyCameraStatus activeCamera = true
11-17 22:32:22.872 30782 30782 W ContextImpl: Calling a method in the system process without a qualified user: android.app.ContextImpl.bindService:1683 android.content.ContextWrapper.bindService:705 net.oneplus.odm.DeviceManagerService.x:30 net.oneplus.odm.l.onReceive:64 android.app.LoadedApk$ReceiverDispatcher$Args.lambda$getRunnable$0$LoadedApk$ReceiverDispatcher$Args:1560 
11-17 22:32:22.873  1642  3221 W ActivityManager: Unable to start service Intent { act=com.opos.ads.ColorAppServicesManagerClient cmp=com.opos.ads/.ColorAppServicesManagerClient } U=0: not found
11-17 22:32:22.976  1642  4630 D KeyguardStateMonitor: onFingerprintStateChange , false, true, authType:2, result:4
11-17 22:32:22.977  1642  4630 D WindowManager: onKeyguardFingerprintChanged, 2, 4, 0
11-17 22:32:22.984  1642  1793 D WindowManager: handleAuthStateChange, authenticating:false, authType:2, result:4, sf:false
11-17 22:32:22.992  1642  1864 I DisplayPowerController: Unblocked screen on after 396 ms
11-17 22:32:22.992  1642  1864 I DisplayPowerController: useProximityForceSuspend = false
11-17 22:32:22.993  1642  1864 I DisplayPowerController: useProximityForceSuspend = false
11-17 22:32:22.994  1642  1864 W PowerManagerService: Screen on took 404 ms
11-17 22:32:22.995  1642  1642 I WindowManager: Finished waking up... (why=ON_BECAUSE_OF_USER)
11-17 22:32:23.023  1642  1642 V FingerprintService: startAuthentication(com.android.systemui)
11-17 22:32:23.023  1642  1642 V FingerprintService: starting client AuthenticationClientImpl(com.android.systemui) cookie: 0/0
11-17 22:32:23.024  1642  3176 D OpFingerprintService: updateStatus , 0
11-17 22:32:23.024  1642  1642 D OpFingerprintService: OIMCService is null
11-17 22:32:23.067  1642  1642 D OpFingerprintService: updateStatus , 3
11-17 22:32:23.667  1642  1642 D InputMethodManagerService: reset Longshot Blocking
11-17 22:32:24.123  1642  1864 I DisplayPowerController: useProximityForceSuspend = false
11-17 22:32:24.124  1642  1864 D DisplayPowerController: override brightness:76 to 300
11-17 22:32:25.011  1642  1864 I DisplayPowerController: useProximityForceSuspend = false
11-17 22:32:25.713  1642  1819 E BatteryExternalStatsWorker: no controller energy info supplied for bluetooth
11-17 22:32:25.747  1642  1811 D ExtBatteryStatsService: @@@@ awaitUninterruptibly in 61 ms
11-17 22:32:25.880  1642  1864 I DisplayPowerController: useProximityForceSuspend = false
11-17 22:32:26.683  1642  2540 D ConnectivityService: Blocked status changed to false for 10083(375) on netId 100
11-17 22:32:26.684  1642  2540 D ConnectivityService: Blocked status changed to false for 10083(376) on netId 100
11-17 22:32:27.858  1642  1864 I DisplayPowerController: useProximityForceSuspend = false
11-17 22:32:27.905  1642  4630 D CameraService_proxy:  notifyColorGamutEnhance activeCamera = false
11-17 22:32:27.906  1642  4630 D OpColorDisplayService: notifyCameraStatus activeCamera = false
11-17 22:32:27.906  1642  4630 D OpColorGamutManager: notifyCameraStatus activeCamera = false
11-17 22:32:29.712  1642  1819 E BatteryExternalStatsWorker: no controller energy info supplied for bluetooth
11-17 22:32:29.771  1642  1811 D ExtBatteryStatsService: @@@@ awaitUninterruptibly in 97 ms
11-17 22:32:29.772  1642  1811 D ExtBatteryStatsService: ext-flush too soon, skip
11-17 22:32:29.865  1642  4630 D LockSettingsService: VerifyCredential return when not Synthetic, 0
11-17 22:32:29.904  1642  4630 I LockSettingsService: Unlocking user 0 with token length 69
11-17 22:32:29.907  1642  4630 I LockSettingsService: resetLockout
11-17 22:32:30.027  1642  3100 I OpAppLocker: setKeyguardDone true
11-17 22:32:30.028  1642  3100 I OpAppLocker: setKeyguardDone true
11-17 22:32:30.029  2572  2613 I OIMC    : notified , mode FingerPrintMode changeTo 2
11-17 22:32:30.029  2572  2619 I OIMC_CORE: handleMessage:   MODE_EXIT, arg1: 0, arg2: 0, obj: com.oneplus.server.oimc.gwy@ffccf66
11-17 22:32:30.029  2572  2619 I OIMC_CORE: The mode: FingerPrintMode is not entered
11-17 22:32:30.030  1642  3176 D ActivityTaskManager: Top Process State changed to PROCESS_STATE_TOP
11-17 22:32:30.032  1642  1851 D OPDOM   : performDexOpt end for SCREEN OFF sucessed: false
11-17 22:32:30.032  1642  3176 D OemSceneModeActivityStack: [scene] evaluateGameModes :  gameMsg.arg1=0 gameMsg.arg2=1
11-17 22:32:30.033  1642  3176 D OpQuickReply: setQuickReplyResumed focusedApp AppWindowToken{dc1013f token=Token{e48f95e ActivityRecord{5195299 u0 net.oneplus.launcher/.Launcher t56777}}} pkgName net.oneplus.launcher
11-17 22:32:30.036  1642  1642 V FingerprintService: Stopping client com.android.systemui, fromClient: true
11-17 22:32:30.052  1642  2557 D FingerprintService: onError, 538525712384, 5, 0
11-17 22:32:30.066  1642  4630 I OemSceneModeAmHelper: [scene] handleShowOrOccludedChanged showing false, occluded false
11-17 22:32:30.072  1642  1795 W UsageStatsService: Event reported without a package name, eventType:18
11-17 22:32:30.072  1642  1795 V UsbDeviceManager: onKeyguardStateChanged: isShowing:false secure:true user:0
11-17 22:32:30.091  1642  2540 D ConnectivityService: Blocked status changed to true for 10083(375) on netId 100
11-17 22:32:30.096  1642  2540 D ConnectivityService: Blocked status changed to true for 10083(376) on netId 100
11-17 22:32:30.116  1642  1642 V FingerprintService: handleError(client=com.android.systemui, error = 5)
11-17 22:32:30.116  1642  1642 V FingerprintService: Done with client: com.android.systemui
11-17 22:32:30.120  2572  2613 I OIMC    : notified , mode ColorReadMode changeTo 2
11-17 22:32:30.120  2572  2619 I OIMC_CORE: handleMessage:   MODE_EXIT, arg1: 0, arg2: 0, obj: com.oneplus.server.oimc.gwy@4b992a7
11-17 22:32:30.120  2572  2619 I OIMC_CORE: The mode: ColorReadMode is not entered
11-17 22:32:30.122  2572  2613 I OIMC    : notified , mode ReadMode changeTo 2
11-17 22:32:30.122  2572  2619 I OIMC_CORE: handleMessage:   MODE_EXIT, arg1: 0, arg2: 0, obj: com.oneplus.server.oimc.gwy@1dc8354
11-17 22:32:30.122  2572  2619 I OIMC_CORE: The mode: ReadMode is not entered
11-17 22:32:30.123  2572  2613 I OIMC    : notified , mode GameMode changeTo 2
11-17 22:32:30.123  2572  2619 I OIMC_CORE: handleMessage:   MODE_EXIT, arg1: 0, arg2: 0, obj: com.oneplus.server.oimc.gwy@1dfb2fd
11-17 22:32:30.123  2572  2619 I OIMC_CORE: The mode: GameMode is not entered
11-17 22:32:30.133  1642  1813 W BroadcastQueue: Background execution not allowed: receiving Intent { act=android.intent.action.USER_PRESENT flg=0x24200010 } to com.oneplus.camera.service/.CameraBroadcastReceiver
11-17 22:32:30.133  1642  1813 W BroadcastQueue: Background execution not allowed: receiving Intent { act=android.intent.action.USER_PRESENT flg=0x24200010 } to com.android.chrome/org.chromium.chrome.browser.sharing.click_to_call.ClickToCallMessageHandler$PhoneUnlockedReceiver
11-17 22:32:30.133  1642  1813 W BroadcastQueue: Background execution not allowed: receiving Intent { act=android.intent.action.USER_PRESENT flg=0x24200010 } to com.google.android.gms/.auth.setup.devicesignals.LockScreenReceiver
11-17 22:32:30.133  1642  1813 W BroadcastQueue: Background execution not allowed: receiving Intent { act=android.intent.action.USER_PRESENT flg=0x24200010 } to com.google.android.gms/.chimera.GmsIntentOperationService$PersistentTrustedReceiver
11-17 22:32:30.151  2674  2674 D FingerprintManager: sendErrorResult: 5, 5, 0
11-17 22:32:30.151  1642  3100 D KeyguardStateMonitor: onFingerprintStateChange , false, false, authType:1, result:5
11-17 22:32:30.152  1642  1811 E OHPD    : [BgDetect] AppForkedProc kworker/3:0 pid 32692 uid 0 can't find pkgName
11-17 22:32:30.152  1642  1811 E OHPD    : [BgDetect] AppForkedProc kworker/u16:12 pid 32730 uid 0 can't find pkgName
11-17 22:32:30.178  1642  1813 W BroadcastQueue: Background execution not allowed: receiving Intent { act=android.intent.action.USER_PRESENT flg=0x24200010 } to com.instagram.android/com.instagram.push.FbnsInitBroadcastReceiver
11-17 22:32:30.534  1642  1642 V SettingsProvider: Notifying for 0: content://settings/system/rading_mode_status_auto
11-17 22:32:30.535  2572  2613 I OIMC    : notified , mode ColorReadMode changeTo 2
11-17 22:32:30.536  2572  2619 I OIMC_CORE: handleMessage:   MODE_EXIT, arg1: 0, arg2: 0, obj: com.oneplus.server.oimc.gwy@1767bf2
11-17 22:32:30.536  2572  2619 I OIMC_CORE: The mode: ColorReadMode is not entered
11-17 22:32:30.536  2572  2613 I OIMC    : notified , mode ReadMode changeTo 2
11-17 22:32:30.536  2572  2619 I OIMC_CORE: handleMessage:   MODE_EXIT, arg1: 0, arg2: 0, obj: com.oneplus.server.oimc.gwy@862b243
11-17 22:32:30.536  2572  2619 I OIMC_CORE: The mode: ReadMode is not entered
11-17 22:32:30.537  1642  1642 V SettingsProvider: Notifying for 0: content://settings/system/rading_mode_status_auto
11-17 22:32:33.406  1642  3100 I ActivityTaskManager: START u0 {act=android.intent.action.MAIN cat=[android.intent.category.LAUNCHER] flg=0x10200000 cmp=com.android.todolist/.MainActivity bnds=[32,1092][235,1406]} from uid 10075 pid 18945
11-17 22:32:33.427  1642  1795 D OpRestartProcessManager: updateSelf :  com.android.todolist, size : 30
11-17 22:32:33.443  1642  1814 I ActivityManager: Start proc 32568:com.android.todolist/u0a470 for activity {com.android.todolist/com.android.todolist.MainActivity}
11-17 22:32:33.486  1642  3100 D OemSceneModeActivityStack: [scene] evaluateGameModes :  gameMsg.arg1=0 gameMsg.arg2=1
11-17 22:32:33.486  1642  3100 D OpQuickReply: setQuickReplyResumed focusedApp AppWindowToken{d757d36 token=Token{5c89ed1 ActivityRecord{17129f8 u0 com.android.todolist/.MainActivity t56807}}} pkgName com.android.todolist
11-17 22:32:33.494  1642  1795 D Foreground_io: TOP_APP is ProcessRecord{49c4d3c 32568:com.android.todolist/u0a470} uid is 10470
11-17 22:32:33.494  1642  1482 D Foreground_io: Setting fg uid
11-17 22:32:33.495  1642  1482 D Foreground_io: Done
11-17 22:32:33.665  1642  2514 V AlarmManager: Triggering alarm #0: 2 when =27657423 package =com.google.android.gms operation =*walarm*:com.google.android.location.ALARM_WAKEUP_LOCATOR flags =0x1
11-17 22:32:33.987  1642  1642 V SettingsProvider: Notifying for 0: content://settings/system/rading_mode_status_auto
11-17 22:32:33.989  2572  2613 I OIMC    : notified , mode ColorReadMode changeTo 2
11-17 22:32:33.989  2572  2619 I OIMC_CORE: handleMessage:   MODE_EXIT, arg1: 0, arg2: 0, obj: com.oneplus.server.oimc.gwy@72880c0
11-17 22:32:33.989  2572  2619 I OIMC_CORE: The mode: ColorReadMode is not entered
11-17 22:32:33.990  2572  2613 I OIMC    : notified , mode ReadMode changeTo 2
11-17 22:32:33.990  2572  2619 I OIMC_CORE: handleMessage:   MODE_EXIT, arg1: 0, arg2: 0, obj: com.oneplus.server.oimc.gwy@7f981f9
11-17 22:32:33.990  2572  2619 I OIMC_CORE: The mode: ReadMode is not entered
11-17 22:32:33.990  1642  1642 V SettingsProvider: Notifying for 0: content://settings/system/rading_mode_status_auto
11-17 22:32:34.127  1642  1819 E BatteryExternalStatsWorker: no controller energy info supplied for bluetooth
11-17 22:32:34.149  1642  1811 D ExtBatteryStatsService: @@@@ awaitUninterruptibly in 30 ms
11-17 22:32:34.150  1642  1811 D ExtBatteryStatsService: ext-flush too soon, skip
11-17 22:32:34.152  1642  1811 D ExtBatteryStatsService: ext-flush too soon, skip
11-17 22:32:34.190  1007  1007 I wificond: wifi generation capability mask: 15
11-17 22:32:35.617  1642 10516 I ActivityTaskManager: START u0 {cmp=com.android.todolist/.ListActivity (has extras)} from uid 10470 pid 32568
11-17 22:32:35.669  1642  1795 D OpRestartProcessManager: updateSelf :  com.android.todolist, size : 30
11-17 22:32:35.669  1642 10516 I ActivityTaskManager: The Process com.android.todolist Already Exists in BG. So sending its PID: 32568
