11-17 22:32:27.758 30957 31266 D SenseTimeFaceEngine: onExtractFeatureAndCompare() - Verify score: 0.49351435899734497
11-17 22:32:27.758 30957 31266 D SenseTimeFaceEngine: onExtractFeatureAndCompare() - Hacker : 0.9732376
11-17 22:32:27.758 30957 31266 D SenseTimeFaceEngine: dumpComparisonResult() - Face detection result : 0
11-17 22:32:27.758 30957 31266 D SenseTimeFaceEngine: dumpComparisonResult() - Face orientation : RIGHT
11-17 22:32:27.758 30957 31266 D SenseTimeFaceEngine: dumpComparisonResult() - Hacker value : 0.9732375741004944
11-17 22:32:27.758 30957 31266 D SenseTimeFaceEngine: dumpComparisonResult() - Comparison score : 49.0
11-17 22:32:27.758 30957 31266 D SenseTimeFaceEngine: dumpComparisonResult() - Final result : -1
11-17 22:32:27.758 30957 31266 D SenseTimeFaceEngine: dumpComparisonResult() - Debug mode is OFF, no need to dump image
11-17 22:32:27.758 30957 31266 D SenseTimeFaceEngine: dumpComparisonResult() - Debug mode is OFF, no need to dump feature
11-17 22:32:27.758 30957 31266 D SenseTimeFaceEngine: extractFeatureAndCompare() - Feature extracted and compared : false, result code : -1, spent 98 ms
11-17 22:32:27.758 30957 31266 D SenseTimeFaceEngine: extractFeatureAndCompare() - Start
11-17 22:32:27.758 30957 30957 D FaceUnlockService: onCameraFrameReceived() - Token : 5658101, compared result : -1, score : 0
11-17 22:32:27.758 30957 31266 D SenseTimeFaceEngine: detectFace() - Image orientation degree : 270, orientation : RIGHT
11-17 22:32:27.758 30957 31266 D SenseTimeFaceEngine: detectFace() - Use 640w to detect face
11-17 22:32:27.772   758  1104 E mm-camera: <IFACE ><ERROR> 2789: iface_axi_proc_subdev_event: Received ISP_EVENT_SOF for frame_id 150 on src 0
11-17 22:32:27.772   758  1104 I mm-camera-iface2: [DEBUG] IFACE_AXI_NOTIFY_CAMIF_SOF: session 5 VFE1, src 0 with frame_id 150
11-17 22:32:27.772   758  1104 E mm-camera: <IFACE ><ERROR> 2399: iface_axi_handle_sof_event: Event SOF session 5 VFE1, src 0 with frame_id 150
11-17 22:32:27.772   758  1104 E mm-camera: <IFACE ><ERROR> 9224: iface_util_hw_notify_sof: iface_util_hw_notify_sof: session 5 frame_id 150 frame_src = 0
11-17 22:32:27.772   758  1104 E mm-camera: <ISP   ><ERROR> 237: isp_handler_sof:  E frame_id 150, svhdr_enable = 0
11-17 22:32:27.772   758  1104 E mm-camera: <MCT   ><ERROR> 476: mct_module_post_bus_msg: About to post MCT_BUS_MSG_ISP_SOF
11-17 22:32:27.772   758  1104 E mm-camera: <MCT   ><ERROR> 270: mct_bus_post_msg: Posting SOF for frame ID 150 session = 5
11-17 22:32:27.772   758   908 E mm-camera: <MCT   ><ERROR> 1243: mct_controller_handle_SOF_proc: Received SOF @ MCT thread for frame id 150
11-17 22:32:27.772   758   908 E mm-camera: <SENSOR><ERROR> 510: module_sensor_handle_sof_notify: identity=0x5000f, frame_id=150, stream_type = 11
11-17 22:32:27.772   758   908 E mm-camera: <ISP   ><ERROR> 427: isp_handler_control_sof:  E 150
11-17 22:32:27.772   758   908 E mm-camera: <SENSOR><ERROR> 1035: sensor_apply_exposure: ctrl:0xe27a8080,cur_gain=960, applied gain=960, cur_linecount=6147, fl_lines=6165,0,0,exp_time:0.000000
11-17 22:32:27.772   758   908 E mm-camera: <SENSOR><ERROR> 1124: sensor_apply_exposure: Sensor imx371, cur_FPS 29.911383, cur_gain=960, applied gain=960, cur_linecount=6147, fl_lines=6165
11-17 22:32:27.773   758   908 E mm-camera: <SENSOR><ERROR> 497: port_sensor_handle_aec_update: flash_process  est_state= 0 ,state =0 ,torch_on =0, partial_flash_frame_skip =1, is_dual_cam = 0
11-17 22:32:27.774   758   973 E         : VIDIOC_DQBUF buf_index 9, frame_idx 150, stream type 7, rc 0,queued: 19, buf_type = 0 flags = 8192 FD = 195 my_num 0 buf fd 156
11-17 22:32:27.775   758   977 E         : VIDIOC_QBUF buf_index 9, frame_idx 150 stream type 7, rc 0, queued: 20, buf_type = 0 stream-FD = 195 my_num 0 buf fd: 156
11-17 22:32:27.781   758  1104 E mm-camera: <IFACE ><ERROR> 8259: iface_util_buf_divert_notify:  buf_divert to pp frame_id 150, streamid 2, buf_idx 1 buf_handle 1000207, bufq_handle 4610007 bayerdata 0
11-17 22:32:27.784   758  1104 E mm-camera: <IFACE ><ERROR> 8259: iface_util_buf_divert_notify:  buf_divert to pp frame_id 150, streamid 3, buf_idx 1 buf_handle 1000308, bufq_handle 4620008 bayerdata 0
11-17 22:32:27.787   758   973 E         : VIDIOC_DQBUF buf_index 14, frame_idx 150, stream type 1, rc 0,queued: 13, buf_type = 0 flags = 8192 FD = 201 my_num 0 buf fd 339
11-17 22:32:27.787   758   988 E         : VIDIOC_QBUF buf_index 13, frame_idx 149 stream type 1, rc 0, queued: 14, buf_type = 0 stream-FD = 201 my_num 0 buf fd: 340
11-17 22:32:27.805   758  1104 E mm-camera: <IFACE ><ERROR> 2789: iface_axi_proc_subdev_event: Received ISP_EVENT_SOF for frame_id 151 on src 0
11-17 22:32:27.805   758  1104 E mm-camera: <IFACE ><ERROR> 2399: iface_axi_handle_sof_event: Event SOF session 5 VFE1, src 0 with frame_id 151
11-17 22:32:27.805   758  1104 E mm-camera: <IFACE ><ERROR> 9224: iface_util_hw_notify_sof: iface_util_hw_notify_sof: session 5 frame_id 151 frame_src = 0
11-17 22:32:27.805   758  1104 E mm-camera: <ISP   ><ERROR> 237: isp_handler_sof:  E frame_id 151, svhdr_enable = 0
11-17 22:32:27.805 30957 31266 D FaceAPI : occlusion_size: 106
11-17 22:32:27.805   758  1104 E mm-camera: <MCT   ><ERROR> 476: mct_module_post_bus_msg: About to post MCT_BUS_MSG_ISP_SOF
11-17 22:32:27.805 30957 31266 D FaceAPI : occlusion: 0x7205f3eef0
11-17 22:32:27.805   758  1104 E mm-camera: <MCT   ><ERROR> 270: mct_bus_post_msg: Posting SOF for frame ID 151 session = 5
11-17 22:32:27.805 30957 31266 D SenseTimeFaceEngine: detectFace() - Face is detected, spent 47 ms
11-17 22:32:27.805   758   908 E mm-camera: <MCT   ><ERROR> 1243: mct_controller_handle_SOF_proc: Received SOF @ MCT thread for frame id 151
11-17 22:32:27.805   758   908 E mm-camera: <SENSOR><ERROR> 510: module_sensor_handle_sof_notify: identity=0x5000f, frame_id=151, stream_type = 11
11-17 22:32:27.806   758   908 E mm-camera: <ISP   ><ERROR> 427: isp_handler_control_sof:  E 151
11-17 22:32:27.806   758   908 E mm-camera: <SENSOR><ERROR> 1035: sensor_apply_exposure: ctrl:0xe27a8080,cur_gain=960, applied gain=960, cur_linecount=6147, fl_lines=6165,0,0,exp_time:0.000000
11-17 22:32:27.806   758   908 E mm-camera: <SENSOR><ERROR> 1124: sensor_apply_exposure: Sensor imx371, cur_FPS 29.911383, cur_gain=960, applied gain=960, cur_linecount=6147, fl_lines=6165
11-17 22:32:27.807   758   908 E mm-camera: <SENSOR><ERROR> 497: port_sensor_handle_aec_update: flash_process  est_state= 0 ,state =0 ,torch_on =0, partial_flash_frame_skip =1, is_dual_cam = 0
11-17 22:32:27.808   758   973 E         : VIDIOC_DQBUF buf_index 10, frame_idx 151, stream type 7, rc 0,queued: 19, buf_type = 0 flags = 8192 FD = 195 my_num 0 buf fd 198
11-17 22:32:27.808   758   977 E         : VIDIOC_QBUF buf_index 10, frame_idx 151 stream type 7, rc 0, queued: 20, buf_type = 0 stream-FD = 195 my_num 0 buf fd: 198
11-17 22:32:27.818   758  1104 E mm-camera: <IFACE ><ERROR> 8259: iface_util_buf_divert_notify:  buf_divert to pp frame_id 151, streamid 2, buf_idx 2 buf_handle 1000207, bufq_handle 4610007 bayerdata 0
11-17 22:32:27.818   758  1104 E mm-camera: <IFACE ><ERROR> 8259: iface_util_buf_divert_notify:  buf_divert to pp frame_id 151, streamid 3, buf_idx 2 buf_handle 1000308, bufq_handle 4620008 bayerdata 0
11-17 22:32:27.821   758   973 E         : VIDIOC_DQBUF buf_index 2, frame_idx 151, stream type 1, rc 0,queued: 13, buf_type = 0 flags = 8192 FD = 201 my_num 0 buf fd 235
11-17 22:32:27.822   758   988 E         : VIDIOC_QBUF buf_index 14, frame_idx 150 stream type 1, rc 0, queued: 14, buf_type = 0 stream-FD = 201 my_num 0 buf fd: 339
11-17 22:32:27.826 30957 31266 D FaceAPI : left eye open: 9.997172
11-17 22:32:27.826 30957 31266 D FaceAPI : right eye open: -1.000000
11-17 22:32:27.826 30957 31266 D FaceOcular: mScore[0]: 9.997172
11-17 22:32:27.826 30957 31282 D FaceAPI : hackness orientation: 8 ,106
11-17 22:32:27.830   758  1128 E mm-camera: <IMGLIB><ERROR> 1662: senseTime_doFaceDetection: debug p_faces_count 0
11-17 22:32:27.838   758  1104 E mm-camera: <IFACE ><ERROR> 2789: iface_axi_proc_subdev_event: Received ISP_EVENT_SOF for frame_id 152 on src 0
11-17 22:32:27.839   758  1104 E mm-camera: <IFACE ><ERROR> 2399: iface_axi_handle_sof_event: Event SOF session 5 VFE1, src 0 with frame_id 152
11-17 22:32:27.839   758  1104 E mm-camera: <IFACE ><ERROR> 9224: iface_util_hw_notify_sof: iface_util_hw_notify_sof: session 5 frame_id 152 frame_src = 0
11-17 22:32:27.839   758  1104 E mm-camera: <ISP   ><ERROR> 237: isp_handler_sof:  E frame_id 152, svhdr_enable = 0
11-17 22:32:27.839   758  1104 E mm-camera: <MCT   ><ERROR> 476: mct_module_post_bus_msg: About to post MCT_BUS_MSG_ISP_SOF
11-17 22:32:27.839   758  1104 E mm-camera: <MCT   ><ERROR> 270: mct_bus_post_msg: Posting SOF for frame ID 152 session = 5
11-17 22:32:27.839   758   908 E mm-camera: <MCT   ><ERROR> 1243: mct_controller_handle_SOF_proc: Received SOF @ MCT thread for frame id 152
11-17 22:32:27.839   758   908 E mm-camera: <SENSOR><ERROR> 510: module_sensor_handle_sof_notify: identity=0x5000f, frame_id=152, stream_type = 11
11-17 22:32:27.839   758   908 E mm-camera: <ISP   ><ERROR> 427: isp_handler_control_sof:  E 152
11-17 22:32:27.839   758   908 E mm-camera: <SENSOR><ERROR> 1035: sensor_apply_exposure: ctrl:0xe27a8080,cur_gain=960, applied gain=960, cur_linecount=6147, fl_lines=6165,0,0,exp_time:0.000000
11-17 22:32:27.839   758   908 E mm-camera: <SENSOR><ERROR> 1124: sensor_apply_exposure: Sensor imx371, cur_FPS 29.911383, cur_gain=960, applied gain=960, cur_linecount=6147, fl_lines=6165
11-17 22:32:27.840   758   908 E mm-camera: <SENSOR><ERROR> 497: port_sensor_handle_aec_update: flash_process  est_state= 0 ,state =0 ,torch_on =0, partial_flash_frame_skip =1, is_dual_cam = 0
11-17 22:32:27.841   758   973 E         : VIDIOC_DQBUF buf_index 11, frame_idx 152, stream type 7, rc 0,queued: 19, buf_type = 0 flags = 8192 FD = 195 my_num 0 buf fd 203
11-17 22:32:27.843   758   977 E         : VIDIOC_QBUF buf_index 11, frame_idx 152 stream type 7, rc 0, queued: 20, buf_type = 0 stream-FD = 195 my_num 0 buf fd: 203
11-17 22:32:27.845 30957 31266 V FaceAPI : encode feature_size: 701
11-17 22:32:27.845 30957 31266 D SenseTimeFaceEngine: onExtractFeatureAndCompare() - Get feature, spent 20 ms
11-17 22:32:27.846  1137  1137 E FaceUnlockNativeServiceTAC: st_face_tac_compare_feature begin
11-17 22:32:27.846  1137  1137 D FaceUnlockNativeServiceTAC: st_face_tac_compare_feature() - Face compare feature test  65,80,118, full treble 0
11-17 22:32:27.848   758  1104 E mm-camera: <IFACE ><ERROR> 8259: iface_util_buf_divert_notify:  buf_divert to pp frame_id 152, streamid 2, buf_idx 3 buf_handle 1000207, bufq_handle 4610007 bayerdata 0
11-17 22:32:27.848   758  1104 E mm-camera: <IFACE ><ERROR> 8259: iface_util_buf_divert_notify:  buf_divert to pp frame_id 152, streamid 3, buf_idx 3 buf_handle 1000308, bufq_handle 4620008 bayerdata 0
11-17 22:32:27.849   758  1128 E mm-camera: <IMGLIB><ERROR> 1662: senseTime_doFaceDetection: debug p_faces_count 0
11-17 22:32:27.851  1137  1137 W FaceUnlockNativeServiceTAC: st_face_tac_compare_feature 	score 0.379790 
11-17 22:32:27.851  1137  1137 W FaceUnlockNativeServiceTAC: st_face_tac_compare_feature   result 0
11-17 22:32:27.851  1137  1137 W FaceUnlockNativeServiceTAC: st_face_tac_compare_feature end
11-17 22:32:27.851 30957 31266 D SenseTimeFaceEngine: onExtractFeatureAndCompare() - Verify score: 0.3797904849052429
11-17 22:32:27.852   758   973 E         : VIDIOC_DQBUF buf_index 3, frame_idx 152, stream type 1, rc 0,queued: 13, buf_type = 0 flags = 8192 FD = 201 my_num 0 buf fd 240
11-17 22:32:27.852   758   988 E         : VIDIOC_QBUF buf_index 2, frame_idx 151 stream type 1, rc 0, queued: 14, buf_type = 0 stream-FD = 201 my_num 0 buf fd: 235
11-17 22:32:27.855 30957 31282 D FaceAPI : hackness score: 0.990307
11-17 22:32:27.855 30957 31282 D FaceHacker: hacker cvFaceHackness result code: 0
11-17 22:32:27.855 30957 31282 D SenseTimeFaceEngine: onExtractFeatureAndCompare() - Hacker score : 0.9903072, spent 29 ms
11-17 22:32:27.855 30957 31266 D SenseTimeFaceEngine: onExtractFeatureAndCompare() - Hacker : 0.9903072
11-17 22:32:27.855 30957 31266 D SenseTimeFaceEngine: dumpComparisonResult() - Face detection result : 0
11-17 22:32:27.855 30957 31266 D SenseTimeFaceEngine: dumpComparisonResult() - Face orientation : RIGHT
11-17 22:32:27.855 30957 31266 D SenseTimeFaceEngine: dumpComparisonResult() - Hacker value : 0.9903072118759155
11-17 22:32:27.855 30957 31266 D SenseTimeFaceEngine: dumpComparisonResult() - Comparison score : 37.0
11-17 22:32:27.855 30957 31266 D SenseTimeFaceEngine: dumpComparisonResult() - Final result : -1
11-17 22:32:27.855 30957 31266 D SenseTimeFaceEngine: dumpComparisonResult() - Debug mode is OFF, no need to dump image
11-17 22:32:27.856 30957 31266 D SenseTimeFaceEngine: dumpComparisonResult() - Debug mode is OFF, no need to dump feature
11-17 22:32:27.856 30957 31266 D SenseTimeFaceEngine: extractFeatureAndCompare() - Feature extracted and compared : false, result code : -1, spent 98 ms
11-17 22:32:27.856 30957 31266 D SenseTimeFaceEngine: extractFeatureAndCompare() - Start
11-17 22:32:27.856 30957 30957 D FaceUnlockService: onCameraFrameReceived() - Token : 5658101, compared result : -1, score : 0
11-17 22:32:27.856 30957 31266 D SenseTimeFaceEngine: detectFace() - Image orientation degree : 270, orientation : RIGHT
11-17 22:32:27.856 30957 31266 D SenseTimeFaceEngine: detectFace() - Use 640w to detect face
11-17 22:32:27.856 30957 30957 D FaceUnlockService: onCameraFrameReceived() - Timeout or face not found : -1, end recognize
11-17 22:32:27.856  2674  2971 D OpFacelockController: onEndRecognize, result:-1, keyguardShow:true, bouncer:true, allowed:true, isSleep:false, simpin:false, pending:false, auto:true
11-17 22:32:27.857  2674  2971 D OpFacelockController: onEndRecognize: fail 1 times
11-17 22:32:27.857  2674  2949 D OpFacelockController: handle stopFacelock, pending camera:null
11-17 22:32:27.858  2674  2949 E SensorManager: unregisterListenerImpl callingApp: android.uid.systemui:10034,callingPid:2674,callingUid:10034
11-17 22:32:27.858  1642  1864 I DisplayPowerController: useProximityForceSuspend = false
11-17 22:32:27.859 30957 31303 V FaceUnlockService: unregisterCallback() - [Start]
11-17 22:32:27.859 30957 30957 V FaceUnlockService: unregisterCallback() - Calling pid : 2674, success : true
11-17 22:32:27.859 30957 31303 V FaceUnlockService: unregisterCallback() - [End]
11-17 22:32:27.859 30957 31303 V FaceUnlockService: stopFaceUnlock() - User : 0, [Start]
11-17 22:32:27.859 30957 30957 V FaceUnlockService: stopFaceUnlock() - User : 0
11-17 22:32:27.859 30957 30957 V CameraDevice: stop() - Token : com.oneplus.faceunlock.utils.Token@2a876e8
11-17 22:32:27.859 30957 30957 V CameraDevice: changeState() - [bbd880b] State : STOPPING
11-17 22:32:27.859 30957 30957 V LegacyCameraDevice: onStop() - [bbd880b] Wait for preview stopped [Start]
11-17 22:32:27.859 30957   883 D LegacyCameraDevice: onStop() - Start
11-17 22:32:27.861   758  1948 I QCamera : <HAL><INFO> stop_preview: 534: [KPI Perf]: E PROFILE_STOP_PREVIEW camera id 1
11-17 22:32:27.861   758  1948 D QCameraPerf: Perf lock 5 either not acquired or already released
11-17 22:32:27.861   758  1948 D QCameraPerf: Perf lock 8 either not acquired or already released
11-17 22:32:27.862   758  1948 D QCameraPerf: perfLockHandle 10045, updated refCount: 1, perfLockType: 2
11-17 22:32:27.862   758   884 I QCamera : <HAL><INFO> stopPreview: 4648: E
11-17 22:32:27.862   758   884 D QCameraPerf: Perf lock 5 either not acquired or already released
11-17 22:32:27.862   758   884 D QCameraPerf: Perf lock 8 either not acquired or already released
11-17 22:32:27.862   758   884 D QCameraPerf: perfLockHandle 10033, refCount: 1, perfLockType: 9
11-17 22:32:27.862   758   884 D QCameraPerf: Perf lock already acquired, not re-aquiring
11-17 22:32:27.863  2674  2822 D gwy     : App Event: lock_unlock_failed
11-17 22:32:27.863  2674  2674 D OpFingerprintDialogView: onFacelockStateChanged: type:7, isOffUnlock:false
11-17 22:32:27.863  2674  2674 D LockIcon: onFacelockStateChanged, type:7
11-17 22:32:27.863  2674  2674 I LockIcon:  updateDarkTint state:12
11-17 22:32:27.863   758   884 I QCamera : <MCI><INFO> mm_stream_streamoff: 1421: E, my_handle = 0x3802, fd = 208, state = 6
11-17 22:32:27.864  2674  2674 D OpKeyguardUpdateMonitor: FacelockTrust,false
11-17 22:32:27.864   758   901 I mm-camera: <MCT   >< INFO> 4163: mct_pipeline_process_set: command=8000009
11-17 22:32:27.864   758   901 I mm-camera: <MCT   >< INFO> 4308: mct_pipeline_process_set:  STREAM-OFF on stream 0x50003 stream type=11
11-17 22:32:27.864   758   901 I mm-camera: <SENSOR>< INFO> 6715: module_sensor_module_process_event: [DEBUG] ide 50003 stream type 11 MCT_EVENT_CONTROL_STREAMOFF
11-17 22:32:27.864   758   901 I mm-camera: <IFACE >< INFO> 1832: iface_streamoff_to_thread: iface_streamoff_to_thread: E, session id = 5, user stream id = 3
11-17 22:32:27.864   758   919 I mm-camera: <IFACE >< INFO> 2468: iface_streamoff: E, session_id 5 mct_stream_id = 3
11-17 22:32:27.864   758   919 I mm-camera: <IFACE >< INFO> 12142: iface_util_get_user_streams_by_bundle: streamoff, first bundled streamoff all bindled streams!
11-17 22:32:27.864   758   919 I mm-camera: <IFACE >< INFO> 440: iface_ispif_get_cfg_params_from_hw_streams: interace 0 active count = 1, skip stop ispif 
11-17 22:32:27.865  2674  2674 I LockIcon:  updateDarkTint state:12
11-17 22:32:27.865  2674  2674 D QSCustomizer: setCustomizing=false
11-17 22:32:27.865   758   919 I mm-camera: <IFACE >< INFO> 2704: iface_streamoff: session_id = 5, active_streams = 0
11-17 22:32:27.865   758   919 I mm-camera: <IFACE >< INFO> 2713: iface_streamoff: X
11-17 22:32:27.865   758   901 I mm-camera: <IFACE >< INFO> 1858: iface_streamoff_to_thread: iface_streamoff_to_thread: X, session id = 5, user stream id = 3
11-17 22:32:27.866   758  1138 I mm-camera: <IMGLIB>< INFO> 1202: senseTime_thread_loop: exit
11-17 22:32:27.866   758  1128 E mm-camera: <IMGLIB><ERROR> 605: face_proc_thread_loop: maybe some error happened! p_frame=0x0 keyBuff_valid=0
11-17 22:32:27.866   758  1128 I mm-camera: <IMGLIB>< INFO> 695: face_proc_thread_loop: state 3 abort 0
11-17 22:32:27.866   758  1139 I mm-camera: <IMGLIB>< INFO> 1297: senseTime_attr_thread_loop: exit
11-17 22:32:27.867   758   901 I mm-camera: <IMGLIB>< INFO> 825: faceproc_comp_abort: faceproc_comp_abort:825] thread id -744062416 -844918224
11-17 22:32:27.868   758   901 I mm-camera: <SENSOR>< INFO> 6576: module_sensor_stream_off: [DEBUG] sensor imx371 stream type 11: not ready to STREAM_OFF
11-17 22:32:27.868   758   901 E mm-camera: <SENSOR><ERROR> 828: sensor_util_set_stream_on: [DEBUG] identy 50003: stream off
11-17 22:32:27.868   758   901 I mm-camera: <MCT   >< INFO> 4324: mct_pipeline_process_set:  STREAM-OFF success for stream 0x50003, stream type=11
11-17 22:32:27.869   758   884 I QCamera : <MCI><INFO> mm_stream_streamoff: 1421: E, my_handle = 0x3701, fd = 201, state = 6
11-17 22:32:27.869  2674  2674 D LockIcon: setFacelockRunning , type:7, updateIcon:true
11-17 22:32:27.869  2674  2674 I LockIcon:  updateDarkTint state:12
11-17 22:32:27.869   758   901 I mm-camera: <MCT   >< INFO> 4163: mct_pipeline_process_set: command=8000009
11-17 22:32:27.869   758   901 I mm-camera: <MCT   >< INFO> 4308: mct_pipeline_process_set:  STREAM-OFF on stream 0x50002 stream type=1
11-17 22:32:27.869   758   901 I mm-camera: <SENSOR>< INFO> 6715: module_sensor_module_process_event: [DEBUG] ide 50002 stream type 11 MCT_EVENT_CONTROL_STREAMOFF
11-17 22:32:27.869   758   901 I mm-camera: <IFACE >< INFO> 1832: iface_streamoff_to_thread: iface_streamoff_to_thread: E, session id = 5, user stream id = 2
11-17 22:32:27.869   758   919 I mm-camera: <IFACE >< INFO> 2468: iface_streamoff: E, session_id 5 mct_stream_id = 2
11-17 22:32:27.869   758   919 I mm-camera: <IFACE >< INFO> 12148: iface_util_get_user_streams_by_bundle: skip streamoff! left 0 bundled streamoff, mct stream id 2total bundled stream num = 2
11-17 22:32:27.869   758   919 I mm-camera: <IFACE >< INFO> 2708: iface_streamoff: all bundled stream streamoff, clear hal bundled mask
11-17 22:32:27.869   758   919 I mm-camera: <IFACE >< INFO> 2713: iface_streamoff: X
11-17 22:32:27.869   758   901 I mm-camera: <IFACE >< INFO> 1858: iface_streamoff_to_thread: iface_streamoff_to_thread: X, session id = 5, user stream id = 2
11-17 22:32:27.869  2674  2674 D StatusBarKeyguardViewManager: updateStates, vis:0,Showing:true,LastShowing:true,Occluded:false,LastOccluded:false,BouncerShow:true,LastBouncerShow:true,BouncerDismiss:true,LastBouncerDismiss:true,navBarVisible:true,lastNavBarVisible:true,wakeAndUnlocking:false,mDozing:false,mLastBiometricMode:0,LastRemoteInputActive:false
11-17 22:32:27.874   859   879 E Sensors : sns_reg_la.c(295):reg write: offset 1792, num bytes: 24
11-17 22:32:27.874   758   908 I mm-camera: <MCT   >< INFO> 1790: mct_pipeline_control_hw_state: mct_pipeline_control_hw_state lpmbit 40 
11-17 22:32:27.874   758   901 I mm-camera: <CPP   >< INFO> 4541: cpp_module_handle_streamoff_event: info: doing stream-off for identity 0x50002
11-17 22:32:27.875   758   940 I mm-camera: <CPP   >< INFO> 368: cpp_hardware_set_clock: Set clock 200000000 BW avg 0 BW inst 0
11-17 22:32:27.876   758   901 I mm-camera: <CPP   >< INFO> 4727: cpp_module_handle_streamoff_event: info: stream-off done for identity 0x50002
11-17 22:32:27.878   758   901 I mm-camera: <IFACE >< INFO> 2737: iface_streamoff_post_isp: shubh: free native buf session: 5 hw_stream: 65538
11-17 22:32:27.879   758   901 I mm-camera: <IFACE >< INFO> 2737: iface_streamoff_post_isp: shubh: free native buf session: 5 hw_stream: 65539
11-17 22:32:27.879   758   901 I mm-camera: <IFACE >< INFO> 2744: iface_streamoff_post_isp: session id = 0x5,Delta between vfe irqs 0 sec 0 usec
11-17 22:32:27.881   758   901 I mm-camera: <IFACE >< INFO> 10903: iface_util_release_resource: camif_cnt= 1, rdi_cnt= 0, used mask 10000
11-17 22:32:27.881   758   901 I mm-camera: <IFACE >< INFO> 10903: iface_util_release_resource: camif_cnt= 0, rdi_cnt= 0, used mask 0
11-17 22:32:27.881   758   901 I mm-camera: <IFACE >< INFO> 3989: iface_destroy_hw: iface_destroy_hw: Destroy axi hw on VFE :1
11-17 22:32:27.882   758   901 I mm-camera: <SENSOR>< INFO> 6434: module_sensor_stream_off: [DEBUG] sensor imx371 stream type 1: start STREAM_OFF
11-17 22:32:27.882   758   901 E mm-camera: <SENSOR><ERROR> 6469: module_sensor_stream_off: stream off preview or snapshot, turn off LED
11-17 22:32:27.882  2674  2674 D KeyguardViewMediator: handleKeyguardDoneDrawing
11-17 22:32:27.882   758   901 I mm-camera: <MCT   >< INFO> 185: stop_sof_check_thread: Stopping SOF timeout thread session =5
11-17 22:32:27.882   758  1159 I mm-camera: <MCT   >< INFO> 114: mct_bus_sof_thread_run: Closing SOF tracker thread
11-17 22:32:27.882   758   901 E mm-camera: <SENSOR><ERROR> 828: sensor_util_set_stream_on: [DEBUG] identy 50002: stream off
11-17 22:32:27.882   758   901 I mm-camera: <MCT   >< INFO> 4324: mct_pipeline_process_set:  STREAM-OFF success for stream 0x50002, stream type=1
11-17 22:32:27.883   758   884 I QCamera : <MCI><INFO> mm_stream_streamoff: 1421: E, my_handle = 0x3600, fd = 195, state = 6
11-17 22:32:27.883   758   901 I mm-camera: <MCT   >< INFO> 4163: mct_pipeline_process_set: command=8000009
11-17 22:32:27.883   758   901 I mm-camera: <MCT   >< INFO> 4308: mct_pipeline_process_set:  STREAM-OFF on stream 0x50001 stream type=7
11-17 22:32:27.883   758   901 I mm-camera: <MCT   >< INFO> 4324: mct_pipeline_process_set:  STREAM-OFF success for stream 0x50001, stream type=7
11-17 22:32:27.883 30957 31266 D FaceAPI : occlusion_size: 106
11-17 22:32:27.883 30957 31266 D FaceAPI : occlusion: 0x7205f3b220
11-17 22:32:27.884 30957 31266 D SenseTimeFaceEngine: detectFace() - Face is detected, spent 28 ms
11-17 22:32:27.885  2674  2674 D mab     : Event success
11-17 22:32:27.885   758   884 I OPCAMERA_HDR: deinit_module: E
11-17 22:32:27.886   758   884 I OPCAMERA_HDR: deinit_module: module=0xe8143188 private=0xe2794cb0 list=0x0
11-17 22:32:27.886   758   884 I OPCAMERA_HDR: deinit_module: X
11-17 22:32:27.889   758   884 I QCamera : <HAL><INFO> deallocOneBuffer: 642: memInfo.fd: 137 main_ion_fd: 136
11-17 22:32:27.889   758   884 I QCamera : <HAL><INFO> deallocOneBuffer: 642: memInfo.fd: 139 main_ion_fd: 138
11-17 22:32:27.889   758   884 I QCamera : <HAL><INFO> deallocOneBuffer: 642: memInfo.fd: 141 main_ion_fd: 140
11-17 22:32:27.889   758   884 I QCamera : <HAL><INFO> deallocOneBuffer: 642: memInfo.fd: 143 main_ion_fd: 142
11-17 22:32:27.889   758   884 I QCamera : <HAL><INFO> deallocOneBuffer: 642: memInfo.fd: 145 main_ion_fd: 144
11-17 22:32:27.889   758   884 I QCamera : <HAL><INFO> deallocOneBuffer: 642: memInfo.fd: 147 main_ion_fd: 146
11-17 22:32:27.889   758   884 I QCamera : <HAL><INFO> deallocOneBuffer: 642: memInfo.fd: 149 main_ion_fd: 148
11-17 22:32:27.889   758   884 I QCamera : <HAL><INFO> deallocOneBuffer: 642: memInfo.fd: 151 main_ion_fd: 150
11-17 22:32:27.889   758   884 I QCamera : <HAL><INFO> deallocOneBuffer: 642: memInfo.fd: 154 main_ion_fd: 152
11-17 22:32:27.889   758   884 I QCamera : <HAL><INFO> deallocOneBuffer: 642: memInfo.fd: 156 main_ion_fd: 155
11-17 22:32:27.889   758   884 I QCamera : <HAL><INFO> deallocOneBuffer: 642: memInfo.fd: 198 main_ion_fd: 196
11-17 22:32:27.889   758   884 I QCamera : <HAL><INFO> deallocOneBuffer: 642: memInfo.fd: 203 main_ion_fd: 199
11-17 22:32:27.889   758   884 I QCamera : <HAL><INFO> deallocOneBuffer: 642: memInfo.fd: 205 main_ion_fd: 204
11-17 22:32:27.889   758   884 I QCamera : <HAL><INFO> deallocOneBuffer: 642: memInfo.fd: 209 main_ion_fd: 206
11-17 22:32:27.889   758   884 I QCamera : <HAL><INFO> deallocOneBuffer: 642: memInfo.fd: 211 main_ion_fd: 210
11-17 22:32:27.889   758   884 I QCamera : <HAL><INFO> deallocOneBuffer: 642: memInfo.fd: 213 main_ion_fd: 212
11-17 22:32:27.890   758   884 I QCamera : <HAL><INFO> deallocOneBuffer: 642: memInfo.fd: 215 main_ion_fd: 214
11-17 22:32:27.890   758   884 I QCamera : <HAL><INFO> deallocOneBuffer: 642: memInfo.fd: 217 main_ion_fd: 216
11-17 22:32:27.890   758   884 I QCamera : <HAL><INFO> deallocOneBuffer: 642: memInfo.fd: 219 main_ion_fd: 218
11-17 22:32:27.890   758   884 I QCamera : <HAL><INFO> deallocOneBuffer: 642: memInfo.fd: 221 main_ion_fd: 220
11-17 22:32:27.890   758   884 I QCamera : <HAL><INFO> deallocOneBuffer: 642: memInfo.fd: 194 main_ion_fd: 193
11-17 22:32:27.890   758   901 I mm-camera: <MCT   >< INFO> 4163: mct_pipeline_process_set: command=800000b
11-17 22:32:27.890   758   901 I mm-camera: <MCT   >< INFO> 4392: mct_pipeline_process_set: Issuing DEL_STREAM on stream 0x50001 and stream type=7
11-17 22:32:27.890   758   901 I mm-camera: <MCT   >< INFO> 4408: mct_pipeline_process_set: Stream 0x50001 and stream type=7, successfully deleted
11-17 22:32:27.899   758   884 I QCamera : <HAL><INFO> deallocOneBuffer: 642: memInfo.fd: 200 main_ion_fd: 197
11-17 22:32:27.899   758   901 I mm-camera: <MCT   >< INFO> 4163: mct_pipeline_process_set: command=800000b
11-17 22:32:27.899   758   901 I mm-camera: <MCT   >< INFO> 4392: mct_pipeline_process_set: Issuing DEL_STREAM on stream 0x50002 and stream type=1
11-17 22:32:27.899   758   901 I mm-camera: <IFACE >< INFO> 720: iface_unreserve_sink_port: stream_id 2 mode 0 
11-17 22:32:27.899   758   901 I mm-camera: <ISP   >< INFO> 926: isp_port_check_caps_unreserve: ide 50002 port 0xe2318400
11-17 22:32:27.900 30957 31266 D FaceAPI : left eye open: 9.946966
11-17 22:32:27.900   758   901 I mm-camera: <MCT   >< INFO> 4408: mct_pipeline_process_set: Stream 0x50002 and stream type=1, successfully deleted
11-17 22:32:27.900 30957 31266 D FaceAPI : right eye open: -1.000000
11-17 22:32:27.900 30957 31266 D FaceOcular: mScore[0]: 9.946966
11-17 22:32:27.900 30957 31282 D FaceAPI : hackness orientation: 8 ,106
11-17 22:32:27.902   758   884 I QCamera : <HAL><INFO> deallocOneBuffer: 642: memInfo.fd: 207 main_ion_fd: 202
11-17 22:32:27.902   758   901 I mm-camera: <MCT   >< INFO> 4163: mct_pipeline_process_set: command=800000b
11-17 22:32:27.902   758   901 I mm-camera: <MCT   >< INFO> 4392: mct_pipeline_process_set: Issuing DEL_STREAM on stream 0x50003 and stream type=11
11-17 22:32:27.902   758   901 I mm-camera: <IFACE >< INFO> 720: iface_unreserve_sink_port: stream_id 3 mode 0 
11-17 22:32:27.902   758   901 I mm-camera: <ISP   >< INFO> 926: isp_port_check_caps_unreserve: ide 50003 port 0xe2318400
11-17 22:32:27.902   758   901 I mm-camera: <MCT   >< INFO> 4408: mct_pipeline_process_set: Stream 0x50003 and stream type=11, successfully deleted
11-17 22:32:27.903   758   884 D QCameraPerf: perfLockHandle 10045, refCount: 1, perfLockType: 2
11-17 22:32:27.903   758   884 I QCamera : <HAL><INFO> stopPreview: 4706: X
11-17 22:32:27.903   758  1948 I QCamera : <HAL><INFO> stop_preview: 556: [KPI Perf]: X ret = 0
11-17 22:32:27.904 30957   883 V LegacyCameraDevice: onStop() - Release dummy SurfaceTexture
11-17 22:32:27.905 30957   883 D LegacyCameraDevice: onStop() - End, spent : 45 ms
11-17 22:32:27.905 30957 30957 V LegacyCameraDevice: onStop() - [bbd880b] Wait for preview stopped [End]
11-17 22:32:27.905 30957 30957 V CameraDevice: onStopped()
11-17 22:32:27.905 30957 30957 V CameraDevice: changeState() - [bbd880b] State : STOPPED
11-17 22:32:27.905 30957 31303 V FaceUnlockService: stopFaceUnlock() - [End]
11-17 22:32:27.905  4493 19229 E NfcService: setReaderMode() called while NFC is not enabled.
11-17 22:32:27.905  1642  4630 D CameraService_proxy:  notifyColorGamutEnhance activeCamera = false
11-17 22:32:27.906  1642  4630 D OpColorDisplayService: notifyCameraStatus activeCamera = false
11-17 22:32:27.906  1642  4630 D OpColorGamutManager: notifyCameraStatus activeCamera = false
11-17 22:32:27.906 30957 31303 V FaceUnlockService: release() - [Start]
11-17 22:32:27.906 30957 30957 V FaceUnlockService: release()
11-17 22:32:27.906 30957 30957 V CameraDevice: releaseInternal()
11-17 22:32:27.906 30957 30957 V CameraDevice: changeState() - [bbd880b] State : RELEASING
11-17 22:32:27.906 30957 30957 D FaceUnlockService: stopFaceEngine()
11-17 22:32:27.906 30957 30957 V SenseTimeFaceEngine: changeStartState() - State : STOPPING
11-17 22:32:27.906 30957   883 D LegacyCameraDevice: onRelease() - Start
11-17 22:32:27.907   758  1948 I QCamera : <HAL><INFO> stop_preview: 534: [KPI Perf]: E PROFILE_STOP_PREVIEW camera id 1
11-17 22:32:27.907   758  1948 D QCameraPerf: Perf lock 5 either not acquired or already released
11-17 22:32:27.907   758  1948 D QCameraPerf: Perf lock 8 either not acquired or already released
11-17 22:32:27.908   758  1948 D QCameraPerf: perfLockHandle 10046, updated refCount: 1, perfLockType: 2
11-17 22:32:27.909   758  1948 I QCamera : <HAL><INFO> stop_preview: 556: [KPI Perf]: X ret = 0
11-17 22:32:27.913   758  1948 I QCamera : <HAL><INFO> stop_preview: 534: [KPI Perf]: E PROFILE_STOP_PREVIEW camera id 1
11-17 22:32:27.913   758  1948 D QCameraPerf: Perf lock 5 either not acquired or already released
11-17 22:32:27.913   758  1948 D QCameraPerf: Perf lock 8 either not acquired or already released
11-17 22:32:27.913   758  1948 D QCameraPerf: Perf lock already acquired, not re-aquiring
11-17 22:32:27.913   758  1948 I QCamera : <HAL><INFO> stop_preview: 556: [KPI Perf]: X ret = 0
11-17 22:32:27.914   758  1948 I QCamera : <HAL><INFO> cancel_picture: 1215: [KPI Perf]: E PROFILE_CANCEL_PICTURE camera id 1
11-17 22:32:27.914   758  1948 I QCamera : <HAL><INFO> cancel_picture: 1224: [KPI Perf]: X camera id 1 ret = 0
11-17 22:32:27.914   758  1948 I CamDev@1.0-impl: Closing camera 1
11-17 22:32:27.914   758  1948 I QCamera : <HAL><INFO> close_camera_device: 1687: [KPI Perf]: E camera id 1
11-17 22:32:27.915   758  1948 D QCameraPerf: perfLockHandle 10047, updated refCount: 1, perfLockType: 1
11-17 22:32:27.915   758  1948 I QCamera : <HAL><INFO> closeCamera: 2670: E
11-17 22:32:27.915   758  1948 I QCamera : <HAL><INFO> closeCamera: 2675: [KPI Perf]: E PROFILE_CLOSE_CAMERA camera id 1
11-17 22:32:27.916   758   901 I mm-camera: <ISP   >< INFO> 6970: isp_util_print_meta_stream_info: Deallocate resources
11-17 22:32:27.918 30957 31266 V FaceAPI : encode feature_size: 701
11-17 22:32:27.918 30957 31266 D SenseTimeFaceEngine: onExtractFeatureAndCompare() - Get feature, spent 18 ms
11-17 22:32:27.918  1137  1137 E FaceUnlockNativeServiceTAC: st_face_tac_compare_feature begin
11-17 22:32:27.918  1137  1137 D FaceUnlockNativeServiceTAC: st_face_tac_compare_feature() - Face compare feature test  65,118,118, full treble 0
11-17 22:32:27.919   758   901 I mm-camera: <ISP   >< INFO> 7279: isp_util_handle_stream_info: streams_desc num_streams is 0 
11-17 22:32:27.919   758   901 I mm-camera: <IFACE >< INFO> 6297: iface_util_handle_meta_stream_info: iface_util_handle_meta_stream_info: ms_type 0 num streams 0
11-17 22:32:27.922  1137  1137 W FaceUnlockNativeServiceTAC: st_face_tac_compare_feature 	score 0.356571 
11-17 22:32:27.922  1137  1137 W FaceUnlockNativeServiceTAC: st_face_tac_compare_feature   result 0
11-17 22:32:27.922  1137  1137 W FaceUnlockNativeServiceTAC: st_face_tac_compare_feature end
11-17 22:32:27.922   758  1948 I QCamera : <HAL><INFO> deallocOneBuffer: 642: memInfo.fd: 135 main_ion_fd: 133
11-17 22:32:27.922 30957 31266 D SenseTimeFaceEngine: onExtractFeatureAndCompare() - Verify score: 0.3565705418586731
11-17 22:32:27.923   758  1948 I QCamera : <HAL><INFO> deallocOneBuffer: 642: memInfo.fd: 189 main_ion_fd: 185
11-17 22:32:27.923   758  1948 I QCameraPostProc: stop: E m_bInited=1
11-17 22:32:27.923   758  1165 I QCameraPostProc: dataProcessRoutine: mJpegSessionId=0x0 mJpegSessionIdHalPP=0x0
11-17 22:32:27.923   758  1948 I QCameraPostProc: stop: X
11-17 22:32:27.924   758  1948 V qomx_image_core: OMX_FreeHandle:338] 
11-17 22:32:27.924   758  1948 D qomx_image_core: get_idx_from_handle:297] comp_idx 2 inst_idx 0
11-17 22:32:27.925   758  1948 V qomx_image_core: OMX_FreeHandle:373] Success
11-17 22:32:27.925   758  1948 I qomx_image_core: OMX_Deinit:125] Complete
11-17 22:32:27.928 30957 31282 D FaceAPI : hackness score: 0.990307
11-17 22:32:27.928 30957 31282 D FaceHacker: hacker cvFaceHackness result code: 0
11-17 22:32:27.928 30957 31282 D SenseTimeFaceEngine: onExtractFeatureAndCompare() - Hacker score : 0.9903072, spent 28 ms
11-17 22:32:27.928 30957 31266 D SenseTimeFaceEngine: onExtractFeatureAndCompare() - Hacker : 0.9903072
11-17 22:32:27.928 30957 31266 D SenseTimeFaceEngine: dumpComparisonResult() - Face detection result : 0
11-17 22:32:27.928 30957 31266 D SenseTimeFaceEngine: dumpComparisonResult() - Face orientation : RIGHT
11-17 22:32:27.928 30957 31266 D SenseTimeFaceEngine: dumpComparisonResult() - Hacker value : 0.9903072118759155
11-17 22:32:27.928 30957 31266 D SenseTimeFaceEngine: dumpComparisonResult() - Comparison score : 35.0
11-17 22:32:27.928 30957 31266 D SenseTimeFaceEngine: dumpComparisonResult() - Final result : -1
11-17 22:32:27.928 30957 31266 D SenseTimeFaceEngine: dumpComparisonResult() - Debug mode is OFF, no need to dump image
11-17 22:32:27.928 30957 31266 D SenseTimeFaceEngine: dumpComparisonResult() - Debug mode is OFF, no need to dump feature
11-17 22:32:27.928 30957 31266 D SenseTimeFaceEngine: extractFeatureAndCompare() - Feature extracted and compared : false, result code : -1, spent 72 ms
11-17 22:32:27.928 30957 31266 D SenseTimeFaceEngine: stop() - Start
11-17 22:32:27.928 30957 31266 D SenseTimeFaceEngine: closeFaceDetectCA() - Close trust zone
11-17 22:32:27.928  1137  1137 D FaceUnlockNativeServiceTAC: st_face_tac_close begin
11-17 22:32:27.928  1137  1137 D QSEECOMAPI: QSEECom_dealloc_memory 
11-17 22:32:27.928  1137  1137 D QSEECOMAPI: QSEECom_shutdown_app, app_id = 1703940
11-17 22:32:27.929  1137  1137 D FaceUnlockNativeServiceTAC: st_face_tac_close end
11-17 22:32:27.928   758  1948 I Thermal-Lib: Thermal-Lib-Client: Unregisteration is successfull for handle:1
11-17 22:32:27.929   980  1119 I ThermalEngine: Thermal-Server: removing client on fd 73
11-17 22:32:27.929   758  1948 I Thermal-Lib: Thermal-Lib-Client: Unregisteration is successfull for handle:2
11-17 22:32:27.929  1137  1137 D FaceUnlockNativeServiceTAC: st_face_tac_close begin
11-17 22:32:27.929  1137  1137 D QSEECOMAPI: QSEECom_dealloc_memory 
11-17 22:32:27.929  1137  1137 D QSEECOMAPI: QSEECom_shutdown_app, app_id = 1703940
11-17 22:32:27.929   758  1948 I mm-camera: <MCT   >< INFO> 307: mct_controller_destroy: Initiating destroy sequence for session = 5
11-17 22:32:27.931  1137  1137 D FaceUnlockNativeServiceTAC: st_face_tac_close end
11-17 22:32:27.931 30957 31266 D SenseTimeFaceEngine: stop() - End
11-17 22:32:27.931 30957 30957 V SenseTimeFaceEngine: changeStartState() - State : STOPPED
11-17 22:32:27.931   758  1948 I mm-camera: <MCT   >< INFO> 325: mct_controller_destroy: serv_thread closed
11-17 22:32:27.932   758  1948 I mm-camera: <MCT   >< INFO> 346: mct_controller_destroy: bus_handler thread closed
11-17 22:32:27.932   758  1948 I mm-camera: <MCT   >< INFO> 5257: mct_pipeline_stop_session: Initiating stop_session on session 5
11-17 22:32:27.932   758  1948 I mm-camera: <MCT   >< INFO> 4163: mct_pipeline_process_set: command=800000b
11-17 22:32:27.932   758  1948 I mm-camera: <MCT   >< INFO> 4392: mct_pipeline_process_set: Issuing DEL_STREAM on stream 0x5000f and stream type=10
11-17 22:32:27.932   758  1948 I mm-camera: <IFACE >< INFO> 720: iface_unreserve_sink_port: stream_id f mode 0 
11-17 22:32:27.932   758  1948 I mm-camera: <ISP   >< INFO> 926: isp_port_check_caps_unreserve: ide 5000f port 0xe2318400
11-17 22:32:27.935   758  1948 I mm-camera: <MCT   >< INFO> 4408: mct_pipeline_process_set: Stream 0x5000f and stream type=10, successfully deleted
11-17 22:32:27.935   758  1379 I mm-camera: <MCT   >< INFO> 4991: mct_pipeline_stop_session_thread: Stop module name: sensor - E
11-17 22:32:27.935   758  1380 I mm-camera: <MCT   >< INFO> 4991: mct_pipeline_stop_session_thread: Stop module name: iface - E
11-17 22:32:27.936   758  1381 I mm-camera: <MCT   >< INFO> 4991: mct_pipeline_stop_session_thread: Stop module name: isp - E
11-17 22:32:27.936   758  1381 I mm-camera: <ISP   >< INFO> 509: isp_module_stop_session: session id 5
11-17 22:32:27.936   758  1380 I mm-camera: <MCT   >< INFO> 4999: mct_pipeline_stop_session_thread: Stop module name: iface - X
11-17 22:32:27.936   758  1382 I mm-camera: <MCT   >< INFO> 4991: mct_pipeline_stop_session_thread: Stop module name: stats - E
11-17 22:32:27.937   758  1383 I mm-camera: <MCT   >< INFO> 4991: mct_pipeline_stop_session_thread: Stop module name: pproc - E
11-17 22:32:27.937   758  1388 I mm-camera: <MCT   >< INFO> 4991: mct_pipeline_stop_session_thread: Stop module name: imglib - E
11-17 22:32:27.937   758  1948 I mm-camera: <MCT   >< INFO> 5279: mct_pipeline_stop_session: Modules left: 5
11-17 22:32:27.938   758  1388 I mm-camera: <MCT   >< INFO> 4999: mct_pipeline_stop_session_thread: Stop module name: imglib - X
11-17 22:32:27.938   758  1948 I mm-camera: <MCT   >< INFO> 5279: mct_pipeline_stop_session: Modules left: 4
11-17 22:32:27.938   758  1381 I mm-camera: <MCT   >< INFO> 4999: mct_pipeline_stop_session_thread: Stop module name: isp - X
11-17 22:32:27.938   758  1948 I mm-camera: <MCT   >< INFO> 5279: mct_pipeline_stop_session: Modules left: 3
11-17 22:32:27.940   758  1383 I mm-camera: <MCT   >< INFO> 4999: mct_pipeline_stop_session_thread: Stop module name: pproc - X
11-17 22:32:27.940   758  1948 I mm-camera: <MCT   >< INFO> 5279: mct_pipeline_stop_session: Modules left: 2
11-17 22:32:27.941   758  1382 I mm-camera: <MCT   >< INFO> 4999: mct_pipeline_stop_session_thread: Stop module name: stats - X
11-17 22:32:27.942   758  1948 I mm-camera: <MCT   >< INFO> 5279: mct_pipeline_stop_session: Modules left: 1
11-17 22:32:27.944   758  1379 I mm-camera: <MCT   >< INFO> 4999: mct_pipeline_stop_session_thread: Stop module name: sensor - X
11-17 22:32:27.944   758  1948 I mm-camera: <MCT   >< INFO> 5279: mct_pipeline_stop_session: Modules left: 0
11-17 22:32:27.944   758  1948 I mm-camera: <MCT   >< INFO> 5288: mct_pipeline_stop_session: Stopped session 5 successfully
11-17 22:32:27.944   758  1948 I mm-camera: <MCT   >< INFO> 5593: mct_pipeline_destroy: E: session:5
11-17 22:32:27.944   758  1948 E mm-camera: <MCT   ><ERROR> 176: stop_sof_check_thread: Returning as SOF timer thread not yet initialized session =5
11-17 22:32:27.944   758  1948 I mm-camera: <MCT   >< INFO> 5672: mct_pipeline_destroy: X: Pipeline destroyed successfully session =5
11-17 22:32:27.944   758  1948 I mm-camera: <MCT   >< INFO> 420: mct_controller_destroy: X Successfully closed mct_controller session 5
11-17 22:32:27.945   758  1948 E QCamera : <MCI><ERROR> mm_camera_close: 434: VJ## closing the node 134
11-17 22:32:27.945   758  1948 I QCamera : <HAL><INFO> closeCamera: 2775: [KPI Perf]: X PROFILE_CLOSE_CAMERA camera id 1, rc: 0
11-17 22:32:27.945   758  1948 D QCameraPerf: perfLockHandle 10047, refCount: 1, perfLockType: 1
11-17 22:32:27.945   758   893 I QCameraHWI_Mem: memoryPoolThread: stop proc
11-17 22:32:27.945   758   893 I QCameraHWI_Mem: memoryPoolThread: X
11-17 22:32:27.946   990  4674 I CameraHardwareInterface: unregisterMemory: memory pool is empty
11-17 22:32:27.946   758  1948 I QCamera : <HAL><INFO> close_camera_device: 1689: [KPI Perf]: X
11-17 22:32:27.947   758  1389 E QCamera2HWI: NFCSendMessage: can't open file /data/nfc/nfc_pipe
11-17 22:32:27.949   990  4674 I CameraService: onTorchStatusChangedLocked: Torch status changed for cameraId=1, newStatus=1
11-17 22:32:27.951   990  4674 I CameraService: disconnect: Disconnected client for camera 1 for PID 30957
11-17 22:32:27.951 30957   883 D LegacyCameraDevice: onRelease() - End, spent : 45 ms
11-17 22:32:27.951 30957   883 W ThreadMonitor: Stop monitor 'Camera Thread' (883)
11-17 22:32:27.952 30957 30957 V CameraDevice: changeState() - [bbd880b] State : RELEASED
11-17 22:32:27.952 30957 31303 V FaceUnlockService: release() - [End]
11-17 22:32:27.954   596   596 I hwservicemanager: getTransport: Cannot find entry vendor.qti.hardware.servicetracker@1.0::IServicetracker/default in either framework or device manifest.
11-17 22:32:27.961   596   596 I hwservicemanager: getTransport: Cannot find entry vendor.qti.hardware.servicetracker@1.0::IServicetracker/default in either framework or device manifest.
11-17 22:32:28.045  2674  2674 E ndroid.systemu: Invalid ID 0x00000000.
11-17 22:32:28.045  2674  2674 E ndroid.systemu: Invalid ID 0x00000000.
11-17 22:32:28.468  3168  3331 D MainServiceImplHandler: : handleMessage msg.what = 1002
11-17 22:32:28.468  3168  3331 D MainServiceImplHandler: : EVENT_STATE_INIT
11-17 22:32:28.691   596   596 I hwservicemanager: getTransport: Cannot find entry vendor.qti.hardware.servicetracker@1.0::IServicetracker/default in either framework or device manifest.
11-17 22:32:28.872  2674  2674 E ndroid.systemu: Invalid ID 0x00000000.
11-17 22:32:29.470  3168  3331 D MainServiceImplHandler: : handleMessage msg.what = 1002
11-17 22:32:29.470  3168  3331 D MainServiceImplHandler: : EVENT_STATE_INIT
11-17 22:32:29.712  1642  1819 E BatteryExternalStatsWorker: no controller energy info supplied for bluetooth
11-17 22:32:29.766   698  1501 I netd    : tetherGetStats() <4.08ms>
11-17 22:32:29.771  1642  1811 D ExtBatteryStatsService: @@@@ awaitUninterruptibly in 97 ms
11-17 22:32:29.771  1642  1811 D MyBatteryStatsHelper: ===processSingleAppUsage===
11-17 22:32:29.772  1642  1811 D ExtBatteryStatsService: ext-flush too soon, skip
11-17 22:32:29.772  1642  1811 D MyBatteryStatsHelper: ===processSingleAppUsage===
11-17 22:32:29.864  2674  2674 D KeyguardAbsKeyInputView: checkPassword begin
11-17 22:32:29.865  1642  4630 D LockSettingsService: VerifyCredential return when not Synthetic, 0
11-17 22:32:29.898   784   784 D OPParam : getParamIntSYNC: param get 13 2ce4 4
11-17 22:32:29.898   784   784 D OPParam : setParamBuf: param 17 offset 0x2ce8 length 48
11-17 22:32:29.884   784   784 W param@1.0-servi: type=1400 audit(0.0:136626): avc: denied { read write } for name="sda9" dev="tmpfs" ino=23579 scontext=u:r:hal_param_default:s0 tcontext=u:object_r:block_device:s0 tclass=blk_file permissive=0
11-17 22:32:29.894   784   784 W param@1.0-servi: type=1400 audit(0.0:136627): avc: denied { read write } for name="sda9" dev="tmpfs" ino=23579 scontext=u:r:hal_param_default:s0 tcontext=u:object_r:block_device:s0 tclass=blk_file permissive=0
11-17 22:32:29.899   784   784 D OPParam : setParamInt: param set 13 2ce4 1
11-17 22:32:29.900   996   996 D keystore: AddAuthenticationToken: timestamp = 27658477, time_received = 23938
11-17 22:32:29.902  2674  2674 D KeyguardAbsKeyInputView: onEarlyMatched: 0
11-17 22:32:29.904   996   996 I keystore: calling unlock when already unlocked, ignoring.
11-17 22:32:29.904  1642  4630 I LockSettingsService: Unlocking user 0 with token length 69
11-17 22:32:29.905  2674  2674 D KeyguardSecurityView: showNextSecurityScreenOrFinish(true), Password, 0
11-17 22:32:29.906  1642  4630 D LockSettingsService: unlockUser finished
11-17 22:32:29.907  1642  4630 I LockSettingsService: resetLockout
11-17 22:32:29.906  1642  4630 D LockSettingsService: unlockUser finished
11-17 22:32:29.913  2674  2674 D OpFingerprintDialogView: onFacelockStateChanged: type:0, isOffUnlock:false
11-17 22:32:29.913  2674  2674 D LockIcon: onFacelockStateChanged, type:0
11-17 22:32:29.914  2674  2674 I LockIcon:  updateDarkTint state:15
11-17 22:32:29.914  2674  2822 D gwy     : App Event: lock_unlock_success
11-17 22:32:29.915 18946 18946 I GoogleInputMethodService: GoogleInputMethodService.onStartInput():1981 
11-17 22:32:29.916 18946 18946 I DeviceUnlockedTag: DeviceUnlockedTag.notifyDeviceLockStatusChanged():76 Notify device locked.
11-17 22:32:29.916  2674  2674 D OpKeyguardUpdateMonitor: FacelockTrust,false
11-17 22:32:29.916 18946 18946 W SessionManager: SessionManager.beginSession():55 Try to begin an already begun session [INPUT_SESSION], end it first
11-17 22:32:29.916 18946 18946 W SessionManager: SessionManager.endSession():98 Child session [INPUT_VIEW_SESSION] is not ended while ending session [{INPUT_SESSION=1637177546671, INPUT_VIEW_SESSION=1637177546676, IME_SESSION=1637177546690}], ending it now.
11-17 22:32:29.916 18946 18946 W SessionManager: SessionManager.endSession():98 Child session [IME_SESSION] is not ended while ending session [{INPUT_SESSION=1637177546671, INPUT_VIEW_SESSION=1637177546676, IME_SESSION=1637177546690}], ending it now.
11-17 22:32:29.917  2674  2674 I LockIcon:  updateDarkTint state:15
11-17 22:32:29.917 18946 18946 I GoogleInputMethodService: GoogleInputMethodService.onStartInputView():2093 
11-17 22:32:29.917  2674  2674 D QSCustomizer: setCustomizing=false
11-17 22:32:29.918 18946 18946 I DeviceUnlockedTag: DeviceUnlockedTag.notifyDeviceLockStatusChanged():76 Notify device locked.
11-17 22:32:29.919 18946 18946 I DeviceUnlockedTag: DeviceUnlockedTag.notifyDeviceLockStatusChanged():76 Notify device locked.
11-17 22:32:29.920 18946 18946 I KeyboardViewUtil: KeyboardViewUtil.getKeyboardHeightRatio():172 systemKeyboardHeightRatio:1.000000; userKeyboardHeightRatio:1.000000.
11-17 22:32:29.920 18946 18946 I AndroidIME: AbstractIme.onDeactivate():207 PasswordIme.onDeactivate()
11-17 22:32:29.920 18946 18946 W SessionManager: SessionManager.endSession():90 Try to end a not begun session [IME_SESSION].
11-17 22:32:29.922 18946 18946 I DeviceUnlockedTag: DeviceUnlockedTag.notifyDeviceLockStatusChanged():76 Notify device locked.
11-17 22:32:29.922 18946 18946 I AndroidIME: AbstractIme.onActivate():86 PasswordIme.onActivate() : EditorInfo = inputType=Password imeActionName=DONE dump=[inputType=0x81 imeOptions=0x80000006 privateImeOptions=null actionLabel=null actionId=0 initialSelStart=7 initialSelEnd=7 initialCapsMode=0x0 hintText=null label=null packageName=com.android.systemui fieldId=2131362704 fieldName=null extras=null hintLocales=null contentMimeTypes=null targetInputMethodUserId=0 ], IncognitoMode = false, DeviceLocked = true
11-17 22:32:29.923 18946 18946 I DeviceUnlockedTag: DeviceUnlockedTag.notifyDeviceLockStatusChanged():76 Notify device locked.
11-17 22:32:29.924 18946 18946 I KeyboardViewUtil: KeyboardViewUtil.calculateMaxKeyboardBodyHeight():53 leave 354 height for app when screen height:2034, header height:116 and isFullscreenMode:false, so the max keyboard body height is:1564
11-17 22:32:29.924 18946 18946 W Keyboard: Keyboard.getKeyboardViewHelper():603 null helper is returned: keyboardDef=jxd{className=.latin.keyboard.LatinPasswordKeyboard, id=#0x7f0b066e, initialStates=0, keyboardViewDefs=[jxx{direction=null, id=#0x7f0b0145, isScalable=true, layoutId=#0x7f0e0182, type=BODY, touchable=true}, jxx{direction=LOCALE, id=#0x7f0b0145, isScalable=false, layoutId=#0x7f0e035a, type=HEADER, touchable=true}], keyTextSizeRatio=1.0, persistentStates=0, persistentStatesPrefKey=null, popupBubbleLayoutId=#0x7f0e0407, recentKeyLayoutId=#0x0, recentKeyPopupLayoutId=#0x0, recentKeyType=null, rememberRecentKey=NONE, sessionStates=0}, type=FLOATING_CANDIDATES, helpersCreated=[joq@fad40aa, joq@3f4849b, null], 
11-17 22:32:29.925 18946 18946 I DeviceUnlockedTag: DeviceUnlockedTag.notifyDeviceLockStatusChanged():76 Notify device locked.
11-17 22:32:29.925  2674  2674 I LockIcon:  updateDarkTint state:15
11-17 22:32:29.925 18946 18946 I DeviceModeUtil: DeviceModeUtil.getDeviceMode():84 Get device mode by ui mode:1 and smallestScreenWidthDp:411
11-17 22:32:29.925  2674  2674 D QSCustomizer: setCustomizing=false
