11-17 22:32:30.220 18946 19394 I AbstractOpenableExtension: AbstractOpenableExtension.maybeDestroyExistingKeyboardGroupManager():513 Destroy existing keyboard group manager in euz
11-17 22:32:30.220 18946 19394 I AbstractOpenableExtension: AbstractOpenableExtension.createKeyboardGroupManagerListenableFuture():122 Create keyboard group manager listenable future in euz
11-17 22:32:30.223 18946 19468 I DeviceUnlockedTag: DeviceUnlockedTag.notifyDeviceLockStatusChanged():79 Notify device unlocked.
11-17 22:32:30.224 18946 18946 I Delight5Facilitator: Delight5Facilitator.maybeReloadModelsOnDeviceLockStateChanged():695 Reload or unload user history for lock state change.
11-17 22:32:30.225 18946 18946 I Delight5Facilitator: Delight5Facilitator.maybeReloadModelsOnDeviceLockStateChanged():701 Reload or unload contacts and personal LM for lock state change.
11-17 22:32:30.225 18946 19466 I Delight5Facilitator: UserHistoryLanguageModelLoader.call():82 Running user history language model loader
11-17 22:32:30.226 18946  1410 I KeyboardGroupDefParser: KeyboardGroupDefParser.parseKeyboardGroupDef():88 parseKeyboardGroupDef() 2132214049 -> 0_resource_name_obfuscated : WaitTime = 7 ms : RunTime = 0 ms
11-17 22:32:30.226 18946 19466 I DeviceUnlockedTag: DeviceUnlockedTag.notifyDeviceLockStatusChanged():79 Notify device unlocked.
11-17 22:32:30.226 18946 19466 I Delight5Facilitator: ContactsLanguageModelLoader.call():35 Running contacts language model loader
11-17 22:32:30.227 18946 19917 I Delight5Decoder: Delight5DecoderWrapper.loadLanguageModel():615 loadLanguageModel() : 3, version [n/a]
11-17 22:32:30.227 18946 19466 I DeviceUnlockedTag: DeviceUnlockedTag.notifyDeviceLockStatusChanged():79 Notify device unlocked.
11-17 22:32:30.227 18946 19466 I Delight5Facilitator: ContactsLanguageModelLoader.call():47 Contacts language model is unloaded: preferences=false, deviceLocked=false
11-17 22:32:30.227 18946 19466 I Delight5Facilitator: PersonalLanguageModelLoader.call():44 Running personal language model loader
11-17 22:32:30.228 18946 19466 I DeviceUnlockedTag: DeviceUnlockedTag.notifyDeviceLockStatusChanged():79 Notify device unlocked.
11-17 22:32:30.233 18946  1414 I KeyboardGroupDefParser: KeyboardGroupDefParser.parseKeyboardGroupDef():88 parseKeyboardGroupDef() 2132214043 -> 0_resource_name_obfuscated : WaitTime = 12 ms : RunTime = 1 ms
11-17 22:32:30.234  2674  2674 I StatusBarWindowController: applyExpandedFlag expanded:true isCameraLaunched:false
11-17 22:32:30.236 18945 18945 D FrequentAppsGrid: bindAppGridItem pkg status: com.android.todolist. isPackageValid: true, isPackageRestoring: false
11-17 22:32:30.236 18945 18945 D FrequentAppsGrid: bindAppGridItem: 0
11-17 22:32:30.236 18945 18945 W FrequentAppsGrid: onIconUpdated: IconViewHolder is null at 0
11-17 22:32:30.237 18945 19372 D ModelWriter: update size for Quick Page model item: FrequentAppsGrid{id=4, size=2, count=10}
11-17 22:32:30.237 18945 19372 D LauncherProvider: setupStatus=1
11-17 22:32:30.253   596   596 I hwservicemanager: getTransport: Cannot find entry vendor.qti.hardware.servicetracker@1.0::IServicetracker/default in either framework or device manifest.
11-17 22:32:30.268 19815  1418 W TapAndPay: platformSupportsGooglePay: true [CONTEXT service_id=79 ]
11-17 22:32:30.268 19815  1418 W TapAndPay: hasManagedProfile: false [CONTEXT service_id=79 ]
11-17 22:32:30.268 19815  1418 W TapAndPay: isChromeOsDevice: false [CONTEXT service_id=79 ]
11-17 22:32:30.268 19815  1418 W TapAndPay: isUncertifiedDevice: false [CONTEXT service_id=79 ]
11-17 22:32:30.268 19815  1418 W TapAndPay: deviceSupportsTokenization: true [CONTEXT service_id=79 ]
11-17 22:32:30.268 19815  1418 W TapAndPay: isGooglePayEnabled: true [CONTEXT service_id=79 ]
11-17 22:32:30.269 19815 20994 I NearbyMediums: BluetoothAdapter's name was not set by Nearby Connections, ignoring call to restore default scan mode. [CONTEXT service_id=54 ]
11-17 22:32:30.269 19815 20994 I NearbyMediums: BluetoothAdapter's name was not set by Nearby Connections, ignoring call to restore device name [CONTEXT service_id=54 ]
11-17 22:32:30.280   596   596 I hwservicemanager: getTransport: Cannot find entry vendor.qti.hardware.servicetracker@1.0::IServicetracker/default in either framework or device manifest.
11-17 22:32:30.283 22112 22112 D BoundBrokerSvc: onBind: Intent { act=com.google.android.gms.auth.cryptauth.cryptauthservice.START cmp=com.google.android.gms/.chimera.GmsBoundBrokerService }
11-17 22:32:30.283 22112 22112 D BoundBrokerSvc: Loading bound service for intent: Intent { act=com.google.android.gms.auth.cryptauth.cryptauthservice.START cmp=com.google.android.gms/.chimera.GmsBoundBrokerService }
11-17 22:32:30.285   596   596 I hwservicemanager: getTransport: Cannot find entry vendor.qti.hardware.servicetracker@1.0::IServicetracker/default in either framework or device manifest.
11-17 22:32:30.288 22112 22112 D BoundBrokerSvc: onBind: Intent { act=com.google.android.gms.cast.firstparty.START cmp=com.google.android.gms/.chimera.GmsBoundBrokerService }
11-17 22:32:30.288 22112 22112 D BoundBrokerSvc: Loading bound service for intent: Intent { act=com.google.android.gms.cast.firstparty.START cmp=com.google.android.gms/.chimera.GmsBoundBrokerService }
11-17 22:32:30.294 18946 19917 I Delight5Decoder: Delight5DecoderWrapper.loadLanguageModel():656 Loaded dynamic LM 3.ru
11-17 22:32:30.318 22112 31158 I CastDatabase: Opening the database
11-17 22:32:30.327 22112 23057 I DiscoveryManager: WifiGuestModeDeviceScanner enabled.
11-17 22:32:30.335 22112 31158 I SQLiteCastStore: 0 CastNetworkInfo instances loaded, 0 CastDeviceInfo instances loaded, 0 paired guest mode devices loaded.
11-17 22:32:30.335  1642  3221 I WifiService: startScan uid=10015
11-17 22:32:30.335  1642  2536 D WifiScanRequestProxy: the whitlist package =com.autonavi.minimap
11-17 22:32:30.335  1642  2536 D WifiScanRequestProxy: the whitlist package =com.autonavi.amapauto
11-17 22:32:30.335  1642  2536 D WifiScanRequestProxy: the whitlist package =com.amap.android.ams
11-17 22:32:30.335  1642  2536 D WifiScanRequestProxy: the whitlist package =com.amap.android.location
11-17 22:32:30.429  3434 20251 W .android.chrom: Reducing the number of considered missed Gc histogram windows from 270 to 100
11-17 22:32:30.442  2674  2674 I StatusBarWindowController: applyExpandedFlag expanded:false isCameraLaunched:false
11-17 22:32:30.444  2674  2674 D ScrimController: onAnimationEnd:false
11-17 22:32:30.471  3168  3331 D MainServiceImplHandler: : handleMessage msg.what = 1002
11-17 22:32:30.471  3168  3331 D MainServiceImplHandler: : EVENT_STATE_INIT
11-17 22:32:30.485  2674  2952 I ScreenDecorations: onPreDraw pass, mRotation:0, mOpPendingRotationChange:false, mOpPendingRotationChangeBottom:false, mLastLockTime:0
11-17 22:32:30.534  1642  1642 V SettingsProvider: Notifying for 0: content://settings/system/rading_mode_status_auto
11-17 22:32:30.535  2572  2613 I OIMC    : notified , mode ColorReadMode changeTo 2
11-17 22:32:30.536  2572  2619 I OIMC_CORE: handleMessage:   MODE_EXIT, arg1: 0, arg2: 0, obj: com.oneplus.server.oimc.gwy@1767bf2
11-17 22:32:30.536  2572  2619 I OIMC_CORE: The mode: ColorReadMode is not entered
11-17 22:32:30.536  2572  2613 I OIMC    : notified , mode ReadMode changeTo 2
11-17 22:32:30.536  2572  2619 I OIMC_CORE: handleMessage:   MODE_EXIT, arg1: 0, arg2: 0, obj: com.oneplus.server.oimc.gwy@862b243
11-17 22:32:30.536  2572  2619 I OIMC_CORE: The mode: ReadMode is not entered
11-17 22:32:30.537  1642  1642 V SettingsProvider: Notifying for 0: content://settings/system/rading_mode_status_auto
11-17 22:32:30.490  2674  2952 I ScreenDecorations: onPreDraw pass, mRotation:0, mOpPendingRotationChange:false, mOpPendingRotationChangeBottom:false, mLastLockTime:0
11-17 22:32:30.602  2674  2674 D StatusBar: disable<e i a s b h r c s > disable2<q i n v >
11-17 22:32:30.603  2674  2674 D OverviewProxyService: SystemUi flags: 0
11-17 22:32:31.049  2674  2674 I OpChargingAnimationControllerImpl: releaseAsset
11-17 22:32:31.080  1642  1811 W AlarmManager: Unrecognized alarm listener com.android.server.b@d6702f7
11-17 22:32:31.163 18945 18945 D DragController: onControllerInterceptTouchEvent ActionDown pos =663, 1469
11-17 22:32:31.209 18945 18945 D ASCTouchController: onDragStart# currentAnimation: null
11-17 22:32:31.209 18945 18945 D DeviceHelper: isIndiaSkuSupports: this= 17801 , is SKU: false
11-17 22:32:31.209 18945 18945 D DeviceHelper: isIndiaSkuSupports: this= 17801 , is SKU: false
11-17 22:32:31.209 18945 18945 D AppsSearchContainerLayout: setHint# primary: true
11-17 22:32:31.209 18945 18945 D AppsSearchContainerLayout: setHint# parentFocus: false
11-17 22:32:31.210 18945 18945 D AppsSearchContainerLayout: Showing call stack: 
11-17 22:32:31.210 18945 18945 D AppsSearchContainerLayout:     [AppsSearchContainerLayout] AppsSearchBarContainer.java, setHint, line: 460
11-17 22:32:31.210 18945 18945 D AppsSearchContainerLayout:     [AppsSearchContainerLayout] AllAppsSwipeController.java, requestQuickSearch, line: 147
11-17 22:32:31.210 18945 18945 D AppsSearchContainerLayout:     [AppsSearchContainerLayout] AllAppsSwipeController.java, initCurrentAnimation, line: 115
11-17 22:32:31.210 18945 18945 D AppsSearchContainerLayout:     [AppsSearchContainerLayout] AbstractStateChangeTouchController.java, reinitCurrentAnimation, line: 245
11-17 22:32:31.210 18945 18945 D AppsSearchContainerLayout:     [AppsSearchContainerLayout] AbstractStateChangeTouchController.java, onDragStart, line: 277
11-17 22:32:31.210 18945 18945 D AppsSearchContainerLayout:     [AppsSearchContainerLayout] AllAppsSwipeController.java, onDragStart, line: 155
11-17 22:32:31.210 18945 18945 D AppsSearchContainerLayout:     [AppsSearchContainerLayout] SwipeDetector.java, reportDragStart, line: 357
11-17 22:32:31.210 18945 18945 D AppsSearchContainerLayout:     [AppsSearchContainerLayout] SwipeDetector.java, setState, line: 173
11-17 22:32:31.212 18945 18945 D DeviceHelper: isIndiaSkuSupports: this= 17801 , is SKU: false
11-17 22:32:31.212 18945 18945 I chatty  : uid=10075(net.oneplus.launcher) identical 2 lines
11-17 22:32:31.213 18945 18945 D DeviceHelper: isIndiaSkuSupports: this= 17801 , is SKU: false
11-17 22:32:31.213 18945 18945 D StateManager: setAnimation# targetState: ALL_APPS, anim: 143801818
11-17 22:32:31.213 18945 18945 D StateManager: onStateTransitionStart# state: NORMAL -> ALL_APPS
11-17 22:32:31.213 18945 18945 D RotationHelper: notifyChange: activityFlags= 1
11-17 22:32:31.213 18945 18945 D LauncherAppWidgetHost: setResumed# isResumed: false, flag: 7
11-17 22:32:31.214 18945 18945 D AllAppsTrans: onProgressAnimationStart, alpha = 1.0, isShowHidden = false, drawer visibility = 0, alpha = 1.0, allapps visibility = 0, alpha = 1.0
11-17 22:32:31.214 18945 18945 D Launcher.Workspace: onStartStateTransition# toState: ALL_APPS
11-17 22:32:31.214 18945 18945 D ASCTouchController: onDragStart# from: NORMAL to: ALL_APPS
11-17 22:32:31.215 18945 18945 D BaseDragLayer: activeController: net.oneplus.launcher.touch.AllAppsSwipeController@d26e0dc
11-17 22:32:31.263 18945 18945 D ASCTouchController: onDragEnd# currentAnimation: net.oneplus.launcher.anim.AnimatorPlaybackController$AnimatorPlaybackControllerVL@e02a3e7
11-17 22:32:31.263 18945 18945 D StateManager: onStateTransitionStart# state: ALL_APPS -> ALL_APPS
11-17 22:32:31.263 18945 18945 D RotationHelper: notifyChange: activityFlags= 1
11-17 22:32:31.263 18945 18945 D LauncherAppWidgetHost: setResumed# isResumed: false, flag: 5
11-17 22:32:31.263 18945 18945 D AllAppsTrans: onProgressAnimationStart, alpha = 1.0, isShowHidden = false, drawer visibility = 0, alpha = 1.0, allapps visibility = 0, alpha = 1.0
11-17 22:32:31.264 18945 18945 D Launcher.Workspace: onStartStateTransition# toState: ALL_APPS
11-17 22:32:31.292  4492  4738 D SecureService: limitReached........limitName:globalAlert, iface:lo
11-17 22:32:31.473  3168  3331 D MainServiceImplHandler: : handleMessage msg.what = 1002
11-17 22:32:31.473  3168  3331 D MainServiceImplHandler: : EVENT_STATE_INIT
11-17 22:32:31.492 18945 18945 D SystemUiController: updateUiState# state: 1 , setSystemUiVisibility = 8192
11-17 22:32:31.497 18945 18945 D SystemUiController: Showing call stack: 
11-17 22:32:31.497 18945 18945 D SystemUiController:     [SystemUiController] SystemUiController.java, updateUiState, line: 109
11-17 22:32:31.497 18945 18945 D SystemUiController:     [SystemUiController] AllAppsTransitionController.java, setProgress, line: 165
11-17 22:32:31.497 18945 18945 D SystemUiController:     [SystemUiController] AllAppsTransitionController.java, setValue, line: 75
11-17 22:32:31.497 18945 18945 D DeviceHelper: isIndiaSkuSupports: this= 17801 , is SKU: false
11-17 22:32:31.501  2674  2674 D LightBarController: onNavigationVisibilityChanged mNavigationLight = false
11-17 22:32:31.503 18945 18945 D LauncherRootView: dispatchApplyWindowInsets# gestureInsets: Insets{left=0, top=63, right=0, bottom=126}
11-17 22:32:31.504 18945 18945 D LauncherRootView: handleSystemWindowInsets# insets: [0,63][0,126] , isInMultiWindowMode: false
11-17 22:32:31.507 18945 18945 D DeviceHelper: isIndiaSkuSupports: this= 17801 , is SKU: false
11-17 22:32:31.608 18945 18945 I chatty  : uid=10075(net.oneplus.launcher) identical 6 lines
11-17 22:32:31.608 18945 18945 D DeviceHelper: isIndiaSkuSupports: this= 17801 , is SKU: false
11-17 22:32:31.608 18945 18945 D StateManager: onAnimationEnd# set currentAnim to empty.
11-17 22:32:31.608 18945 18945 D StateManager: onStateTransitionEnd# state: ALL_APPS
11-17 22:32:31.608 18945 18945 D Launcher: onStateTransitionComplete set AppsView alphaProperty = 1, state = ALL_APPS
11-17 22:32:31.608 18945 18945 D DeviceHelper: isIndiaSkuSupports: this= 17801 , is SKU: false
11-17 22:32:31.608 18945 18945 I chatty  : uid=10075(net.oneplus.launcher) identical 1 line
11-17 22:32:31.609 18945 18945 D DeviceHelper: isIndiaSkuSupports: this= 17801 , is SKU: false
11-17 22:32:31.609 18945 18945 D AllAppsTrans: onProgressAnimationEnd, alpha = 1.0, visibility = 0, isShowHidden = false, drawer visibility = 0, alpha = 1.0, allapps visibility = 0, alpha = 1.0
11-17 22:32:31.609 18945 18945 D Launcher.Workspace: onEndStateTransition# toState: ALL_APPS
11-17 22:32:31.609 18945 18945 D ASCTouchController: onSwipeInteractionCompleted# targetState: ALL_APPS
11-17 22:32:31.610 18945 18945 D StateManager: gotoState# fromState=ALL_APPS, toState=ALL_APPS, animated = false
11-17 22:32:31.932 18945 18945 D DragController: onControllerInterceptTouchEvent ActionDown pos =704, 1396
11-17 22:32:31.932 18945 18945 D DeviceHelper: isIndiaSkuSupports: this= 17801 , is SKU: false
11-17 22:32:31.932 18945 18945 I chatty  : uid=10075(net.oneplus.launcher) identical 1 line
11-17 22:32:31.933 18945 18945 D DeviceHelper: isIndiaSkuSupports: this= 17801 , is SKU: false
11-17 22:32:31.933 18945 18945 I SlidingPaneLayout: onInterceptTouchEvent: getViewDragState=0
11-17 22:32:31.933 18945 18945 I SlidingPaneLayout: onInterceptTouchEvent: isSearchMode=false, isOnFirstSearchPage=true, isTabShown=false, isOnPersonalTab=false, isMoveLeft=false, action=0
11-17 22:32:31.933 18945 18945 D SlidingPaneLayout: onInterceptTouchEvent: false | false | false
11-17 22:32:31.957 18945 18945 D DeviceHelper: isIndiaSkuSupports: this= 17801 , is SKU: false
11-17 22:32:31.957 18945 18945 I SlidingPaneLayout: onInterceptTouchEvent: getViewDragState=0
11-17 22:32:31.957 18945 18945 I SlidingPaneLayout: onInterceptTouchEvent: isSearchMode=false, isOnFirstSearchPage=true, isTabShown=false, isOnPersonalTab=false, isMoveLeft=false, action=2
11-17 22:32:31.957 18945 18945 D SlidingPaneLayout: onInterceptTouchEvent: false | false | false
11-17 22:32:31.974 18945 18945 D DeviceHelper: isIndiaSkuSupports: this= 17801 , is SKU: false
11-17 22:32:31.974 18945 18945 I SlidingPaneLayout: onInterceptTouchEvent: getViewDragState=0
11-17 22:32:31.974 18945 18945 I SlidingPaneLayout: onInterceptTouchEvent: isSearchMode=false, isOnFirstSearchPage=true, isTabShown=false, isOnPersonalTab=false, isMoveLeft=false, action=2
11-17 22:32:31.974 18945 18945 D SlidingPaneLayout: onInterceptTouchEvent: false | false | false
11-17 22:32:31.990 18945 18945 D DeviceHelper: isIndiaSkuSupports: this= 17801 , is SKU: false
11-17 22:32:31.990 18945 18945 I SlidingPaneLayout: onInterceptTouchEvent: getViewDragState=0
11-17 22:32:31.990 18945 18945 I SlidingPaneLayout: onInterceptTouchEvent: isSearchMode=false, isOnFirstSearchPage=true, isTabShown=false, isOnPersonalTab=false, isMoveLeft=false, action=2
11-17 22:32:31.991 18945 18945 D SlidingPaneLayout: onInterceptTouchEvent: false | false | false
11-17 22:32:32.264   980   980 W thermal-engine: type=1400 audit(0.0:136628): avc: denied { read } for name="u:object_r:system_prop:s0" dev="tmpfs" ino=21754 scontext=u:r:thermal-engine:s0 tcontext=u:object_r:system_prop:s0 tclass=file permissive=0
11-17 22:32:32.279   980  1122 E libc    : Access denied finding property "sys.thermal.para"
11-17 22:32:32.300   698  1501 I netd    : tetherGetStats() <2.26ms>
11-17 22:32:32.308   698  1501 I netd    : bandwidthSetGlobalAlert(2097152) <0.22ms>
11-17 22:32:32.460 18945 18945 D DragController: onControllerInterceptTouchEvent ActionDown pos =720, 1243
11-17 22:32:32.460 18945 18945 D DeviceHelper: isIndiaSkuSupports: this= 17801 , is SKU: false
11-17 22:32:32.460 18945 18945 I chatty  : uid=10075(net.oneplus.launcher) identical 1 line
11-17 22:32:32.461 18945 18945 D DeviceHelper: isIndiaSkuSupports: this= 17801 , is SKU: false
11-17 22:32:32.461 18945 18945 I SlidingPaneLayout: onInterceptTouchEvent: getViewDragState=0
11-17 22:32:32.461 18945 18945 I SlidingPaneLayout: onInterceptTouchEvent: isSearchMode=false, isOnFirstSearchPage=true, isTabShown=false, isOnPersonalTab=false, isMoveLeft=false, action=0
11-17 22:32:32.461 18945 18945 D SlidingPaneLayout: onInterceptTouchEvent: false | false | false
11-17 22:32:32.474  3168  3331 D MainServiceImplHandler: : handleMessage msg.what = 1002
11-17 22:32:32.474  3168  3331 D MainServiceImplHandler: : EVENT_STATE_INIT
11-17 22:32:32.506 18945 18945 D DeviceHelper: isIndiaSkuSupports: this= 17801 , is SKU: false
11-17 22:32:32.506 18945 18945 I SlidingPaneLayout: onInterceptTouchEvent: getViewDragState=0
11-17 22:32:32.506 18945 18945 I SlidingPaneLayout: onInterceptTouchEvent: isSearchMode=false, isOnFirstSearchPage=true, isTabShown=false, isOnPersonalTab=false, isMoveLeft=false, action=2
11-17 22:32:32.506 18945 18945 D SlidingPaneLayout: onInterceptTouchEvent: false | false | false
11-17 22:32:32.523 18945 18945 D DeviceHelper: isIndiaSkuSupports: this= 17801 , is SKU: false
11-17 22:32:32.523 18945 18945 I SlidingPaneLayout: onInterceptTouchEvent: getViewDragState=0
11-17 22:32:32.523 18945 18945 I SlidingPaneLayout: onInterceptTouchEvent: isSearchMode=false, isOnFirstSearchPage=true, isTabShown=false, isOnPersonalTab=false, isMoveLeft=false, action=2
11-17 22:32:32.523 18945 18945 D SlidingPaneLayout: onInterceptTouchEvent: false | false | false
11-17 22:32:32.539 18945 18945 D DeviceHelper: isIndiaSkuSupports: this= 17801 , is SKU: false
11-17 22:32:32.539 18945 18945 I SlidingPaneLayout: onInterceptTouchEvent: getViewDragState=0
11-17 22:32:32.539 18945 18945 I SlidingPaneLayout: onInterceptTouchEvent: isSearchMode=false, isOnFirstSearchPage=true, isTabShown=false, isOnPersonalTab=false, isMoveLeft=false, action=2
11-17 22:32:32.539 18945 18945 D SlidingPaneLayout: onInterceptTouchEvent: false | false | false
11-17 22:32:32.556 18945 18945 D DeviceHelper: isIndiaSkuSupports: this= 17801 , is SKU: false
11-17 22:32:32.557 18945 18945 I SlidingPaneLayout: onInterceptTouchEvent: getViewDragState=0
11-17 22:32:32.557 18945 18945 I SlidingPaneLayout: onInterceptTouchEvent: isSearchMode=false, isOnFirstSearchPage=true, isTabShown=false, isOnPersonalTab=false, isMoveLeft=false, action=2
11-17 22:32:32.557 18945 18945 D SlidingPaneLayout: onInterceptTouchEvent: false | false | false
11-17 22:32:32.573 18945 18945 D DeviceHelper: isIndiaSkuSupports: this= 17801 , is SKU: false
11-17 22:32:32.573 18945 18945 I SlidingPaneLayout: onInterceptTouchEvent: getViewDragState=0
11-17 22:32:32.573 18945 18945 I SlidingPaneLayout: onInterceptTouchEvent: isSearchMode=false, isOnFirstSearchPage=true, isTabShown=false, isOnPersonalTab=false, isMoveLeft=false, action=2
11-17 22:32:32.573 18945 18945 D SlidingPaneLayout: onInterceptTouchEvent: false | false | false
11-17 22:32:32.589 18945 18945 D DeviceHelper: isIndiaSkuSupports: this= 17801 , is SKU: false
11-17 22:32:32.589 18945 18945 I SlidingPaneLayout: onInterceptTouchEvent: getViewDragState=0
11-17 22:32:32.589 18945 18945 I SlidingPaneLayout: onInterceptTouchEvent: isSearchMode=false, isOnFirstSearchPage=true, isTabShown=false, isOnPersonalTab=false, isMoveLeft=false, action=2
11-17 22:32:32.589 18945 18945 D SlidingPaneLayout: onInterceptTouchEvent: false | false | false
11-17 22:32:32.795 18945 18945 D DragController: onControllerInterceptTouchEvent ActionUp pos =798.0, 1016.0
11-17 22:32:32.817  2679  2679 D QcrilMsgTunnelIfaceManager: handleMessage what = 1
11-17 22:32:32.817  2679  2679 I QcrilOemhookMsgTunnel: [0]invokeOemRilRequestRaw: serial=1050 length=25
11-17 22:32:32.821  2679  3073 I QcrilOemhookMsgTunnel: [0]processOemHookResponse serial no: 1050 error: 0length=0
11-17 22:32:32.821  2679  2679 D QcrilMsgTunnelIfaceManager: handleMessage what = 2
11-17 22:32:33.236  2674  2674 D KeyguardUpdateMonitor: received broadcast android.intent.action.BATTERY_CHANGED
11-17 22:32:33.239  1642  1811 W AlarmManager: Unrecognized alarm listener com.android.server.b@d6702f7
11-17 22:32:33.324 18946 19361 W putmethod.lati: Reducing the number of considered missed Gc histogram windows from 175 to 100
11-17 22:32:33.350 18945 18945 D DragController: onControllerInterceptTouchEvent ActionDown pos =157, 1237
11-17 22:32:33.350 18945 18945 D DeviceHelper: isIndiaSkuSupports: this= 17801 , is SKU: false
11-17 22:32:33.350 18945 18945 I chatty  : uid=10075(net.oneplus.launcher) identical 1 line
11-17 22:32:33.350 18945 18945 D DeviceHelper: isIndiaSkuSupports: this= 17801 , is SKU: false
11-17 22:32:33.351 18945 18945 I SlidingPaneLayout: onInterceptTouchEvent: getViewDragState=0
11-17 22:32:33.351 18945 18945 I SlidingPaneLayout: onInterceptTouchEvent: isSearchMode=false, isOnFirstSearchPage=true, isTabShown=false, isOnPersonalTab=false, isMoveLeft=false, action=0
11-17 22:32:33.351 18945 18945 D SlidingPaneLayout: onInterceptTouchEvent: false | false | false
11-17 22:32:33.400 18945 18945 D DragController: onControllerInterceptTouchEvent ActionUp pos =157.0, 1237.0
11-17 22:32:33.404  1642  3100 D OemSceneCallBlock: isCallBlockedWithUidIntent { act=android.intent.action.MAIN cat=[android.intent.category.LAUNCHER] flg=0x10200000 cmp=com.android.todolist/.MainActivity bnds=[32,1092][235,1406] }, ResolveInfo{3dbdd5b com.android.todolist/.MainActivity m=0x0}, false
11-17 22:32:33.406  1642  3100 I ActivityTaskManager: START u0 {act=android.intent.action.MAIN cat=[android.intent.category.LAUNCHER] flg=0x10200000 cmp=com.android.todolist/.MainActivity bnds=[32,1092][235,1406]} from uid 10075 pid 18945
11-17 22:32:33.417   596   596 I hwservicemanager: getTransport: Cannot find entry vendor.qti.hardware.iop@2.0::IIop/default in either framework or device manifest.
11-17 22:32:33.421  1642  3100 D ActivityTrigger: ActivityTrigger activityPauseTrigger 
11-17 22:32:33.423 18945 18945 D BaseDraggingActivity: startActivity bookkeeping intent = Intent { act=android.intent.action.MAIN cat=[android.intent.category.LAUNCHER] flg=0x10200000 cmp=com.android.todolist/.MainActivity bnds=[32,1092][235,1406] }
11-17 22:32:33.423 18945 18945 D Stats   : Intent.getPackage() is null. therefore try to get package name from componentName.getPackageName(): com.android.todolist
11-17 22:32:33.423 18945 18945 D Stats   : Intent.getPackage() is null. therefore try to get package name from componentName.getPackageName(): com.android.todolist
11-17 22:32:33.423 18945 20493 D Stats   : save stats in background ...
11-17 22:32:33.423 18945 18945 D ItemClickHandler: onClick app, allappsTransProgress = 0.0, tag = AppInfo(id=-1 type=APP container=-1 screen=-1 cell(-1,-1) span(1,1) minSpan(1,1) rank=0 user=UserHandle{0} title=To Do List hidden=false dirty = false newInstallTag=null componentName=ComponentInfo{com.android.todolist/com.android.todolist.MainActivity} searchResult=null suggestionApp=null)
11-17 22:32:33.425  1642  1796 E system_server: Invalid ID 0x00000000.
11-17 22:32:33.426 18945 18945 D Launcher: onPause# hashcode: 13909111
11-17 22:32:33.426 18945 18945 I ShelfLauncherCallbacks: onPause
11-17 22:32:33.427  1642  1795 D OpPowerConsumpStatsInjector: notifyPkgEvent
11-17 22:32:33.427  1642  1795 D OpRestartProcessManager: updateSelf :  com.android.todolist, size : 30
11-17 22:32:33.432   699   699 I ZygoteServer: Get USAP proc command with pid # 32568 block_kill# true
11-17 22:32:33.433   699   699 I ZygoteServer: Get USAP proc command with pid # 32568 block_kill# false
11-17 22:32:33.437 32568 32568 I ndroid.todolis: Late-enabling -Xcheck:jni
11-17 22:32:33.441 18945 19309 D ViewRootImpl[Launcher]: windowFocusChanged hasFocus=false inTouchMode=true
11-17 22:32:33.441 18945 18945 D Launcher: onWindowFocusChanged# hasFocus: false
11-17 22:32:33.443  1642  1814 I ActivityManager: Start proc 32568:com.android.todolist/u0a470 for activity {com.android.todolist/com.android.todolist.MainActivity}
11-17 22:32:33.447 18945 19372 I WeatherProvider: un-subscribe the weather callback: 
11-17 22:32:33.469 32568 32568 E ndroid.todolis: Unknown bits set in runtime_flags: 0x28000
11-17 22:32:33.475  3168  3331 D MainServiceImplHandler: : handleMessage msg.what = 1002
11-17 22:32:33.475  3168  3331 D MainServiceImplHandler: : EVENT_STATE_INIT
11-17 22:32:33.486  1642  3100 D OemSceneModeActivityStack: [scene] evaluateGameModes :  gameMsg.arg1=0 gameMsg.arg2=1
11-17 22:32:33.486  1642  3100 D OpQuickReply: setQuickReplyResumed focusedApp AppWindowToken{d757d36 token=Token{5c89ed1 ActivityRecord{17129f8 u0 com.android.todolist/.MainActivity t56807}}} pkgName com.android.todolist
11-17 22:32:33.492  2674  2674 D LightBarController: onNavigationVisibilityChanged mNavigationLight = false
11-17 22:32:33.494  1642  1795 D Foreground_io: TOP_APP is ProcessRecord{49c4d3c 32568:com.android.todolist/u0a470} uid is 10470
11-17 22:32:33.494 18945 19309 D LauncherAnimationRunner: onAnimationStart#
11-17 22:32:33.494  1642  1482 D Foreground_io: Setting fg uid
11-17 22:32:33.495  1642  1482 D Foreground_io: Done
11-17 22:32:33.495 18945 18945 D StateManager: setAnimation# targetState: null, anim: 32887236
11-17 22:32:33.496 18945 18945 D QuickstepTransition: [OSP-1899] getLauncherContentAnimator: isAppOpening= true, trans= 0.0, -131.0
11-17 22:32:33.496 18945 18945 D BaseActivity: addForceInvisibleFlag add flag = 2, currentFlag = 2
11-17 22:32:33.496 18945 18945 D BaseActivity: Showing call stack: 
11-17 22:32:33.496 18945 18945 D BaseActivity:     [BaseActivity] QuickstepAppTransitionManagerImpl.java, onAnimationStart, line: 158
11-17 22:32:33.497  1642  1795 D OpPowerConsumpStatsInjector: notifyPkgEvent
11-17 22:32:33.528 18945 19597 D RecentTasksList: loadTasksInBackground: getRecentTasks
11-17 22:32:33.530 18945 19597 D RecentTasksList: dumpTasks# id=56794, cmp=ComponentInfo{com.instagram.android/com.instagram.android.activity.MainTabActivity}, uid=0, locked=false, isAppLocked=false; id=56805, cmp=ComponentInfo{com.android.settings/com.android.settings.Settings$UsbDetailsActivity}, uid=0, locked=false, isAppLocked=false; id=56807, cmp=ComponentInfo{com.android.todolist/com.android.todolist.MainActivity}, uid=0, locked=false, isAppLocked=false;
11-17 22:32:33.642 32568 32568 I Perf    : Connecting to perf service.
11-17 22:32:33.646 32568 32568 I ndroid.todolis: [GL_OOM] ClampGrowthLimit 268435456
11-17 22:32:33.651 32568 32568 V Font    : Change font:1
11-17 22:32:33.652 32568 32568 V Font    : Default family:android.graphics.Typeface@301c5b9f
11-17 22:32:33.653   596   596 I hwservicemanager: getTransport: Cannot find entry vendor.qti.hardware.iop@2.0::IIop/default in either framework or device manifest.
11-17 22:32:33.653  1002  1067 E ANDR-IOP: IIop:: Iop HAL Service is not available.
11-17 22:32:33.665  1642  2514 V AlarmManager: Triggering alarm #0: 2 when =27657423 package =com.google.android.gms operation =*walarm*:com.google.android.location.ALARM_WAKEUP_LOCATOR flags =0x1
11-17 22:32:33.673  3168  3196 D PhoneInterfaceManager: [PhoneIntfMgr] getPhoneFromSubId: -1
11-17 22:32:33.733 32568 32568 W ndroid.todolis: Accessing hidden method Landroid/view/View;->computeFitSystemWindows(Landroid/graphics/Rect;Landroid/graphics/Rect;)Z (greylist, reflection, allowed)
11-17 22:32:33.734 32568 32568 W ndroid.todolis: Accessing hidden method Landroid/view/ViewGroup;->makeOptionalFitsSystemWindows()V (greylist, reflection, allowed)
11-17 22:32:33.742 32568 32568 V FlingOptimizerScroller: FlingOptimizerOverScroller Init
11-17 22:32:33.854 18945 18945 D StateManager: onAnimationEnd# set currentAnim to empty.
11-17 22:32:33.854 18945 18945 D BaseActivity: clearForceInvisibleFlag add flag = 2, currentFlag = 0
11-17 22:32:33.854 18945 18945 D BaseActivity: Showing call stack: 
11-17 22:32:33.854 18945 18945 D BaseActivity:     [BaseActivity] QuickstepAppTransitionManagerImpl.java, onAnimationEnd, line: 164
11-17 22:32:33.899 32568 32568 V ViewRootImpl: The specified message queue synchronization  barrier token has not been posted or has already been removed
11-17 22:32:33.928 32568  1477 D DecorView: onWindowFocusChangedFromViewRoot hasFocus: true, DecorView@8958b8c[MainActivity]
11-17 22:32:33.930 32568  1477 D ViewRootImpl[MainActivity]: windowFocusChanged hasFocus=true inTouchMode=true
11-17 22:32:33.930 32568  1502 I AdrenoGLES: QUALCOMM build                   : 6209c5d, Ifdcc64d6e8
11-17 22:32:33.930 32568  1502 I AdrenoGLES: Build Date                       : 12/12/19
11-17 22:32:33.930 32568  1502 I AdrenoGLES: OpenGL ES Shader Compiler Version: EV031.27.05.03
11-17 22:32:33.930 32568  1502 I AdrenoGLES: Local Branch                     : mybranchea1c9b4a-9e05-f149-a3b2-1458d0b52ae8
11-17 22:32:33.930 32568  1502 I AdrenoGLES: Remote Branch                    : quic/gfx-adreno.lnx.1.0.r85-rel
11-17 22:32:33.930 32568  1502 I AdrenoGLES: Remote Branch                    : NONE
11-17 22:32:33.930 32568  1502 I AdrenoGLES: Reconstruct Branch               : NOTHING
11-17 22:32:33.930 32568  1502 I AdrenoGLES: Build Config                     : C O 9.0.3 AArch64
11-17 22:32:33.938 32568  1502 I AdrenoGLES: PFP: 0x005ff112, ME: 0x005ff066
11-17 22:32:33.950   767   767 I SDM     : HWCDisplay::GetHdrCapabilities: HDR is not supported
11-17 22:32:33.951   767   767 I SDM     : HWCDisplay::GetHdrCapabilities: HDR is not supported
11-17 22:32:33.985   596   596 I hwservicemanager: getTransport: Cannot find entry android.hardware.graphics.mapper@3.0::IMapper/default in either framework or device manifest.
11-17 22:32:33.986 32568  1502 W Gralloc3: mapper 3.x is not supported
11-17 22:32:33.987  1642  1642 V SettingsProvider: Notifying for 0: content://settings/system/rading_mode_status_auto
11-17 22:32:33.989  2572  2613 I OIMC    : notified , mode ColorReadMode changeTo 2
11-17 22:32:33.989  2572  2619 I OIMC_CORE: handleMessage:   MODE_EXIT, arg1: 0, arg2: 0, obj: com.oneplus.server.oimc.gwy@72880c0
11-17 22:32:33.989  2572  2619 I OIMC_CORE: The mode: ColorReadMode is not entered
11-17 22:32:33.990  2572  2613 I OIMC    : notified , mode ReadMode changeTo 2
11-17 22:32:33.990  2572  2619 I OIMC_CORE: handleMessage:   MODE_EXIT, arg1: 0, arg2: 0, obj: com.oneplus.server.oimc.gwy@7f981f9
11-17 22:32:33.990  2572  2619 I OIMC_CORE: The mode: ReadMode is not entered
11-17 22:32:33.990  1642  1642 V SettingsProvider: Notifying for 0: content://settings/system/rading_mode_status_auto
11-17 22:32:34.088 32568 32568 D OnePlusJankManager:  Chor uploadMDM JANK_TYPE_ONCE mViewTitle = com.android.todolist/com.android.todolist.MainActivity--- jank level = 1
11-17 22:32:34.114 18946 18946 I GoogleInputMethodService: GoogleInputMethodService.onFinishInput():3293 
11-17 22:32:34.115 18946 18946 I GoogleInputMethodService: GoogleInputMethodService.onStartInput():1981 
11-17 22:32:34.115 18946 18946 I DeviceUnlockedTag: DeviceUnlockedTag.notifyDeviceLockStatusChanged():79 Notify device unlocked.
11-17 22:32:34.127  1642  1819 E BatteryExternalStatsWorker: no controller energy info supplied for bluetooth
11-17 22:32:34.148   698  1501 I netd    : tetherGetStats() <1.19ms>
11-17 22:32:34.149  1642  1811 D ExtBatteryStatsService: @@@@ awaitUninterruptibly in 30 ms
11-17 22:32:34.149  1642  1811 D MyBatteryStatsHelper: ===processSingleAppUsage===
11-17 22:32:34.150  1642  1811 D ExtBatteryStatsService: ext-flush too soon, skip
11-17 22:32:34.150  1642  1811 D MyBatteryStatsHelper: ===processSingleAppUsage===
11-17 22:32:34.152   596   596 I hwservicemanager: getTransport: Cannot find entry vendor.qti.hardware.iop@2.0::IIop/default in either framework or device manifest.
11-17 22:32:34.152  1642  1811 I ActivityTaskManager: Displayed com.android.todolist/.MainActivity: +684ms
11-17 22:32:34.152   596   596 I hwservicemanager: getTransport: Cannot find entry vendor.qti.hardware.iop@2.0::IIop/default in either framework or device manifest.
11-17 22:32:34.152  1642  1811 D MyBatteryStatsHelper: ===processSingleAppUsage===
11-17 22:32:34.164  1642 10516 D ActivityTrigger: ActivityTrigger activityStopTrigger 
11-17 22:32:34.165 18945 18945 D Launcher: onStop# hashcode: 13909111
11-17 22:32:34.166 18945 18945 I ShelfLauncherCallbacks: onStop
11-17 22:32:34.166 18945 18945 D LauncherAppWidgetHost: setListenIfResumed# listenIfResumed: false, flag: 5
11-17 22:32:34.166 18945 18945 D LauncherAppWidgetHost: stopListening# flag: 0
11-17 22:32:34.166 18945 18945 D Launcher: onTrimMemory# level: 20
11-17 22:32:34.166 18945 18945 D Launcher: onSaveInstanceState# hashcode: 13909111
11-17 22:32:34.168 18945 18945 I ShelfLauncherCallbacks: onSaveInstanceState
11-17 22:32:34.168 18945 18945 D Launcher: onTrimCachedBitmaps# state: ALL_APPS, trim: false
11-17 22:32:34.188  1152  3078 I LOWI-8.6.0.72: [LOWI-Scan] lowi_close_record:Scan done in 27639408ms, 11 APs in scan results
11-17 22:32:34.188  1642 10516 D WificondControl: Scan result ready event
11-17 22:32:34.152  1642  1811 D ExtBatteryStatsService: ext-flush too soon, skip
11-17 22:32:34.190  1007  1007 I wificond: wifi generation capability mask: 15
11-17 22:32:34.192  1642  2539 D WificondScannerImpl: Filtering out 2 scan results.
11-17 22:32:34.238 19815 20381 I .gms.persisten: Compiler allocated 4291KB to compile bbas bonh.a(bbbj, bbso, boni)
11-17 22:32:34.476  3168  3331 D MainServiceImplHandler: : handleMessage msg.what = 1002
11-17 22:32:34.476  3168  3331 D MainServiceImplHandler: : EVENT_STATE_INIT
11-17 22:32:35.456   596   596 I hwservicemanager: getTransport: Cannot find entry vendor.qti.hardware.servicetracker@1.0::IServicetracker/default in either framework or device manifest.
11-17 22:32:35.478  3168  3331 D MainServiceImplHandler: : handleMessage msg.what = 1002
11-17 22:32:35.478  3168  3331 D MainServiceImplHandler: : EVENT_STATE_INIT
11-17 22:32:35.616  1642 10516 D OemSceneCallBlock: isCallBlockedWithUidIntent { cmp=com.android.todolist/.ListActivity (has extras) }, ResolveInfo{e220491 com.android.todolist/.ListActivity m=0x0}, false
11-17 22:32:35.617  1642 10516 I ActivityTaskManager: START u0 {cmp=com.android.todolist/.ListActivity (has extras)} from uid 10470 pid 32568
11-17 22:32:35.621  1642 10516 D ActivityTrigger: ActivityTrigger activityPauseTrigger 
11-17 22:32:35.629 32568 32568 V ViewRootImpl: The specified message queue synchronization  barrier token has not been posted or has already been removed
11-17 22:32:35.669  1642  1795 D OpPowerConsumpStatsInjector: notifyPkgEvent
11-17 22:32:35.669  1642  1795 D OpRestartProcessManager: updateSelf :  com.android.todolist, size : 30
11-17 22:32:35.669  1642 10516 I ActivityTaskManager: The Process com.android.todolist Already Exists in BG. So sending its PID: 32568
11-17 22:32:35.679  1642 10516 D OpQuickReply: setQuickReplyResumed focusedApp AppWindowToken{b38de64 token=Token{c512ff7 ActivityRecord{b064ff6 u0 com.android.todolist/.ListActivity t56807}}} pkgName com.android.todolist
11-17 22:32:35.682 32568 32568 I Surface : opservice is null false
11-17 22:32:35.682 32568 32568 W ActivityThread: handleWindowVisibility: no activity for token android.os.BinderProxy@ac9709d
11-17 22:32:35.682   825  2518 E SurfaceFlinger: Permission Denial: SurfaceFlinger did not recognize request code: 20001
11-17 22:32:35.683  1642 10516 E OnePlusService: Exception notifySurfaceFlingerUpdate
11-17 22:32:35.683  1642 10516 W System.err: java.lang.SecurityException
11-17 22:32:35.683  1642 10516 W System.err: 	at android.os.BinderProxy.transactNative(Native Method)
11-17 22:32:35.683  1642 10516 W System.err: 	at android.os.BinderProxy.transact(BinderProxy.java:557)
11-17 22:32:35.683  1642 10516 W System.err: 	at com.oneplus.server.OnePlusService.notifySurfaceFlingerUpdate(Unknown Source:21)
11-17 22:32:35.683  1642 10516 W System.err: 	at com.oneplus.os.IOnePlusService$Stub.onTransact(IOnePlusService.java:356)
11-17 22:32:35.683  1642 10516 W System.err: 	at android.os.Binder.execTransactInternal(Binder.java:1032)
11-17 22:32:35.683  1642 10516 W System.err: 	at android.os.Binder.execTransact(Binder.java:1005)
11-17 22:32:35.683  1642  1795 D OpPowerConsumpStatsInjector: notifyPkgEvent
11-17 22:32:35.683 32568  1477 D ViewRootImpl[MainActivity]: windowFocusChanged hasFocus=false inTouchMode=true
11-17 22:32:35.770 32568 32568 V ViewRootImpl: The specified message queue synchronization  barrier token has not been posted or has already been removed
11-17 22:32:35.787 32568  1477 D DecorView: onWindowFocusChangedFromViewRoot hasFocus: true, DecorView@4dd541d[ListActivity]
11-17 22:32:35.789 32568  1477 D ViewRootImpl[ListActivity]: windowFocusChanged hasFocus=true inTouchMode=true
11-17 22:32:35.803 32568 32568 W Choreographer: Already have a pending vsync event.  There should only be one at a time.
11-17 22:32:35.811   596   596 I hwservicemanager: getTransport: Cannot find entry vendor.qti.hardware.iop@2.0::IIop/default in either framework or device manifest.
11-17 22:32:35.811  1642  1811 I ActivityTaskManager: Displayed com.android.todolist/.ListActivity: +192ms
11-17 22:32:35.811   596   596 I hwservicemanager: getTransport: Cannot find entry vendor.qti.hardware.iop@2.0::IIop/default in either framework or device manifest.
11-17 22:32:35.832 18946 18946 I GoogleInputMethodService: GoogleInputMethodService.onFinishInput():3293 
11-17 22:32:35.832 18946 18946 I GoogleInputMethodService: GoogleInputMethodService.onStartInput():1981 
11-17 22:32:35.833 18946 18946 I DeviceUnlockedTag: DeviceUnlockedTag.notifyDeviceLockStatusChanged():79 Notify device unlocked.
11-17 22:32:36.226  1642  1795 D ActivityTrigger: ActivityTrigger activityStopTrigger 
11-17 22:32:36.479  3168  3331 D MainServiceImplHandler: : handleMessage msg.what = 1002
11-17 22:32:36.480  3168  3331 D MainServiceImplHandler: : EVENT_STATE_INIT
11-17 22:32:36.502  1642  1811 D ExtBatteryStatsService: ext-flush too soon, skip
11-17 22:32:36.502  1642  1811 D MyBatteryStatsHelper: ===processSingleAppUsage===
11-17 22:32:37.232  1642  1819 E BatteryExternalStatsWorker: no controller energy info supplied for bluetooth
11-17 22:32:37.274   980   980 W thermal-engine: type=1400 audit(0.0:136629): avc: denied { read } for name="u:object_r:system_prop:s0" dev="tmpfs" ino=21754 scontext=u:r:thermal-engine:s0 tcontext=u:object_r:system_prop:s0 tclass=file permissive=0
11-17 22:32:37.281   980  1122 E libc    : Access denied finding property "sys.thermal.para"
11-17 22:32:37.299   596   596 I hwservicemanager: getTransport: Cannot find entry vendor.qti.hardware.servicetracker@1.0::IServicetracker/default in either framework or device manifest.
11-17 22:32:37.308   698  1501 I netd    : tetherGetStats() <3.93ms>
11-17 22:32:37.312  1642  1811 D ExtBatteryStatsService: @@@@ awaitUninterruptibly in 127 ms
11-17 22:32:37.312  1642  1811 D MyBatteryStatsHelper: ===processSingleAppUsage===
11-17 22:32:37.325  1642  1811 D ExtBatteryStatsService: ext-flush too soon, skip
11-17 22:32:37.325  1642  1811 D MyBatteryStatsHelper: ===processSingleAppUsage===
11-17 22:32:37.364   596   596 I hwservicemanager: getTransport: Cannot find entry vendor.qti.hardware.servicetracker@1.0::IServicetracker/default in either framework or device manifest.
11-17 22:32:37.481  3168  3331 D MainServiceImplHandler: : handleMessage msg.what = 1002
11-17 22:32:37.481  3168  3331 D MainServiceImplHandler: : EVENT_STATE_INIT
11-17 22:32:37.644  1642  5723 W NotificationService: Toast already killed. pkg=com.android.todolist callback=android.app.ITransientNotification$Stub$Proxy@fee22eb
11-17 22:32:37.738  1642  5723 D OemSceneCallBlock: isCallBlockedWithUidIntent { cmp=com.android.todolist/.MainActivity }, ResolveInfo{c3fc6e1 com.android.todolist/.MainActivity m=0x0}, false
11-17 22:32:37.740  1642  5723 I ActivityTaskManager: START u0 {cmp=com.android.todolist/.MainActivity} from uid 10470 pid 32568
11-17 22:32:37.747  1642  5723 D ActivityTrigger: ActivityTrigger activityPauseTrigger 
11-17 22:32:37.752  1642  1795 D OpPowerConsumpStatsInjector: notifyPkgEvent
11-17 22:32:37.754  1642  1795 D OpRestartProcessManager: updateSelf :  com.android.todolist, size : 30
11-17 22:32:37.754  1642  5723 I ActivityTaskManager: The Process com.android.todolist Already Exists in BG. So sending its PID: 32568
11-17 22:32:37.755  1642  5723 D OpQuickReply: setQuickReplyResumed focusedApp AppWindowToken{20600f4 token=Token{40a02c7 ActivityRecord{8c66c06 u0 com.android.todolist/.MainActivity t56807}}} pkgName com.android.todolist
11-17 22:32:37.759 32568 32568 W ActivityThread: handleWindowVisibility: no activity for token android.os.BinderProxy@4d8614a
11-17 22:32:37.759  1642  1795 D OpPowerConsumpStatsInjector: notifyPkgEvent
11-17 22:32:37.760 32568  1477 D ViewRootImpl[ListActivity]: windowFocusChanged hasFocus=false inTouchMode=true
11-17 22:32:37.807 32568 32568 V ViewRootImpl: The specified message queue synchronization  barrier token has not been posted or has already been removed
11-17 22:32:37.841 32568  1477 D DecorView: onWindowFocusChangedFromViewRoot hasFocus: true, DecorView@281fc0e[MainActivity]
11-17 22:32:37.842 32568  1477 D ViewRootImpl[MainActivity]: windowFocusChanged hasFocus=true inTouchMode=true
11-17 22:32:37.891 32568 32568 W Choreographer: Already have a pending vsync event.  There should only be one at a time.
11-17 22:32:37.898   596   596 I hwservicemanager: getTransport: Cannot find entry vendor.qti.hardware.iop@2.0::IIop/default in either framework or device manifest.
11-17 22:32:37.898  1642  1811 I ActivityTaskManager: Displayed com.android.todolist/.MainActivity: +158ms
11-17 22:32:37.898   596   596 I hwservicemanager: getTransport: Cannot find entry vendor.qti.hardware.iop@2.0::IIop/default in either framework or device manifest.
11-17 22:32:37.915 18946 18946 I GoogleInputMethodService: GoogleInputMethodService.onFinishInput():3293 
11-17 22:32:37.916 18946 18946 I GoogleInputMethodService: GoogleInputMethodService.onStartInput():1981 
11-17 22:32:37.916 18946 18946 I DeviceUnlockedTag: DeviceUnlockedTag.notifyDeviceLockStatusChanged():79 Notify device unlocked.
11-17 22:32:37.934   773  1210 E qti_sensors_hal: processInd: DeviceOrientation: Orientation: 0.000000 wakeup: 1 SAM TS: 906574729 HAL TS:27661639779781elapsedRealtimeNano:27661692216439
11-17 22:32:38.011   596   596 I hwservicemanager: getTransport: Cannot find entry vendor.qti.hardware.servicetracker@1.0::IServicetracker/default in either framework or device manifest.
11-17 22:32:38.016 19815 19815 D BoundBrokerSvc: onUnbind: Intent { act=com.google.android.gms.clearcut.bootcount.service.START cmp=com.google.android.gms/.chimera.PersistentBoundBrokerService }
11-17 22:32:38.482  3168  3331 D MainServiceImplHandler: : handleMessage msg.what = 1002
11-17 22:32:38.483  3168  3331 D MainServiceImplHandler: : EVENT_STATE_INIT
11-17 22:32:38.697  1642  5723 D OemSceneCallBlock: isCallBlockedWithUidIntent { cmp=com.android.todolist/.ListActivity (has extras) }, ResolveInfo{8c5daaf com.android.todolist/.ListActivity m=0x0}, false
11-17 22:32:38.699  1642  5723 I ActivityTaskManager: START u0 {cmp=com.android.todolist/.ListActivity (has extras)} from uid 10470 pid 32568
11-17 22:32:38.704  1642  5723 D ActivityTrigger: ActivityTrigger activityPauseTrigger 
11-17 22:32:38.704  1642  1795 D OpRestartProcessManager: Duration is too short, ignore : 951 in com.android.todolist
11-17 22:32:38.712 32568 32568 V ViewRootImpl: The specified message queue synchronization  barrier token has not been posted or has already been removed
11-17 22:32:38.729  1642  1795 D OpPowerConsumpStatsInjector: notifyPkgEvent
11-17 22:32:38.729  1642  4630 I ActivityTaskManager: The Process com.android.todolist Already Exists in BG. So sending its PID: 32568
11-17 22:32:38.729  1642  1795 D OpRestartProcessManager: updateSelf :  com.android.todolist, size : 30
11-17 22:32:38.732  1642  4630 D OpQuickReply: setQuickReplyResumed focusedApp AppWindowToken{ef3499a token=Token{34e0e45 ActivityRecord{7399ebc u0 com.android.todolist/.ListActivity t56807}}} pkgName com.android.todolist
11-17 22:32:38.737 32568 32568 W ActivityThread: handleWindowVisibility: no activity for token android.os.BinderProxy@85e75c7
11-17 22:32:38.739  1642  1795 D OpPowerConsumpStatsInjector: notifyPkgEvent
11-17 22:32:38.739 32568  1477 D ViewRootImpl[MainActivity]: windowFocusChanged hasFocus=false inTouchMode=true
11-17 22:32:38.781 32568 32568 V ViewRootImpl: The specified message queue synchronization  barrier token has not been posted or has already been removed
11-17 22:32:38.798 32568  1477 D DecorView: onWindowFocusChangedFromViewRoot hasFocus: true, DecorView@d61874d[ListActivity]
11-17 22:32:38.799 32568  1477 D ViewRootImpl[ListActivity]: windowFocusChanged hasFocus=true inTouchMode=true
11-17 22:32:38.811 32568 32568 W Choreographer: Already have a pending vsync event.  There should only be one at a time.
11-17 22:32:38.819   596   596 I hwservicemanager: getTransport: Cannot find entry vendor.qti.hardware.iop@2.0::IIop/default in either framework or device manifest.
11-17 22:32:38.820  1642  1811 I ActivityTaskManager: Displayed com.android.todolist/.ListActivity: +119ms
11-17 22:32:38.820   596   596 I hwservicemanager: getTransport: Cannot find entry vendor.qti.hardware.iop@2.0::IIop/default in either framework or device manifest.
11-17 22:32:38.839 18946 18946 I GoogleInputMethodService: GoogleInputMethodService.onFinishInput():3293 
11-17 22:32:38.840 18946 18946 I GoogleInputMethodService: GoogleInputMethodService.onStartInput():1981 
11-17 22:32:38.840 18946 18946 I DeviceUnlockedTag: DeviceUnlockedTag.notifyDeviceLockStatusChanged():79 Notify device unlocked.
11-17 22:32:39.133  1642  1795 W WindowManager: Unable to start animation, surface is null or no children.
11-17 22:32:39.171  1642  1811 W AlarmManager: Unrecognized alarm listener com.android.server.b@d6702f7
11-17 22:32:39.171  2674  2674 D KeyguardUpdateMonitor: received broadcast android.intent.action.BATTERY_CHANGED
11-17 22:32:39.242  1642  1795 D ActivityTrigger: ActivityTrigger activityStopTrigger 
11-17 22:32:39.484  3168  3331 D MainServiceImplHandler: : handleMessage msg.what = 1002
11-17 22:32:39.484  3168  3331 D MainServiceImplHandler: : EVENT_STATE_INIT
11-17 22:32:40.149   596   596 I hwservicemanager: getTransport: Cannot find entry vendor.qti.hardware.servicetracker@1.0::IServicetracker/default in either framework or device manifest.
11-17 22:32:40.255 32568 32568 W ndroid.todolis: Accessing hidden method Landroid/widget/PopupWindow;->setClipToScreenEnabled(Z)V (greylist, reflection, allowed)
11-17 22:32:40.306 32568 32568 W ndroid.todolis: Accessing hidden field Landroid/widget/AbsListView;->mIsChildViewEnabled:Z (greylist, reflection, allowed)
11-17 22:32:40.315 32568 32568 V ViewRootImpl: The specified message queue synchronization  barrier token has not been posted or has already been removed
11-17 22:32:40.347 32568  1477 D ViewRootImpl[PopupWindow:165e799]: windowFocusChanged hasFocus=true inTouchMode=true
11-17 22:32:40.394 32568 32568 W Choreographer: Already have a pending vsync event.  There should only be one at a time.
11-17 22:32:40.399 32568  1477 D ViewRootImpl[ListActivity]: windowFocusChanged hasFocus=false inTouchMode=true
11-17 22:32:40.485  3168  3331 D MainServiceImplHandler: : handleMessage msg.what = 1002
11-17 22:32:40.485  3168  3331 D MainServiceImplHandler: : EVENT_STATE_INIT
11-17 22:32:40.724  1642  4630 W NotificationService: Toast already killed. pkg=com.android.todolist callback=android.app.ITransientNotification$Stub$Proxy@2634e87
11-17 22:32:41.041  1642  3830 D NetworkMonitor:  * ValidatedState * UNKNOWN
11-17 22:32:41.041  1642  3830 D NetworkMonitor:  * DefaultState * UNKNOWN
11-17 22:32:41.042  2682  3797 D QCNEJ/WlanStaInfoRelay: Received action: android.net.wifi.RSSI_CHANGED
11-17 22:32:41.042  2682  3797 I QCNEJ/NativeHalConnector: -> SND notifyWlanStaStatusChanged([WlanStaInfo]: wifiSwitchState = 1 rssi = -69 ssid = Malkav5 bssid = 78:b2:13:ca:18:a1 dnsInfo = fe80::1%wlan0;192.168.1.254;8.8.8.8;0.0.0.0; freqBand = _5GHz countryCode = ru[RatInfo]: networkType = 1 subType = 101 networkState = CONNECTED netHdl = 432902426637 ipAddrV4 = 192.168.1.65 ipAddrV6 =  ifNameV4 = wlan0 ifNameV6 =  slotIdx = 0 isAndroidValidated = true) timeStamp = 2021-11-17 22:32:41.042
11-17 22:32:41.057  2674  2674 E ndroid.systemu: Invalid ID 0x00000000.
