11-17 22:04:03.707  1642  1813 E OHPD    : [BgDetect] AppForkedProc kworker/4:0 pid 28800 uid 0 can't find pkgName
11-17 22:04:03.710  1642  1813 I OHPD    : mCurrentGpsUidList:[], currentIME:com.google.android.inputmethod.latin
11-17 22:04:03.714  1642  1813 I OHPD    : [BgDetect]chkExcessCpu level: 0 doKills: true critical false uptime: 300271
11-17 22:04:03.914  1642  1819 E BatteryExternalStatsWorker: no controller energy info supplied for bluetooth
11-17 22:04:03.987  1642  1811 D ExtBatteryStatsService: @@@@ awaitUninterruptibly in 113 ms
11-17 22:04:04.046  1642  1813 I OHPD    : [BGC] checkAbnBgKillLocked, doExecution: false
11-17 22:04:04.202  1642  1813 I OHPD    : mCurrentGpsUidList:[], currentIME:com.google.android.inputmethod.latin
11-17 22:04:04.202  1642  1813 I OHPD    : [BgDetect]chkExcessCpu level: 2 doKills: true critical false uptime: 600189
11-17 22:04:07.132  1642  1819 E BatteryExternalStatsWorker: no controller energy info supplied for bluetooth
11-17 22:04:07.215  1642  1811 D ExtBatteryStatsService: @@@@ awaitUninterruptibly in 132 ms
11-17 22:04:10.980  1642  1813 I ActivityManager: pid= 1642 st.name = system_server cpuPercent = 14 st.rel_utime =540 st.rel_stime =530
11-17 22:04:10.981  1642  1813 I OHPD    : mCurrentGpsUidList:[], currentIME:com.google.android.inputmethod.latin
11-17 22:04:10.982  1642  1813 I OHPD    : [BgDetect]chkExcessCpu level: 1 doKills: true critical false uptime: 300258
11-17 22:04:22.783  1642  3102 D OPBF    : setCGroupState():tofreeze=true, uid:10134 pkg:com.vkontakte.android --->>> ok reason:finish perform hasTimeout broadcast for action = android.intent.action.SCREEN_OFF
11-17 22:05:22.222  1642  3102 D OPBF    : setCGroupState():tofreeze=true, uid:10470 pkg:com.android.todolist --->>> ok reason:uid active tActive:false
11-17 22:05:47.083  1642  2514 V AlarmManager: Triggering alarm #0: 2 when =26050839 package =com.google.android.gms operation =*walarm*:com.google.android.chimera.IntentOperation.TARGETED_INTENT flags =0x5
11-17 22:06:00.000  1642  2514 V AlarmManager: Triggering alarm #0: 3 when =26063758 package =android operation = null listenTag =TIME_TICK flags =0x1
11-17 22:07:16.619  1642  2514 V AlarmManager: Triggering alarm #0: 2 when =26140374 package =com.whatsapp operation =*walarm*:com.whatsapp.MessageHandler.LOGOUT_ACTION flags =0x5
11-17 22:07:16.709  1642  3102 D OPBF    : setCGroupState():tofreeze=false, uid:10173 pkg:ru.vkusvill --->>> ok reason:bindservice as server add connection = AppBindRecord{be20938 ru.vkusvill/com.yandex.metrica.ConfigurationJobService:system}
11-17 22:07:23.924  1642 32226 E OHPD    : [BgDetect] AppForkedProc kworker/3:0 pid 32003 uid 0 can't find pkgName
11-17 22:07:23.925  1642 32226 E OHPD    : [BgDetect] AppForkedProc kworker/3:5 pid 32010 uid 0 can't find pkgName
11-17 22:07:23.986  1642  2514 V AlarmManager: Triggering alarm #0: 0 when =1637175857684 package =net.oneplus.launcher operation =*walarm*:net.oneplus.launcher/.datacollection.RegularDataCollectionReceiver flags =0x0
11-17 22:07:23.987  1642  2514 V AlarmManager: Triggering alarm #1: 2 when =26022305 package =com.instagram.android operation =*walarm*:KeepaliveManager.ACTION_INEXACT_ALARM.MqttSimpleClient.com.instagram.android flags =0x0
11-17 22:07:23.987  1642  2514 V AlarmManager: Triggering alarm #2: 2 when =26147740 package =android operation = null listenTag =*job.delay* flags =0x0
11-17 22:07:23.987  1642  2514 V AlarmManager: Triggering alarm #3: 3 when =26012559 package =com.whatsapp operation =*alarm*:com.whatsapp.action.HOURLY_CRON flags =0x0
11-17 22:07:24.070  1642  3102 D OPBF    : setCGroupState():tofreeze=false, uid:10425 pkg:org.stepic.droid --->>> ok reason:bindservice as server add connection = AppBindRecord{9245cba org.stepic.droid/com.yandex.metrica.ConfigurationJobService:system}
11-17 22:07:48.269  1642  2514 V AlarmManager: Triggering alarm #0: 2 when =26172026 package =android operation = null listenTag =*job.delay* flags =0x0
11-17 22:07:48.302  1642  3102 D OPBF    : setCGroupState():tofreeze=false, uid:10354 pkg:ru.sberbank.spasibo --->>> ok reason:bindservice as server add connection = AppBindRecord{4180b09 ru.sberbank.spasibo/com.yandex.metrica.ConfigurationJobService:system}
11-17 22:07:56.825  1642  3102 D OPBF    : setCGroupState():tofreeze=true, uid:10173 pkg:ru.vkusvill --->>> ok reason:serviceDoneExecuting = ru.vkusvill/com.yandex.metrica.MetricaService
11-17 22:08:00.001  1642  2514 V AlarmManager: Triggering alarm #0: 3 when =26183758 package =android operation = null listenTag =TIME_TICK flags =0x1
11-17 22:08:04.218  1642  3102 D OPBF    : setCGroupState():tofreeze=true, uid:10425 pkg:org.stepic.droid --->>> ok reason:serviceDoneExecuting = org.stepic.droid/com.yandex.metrica.MetricaService
11-17 22:08:16.642  1642  2514 V AlarmManager: Triggering alarm #0: 2 when =26200400 package =android operation = null listenTag =*job.delay* flags =0x0
11-17 22:08:16.678  1642  1814 I ActivityManager: Start proc 30480:com.google.android.apps.turbo:aab/u0a174 for service {com.google.android.apps.turbo/com.google.android.libraries.smartbattery.appusage.library.InferAppBucketsJob}
11-17 22:08:19.037  1642  1712 I ActivityManager: Killing 19616:net.oneplus.weather/u0a98 (adj 995): empty #31
11-17 22:08:19.084  1642  3102 D OPBF    : setCGroupState():tofreeze=false, uid:10098 pkg:net.oneplus.weather --->>> ok reason:app died cause by pid 19616
11-17 22:08:25.962  1642  2514 V AlarmManager: Triggering alarm #0: 2 when =26209720 package =android operation = null listenTag =*job.delay* flags =0x0
11-17 22:08:25.997  1642  3102 D OPBF    : setCGroupState():tofreeze=false, uid:10026 pkg:com.octopod.russianpost.client.android --->>> ok reason:bindservice as server add connection = AppBindRecord{d13be00 com.octopod.russianpost.client.android/com.yandex.metrica.ConfigurationJobService:system}
11-17 22:08:28.402  1642  3102 D OPBF    : setCGroupState():tofreeze=true, uid:10354 pkg:ru.sberbank.spasibo --->>> ok reason:serviceDoneExecuting = ru.sberbank.spasibo/com.yandex.metrica.MetricaService
11-17 22:08:32.668  1642  2514 V AlarmManager: Triggering alarm #0: 2 when =26216426 package =android operation = null listenTag =*job.delay* flags =0x0
11-17 22:08:32.702  1642  3102 D OPBF    : setCGroupState():tofreeze=false, uid:10305 pkg:com.avito.android --->>> ok reason:bindservice as server add connection = AppBindRecord{1d50a3a com.avito.android/com.yandex.metrica.ConfigurationJobService:system}
11-17 22:08:52.544  1642  2514 V AlarmManager: Triggering alarm #0: 1 when =1637176132543 package =android operation =*alarm*:com.oneplus.android.screenOffCheckProcessState flags =0x9
11-17 22:09:00.001  1642  2514 V AlarmManager: Triggering alarm #0: 3 when =26243758 package =android operation = null listenTag =TIME_TICK flags =0x1
11-17 22:09:03.978  1642  1813 E OHPD    : [BgDetect] AppForkedProc kworker/2:4 pid 32008 uid 0 can't find pkgName
11-17 22:09:03.978  1642  1813 E OHPD    : [BgDetect] AppForkedProc kworker/0:7 pid 32204 uid 0 can't find pkgName
11-17 22:09:03.988  1642  1813 I OHPD    : mCurrentGpsUidList:[], currentIME:com.google.android.inputmethod.latin
11-17 22:09:03.992  1642  1813 I OHPD    : [BgDetect]chkExcessCpu level: 0 doKills: true critical false uptime: 300277
11-17 22:09:04.218  1642  1819 E BatteryExternalStatsWorker: no controller energy info supplied for bluetooth
11-17 22:09:04.311  1642  1811 D ExtBatteryStatsService: @@@@ awaitUninterruptibly in 135 ms
11-17 22:09:04.359  1642  1813 I OHPD    : [BGC] checkAbnBgKillLocked, doExecution: false
11-17 22:09:06.111  1642  3102 D OPBF    : setCGroupState():tofreeze=true, uid:10026 pkg:com.octopod.russianpost.client.android --->>> ok reason:serviceDoneExecuting = com.octopod.russianpost.client.android/com.yandex.metrica.MetricaService
11-17 22:09:11.235  1642  1813 I ActivityManager: pid= 1642 st.name = system_server cpuPercent = 11 st.rel_utime =370 st.rel_stime =460
11-17 22:09:11.237  1642  1813 I OHPD    : mCurrentGpsUidList:[], currentIME:com.google.android.inputmethod.latin
11-17 22:09:11.238  1642  1813 I OHPD    : [BgDetect]chkExcessCpu level: 1 doKills: true critical false uptime: 300256
11-17 22:09:12.817  1642  3102 D OPBF    : setCGroupState():tofreeze=true, uid:10305 pkg:com.avito.android --->>> ok reason:serviceDoneExecuting = com.avito.android/com.yandex.metrica.MetricaService
11-17 22:09:30.458  1642  2514 V AlarmManager: Triggering alarm #0: 2 when =26274213 package =android operation = null listenTag =*job.delay* flags =0x0
11-17 22:09:30.501  1642  3102 D OPBF    : setCGroupState():tofreeze=false, uid:10058 pkg:ru.foodfox.client --->>> ok reason:bindservice as server add connection = AppBindRecord{e93fd69 ru.foodfox.client/com.yandex.metrica.ConfigurationJobService:system}
11-17 22:09:43.471  1642  2514 V AlarmManager: Triggering alarm #0: 2 when =26287229 package =android operation = null listenTag =*job.delay* flags =0x0
11-17 22:09:43.500  1642  3102 D OPBF    : setCGroupState():tofreeze=false, uid:10152 pkg:ru.sberbankmobile --->>> ok reason:bindservice as server add connection = AppBindRecord{af309b ru.sberbankmobile/com.yandex.metrica.ConfigurationJobService:system}
11-17 22:09:47.167  1642  2514 V AlarmManager: Triggering alarm #0: 2 when =26290924 package =com.google.android.gms operation =*walarm*:com.google.android.chimera.IntentOperation.TARGETED_INTENT flags =0x5
11-17 22:10:00.001  1642  2514 V AlarmManager: Triggering alarm #0: 3 when =26303758 package =android operation = null listenTag =TIME_TICK flags =0x1
11-17 22:10:00.905  1642  2514 V AlarmManager: Triggering alarm #0: 2 when =26304663 package =android operation = null listenTag =*job.delay* flags =0x0
11-17 22:10:01.630  1642 10659 W ProcessStats: Tracking association SourceState{de48866 com.google.android.gms.persistent/10015 ImpFg #125202} whose proc state 2 is better than process ProcessState{d7eb9d7 com.google.android.gms/10015 pkg=com.google.android.gms} proc state 3 (11 skipped)
11-17 22:10:10.629  1642  3102 D OPBF    : setCGroupState():tofreeze=true, uid:10058 pkg:ru.foodfox.client --->>> ok reason:bindservice as client add connection = AppBindRecord{73e549e com.google.android.gms/com.google.android.location.internal.GoogleLocationManagerService:ru.foodfox.client:Metrica}
11-17 22:10:16.384  1642  3176 W ProcessStats: Tracking association SourceState{de48866 com.google.android.gms.persistent/10015 ImpFg #125216} whose proc state 2 is better than process ProcessState{d7eb9d7 com.google.android.gms/10015 pkg=com.google.android.gms} proc state 3 (26 skipped)
11-17 22:10:23.631  1642  3102 D OPBF    : setCGroupState():tofreeze=true, uid:10152 pkg:ru.sberbankmobile --->>> ok reason:bindservice as client add connection = AppBindRecord{32e20b0 com.google.android.gms/com.google.android.location.internal.GoogleLocationManagerService:ru.sberbankmobile:Metrica}
11-17 22:11:00.003  1642  2514 V AlarmManager: Triggering alarm #0: 3 when =26363758 package =android operation = null listenTag =TIME_TICK flags =0x1
11-17 22:11:04.115  1642  1714 I ActivityManager: Killing 23163:com.vkontakte.android/u0a134 (adj 985): empty for 1804s
11-17 22:11:04.222  1642  1714 D ConnectivityService: ConnectivityService NetworkRequestInfo binderDied(NetworkRequest [ LISTEN id=425, [ Capabilities: INTERNET&NOT_RESTRICTED&TRUSTED Uid: 10134] ], android.os.BinderProxy@e4b7cfc)
11-17 22:11:04.222  1642 10659 D ConnectivityService: ConnectivityService NetworkRequestInfo binderDied(NetworkRequest [ TRACK_DEFAULT id=424, [ Capabilities: INTERNET&NOT_RESTRICTED&TRUSTED Uid: 10134] ], android.os.BinderProxy@61749ef)
11-17 22:11:04.223  1642  3176 D ConnectivityService: ConnectivityService NetworkRequestInfo binderDied(NetworkRequest [ TRACK_DEFAULT id=420, [ Capabilities: INTERNET&NOT_RESTRICTED&TRUSTED Uid: 10134] ], android.os.BinderProxy@d212f85)
11-17 22:11:04.223  1642 10659 D ConnectivityService: ConnectivityService NetworkRequestInfo binderDied(NetworkRequest [ TRACK_DEFAULT id=421, [ Capabilities: INTERNET&NOT_RESTRICTED&TRUSTED Uid: 10134] ], android.os.BinderProxy@979f1da)
11-17 22:11:04.223  1642  3100 D ConnectivityService: ConnectivityService NetworkRequestInfo binderDied(NetworkRequest [ TRACK_DEFAULT id=423, [ Capabilities: INTERNET&NOT_RESTRICTED&TRUSTED Uid: 10134] ], android.os.BinderProxy@938960b)
11-17 22:11:04.223  1642  2540 D ConnectivityService: releasing NetworkRequest [ TRACK_DEFAULT id=424, [ Capabilities: INTERNET&NOT_RESTRICTED&TRUSTED Uid: 10134] ] (release request)
11-17 22:11:04.224  1642  2540 D ConnectivityService: releasing NetworkRequest [ TRACK_DEFAULT id=420, [ Capabilities: INTERNET&NOT_RESTRICTED&TRUSTED Uid: 10134] ] (release request)
11-17 22:11:04.225  1642  2540 D ConnectivityService: releasing NetworkRequest [ TRACK_DEFAULT id=421, [ Capabilities: INTERNET&NOT_RESTRICTED&TRUSTED Uid: 10134] ] (release request)
11-17 22:11:04.225  1642  2540 D ConnectivityService: releasing NetworkRequest [ TRACK_DEFAULT id=423, [ Capabilities: INTERNET&NOT_RESTRICTED&TRUSTED Uid: 10134] ] (release request)
11-17 22:11:04.231  1642  3102 D OPBF    : setCGroupState():tofreeze=false, uid:10134 pkg:com.vkontakte.android --->>> ok reason:app died cause by pid 23163
11-17 22:11:28.176  1642  3176 I ActivityManager: Killing 29831:com.google.android.apps.walletnfcrel/u0a72 (adj 985): empty for 1800s
11-17 22:11:28.181  1642  3176 I ActivityManager: Killing 30039:com.oneplus.gallery:cloud/u0a39 (adj 955): empty for 1800s
11-17 22:11:28.184  1642  3176 I ActivityManager: Killing 29874:com.oneplus.camera/u0a44 (adj 985): empty for 1801s
11-17 22:11:28.218  1642  2494 W ActivityManager: Scheduling restart of crashed service com.oneplus.gallery/com.oneplus.gallery2.cloud.CloudGalleryService in 1000ms
11-17 22:11:28.810  1642  1814 I ActivityManager: Start proc 30481:com.oneplus.gallery:cloud/u0a39 for service {com.oneplus.gallery/com.oneplus.gallery2.cloud.CloudGalleryService}
11-17 22:11:34.150  1642  2969 I ActivityManager: Killing 23161:com.google.android.gm/u0a65 (adj 985): empty for 1804s
11-17 22:11:34.155  1642  2969 I ActivityManager: Killing 22118:com.dubox.drive/u0a405 (adj 985): empty for 1804s
11-17 22:11:34.261  1642  3102 D OPBF    : setCGroupState():tofreeze=false, uid:10405 pkg:com.dubox.drive --->>> ok reason:app died cause by pid 22118
11-17 22:11:54.019  1642  1813 I ActivityManager: Killing 26313:com.google.android.projection.gearhead:shared/u0a284 (adj 985): empty for 1803s
11-17 22:11:54.074  1642 10659 D ConnectivityService: ConnectivityService NetworkRequestInfo binderDied(NetworkRequest [ LISTEN id=433, [ Capabilities: INTERNET&NOT_RESTRICTED&TRUSTED&NOT_VPN Uid: 10284] ], android.os.BinderProxy@25754c1)
11-17 22:12:17.472  1642  2514 V AlarmManager: Triggering alarm #0: 2 when =26418639 package =android operation = null listenTag =*job.delay* flags =0x0
11-17 22:12:17.472  1642  2514 V AlarmManager: Triggering alarm #1: 2 when =26420745 package =com.google.android.gms operation =*walarm*:com.google.android.location.reporting.ACTION_UPDATE_WORLD flags =0x0
11-17 22:12:17.472  1642  2514 V AlarmManager: Triggering alarm #2: 2 when =26441228 package =android operation = null listenTag =*job.deadline* flags =0x0
11-17 22:12:17.518  1642  1814 I ActivityManager: Start proc 23346:com.qualcomm.qti.qms.service.connectionsecurity/u0a281 for service {com.qualcomm.qti.qms.service.connectionsecurity/com.qualcomm.qti.qms.service.connectionsecurity.cloud.ReportJobService}
11-17 22:12:17.531  1642  1814 I ActivityManager: Start proc 30482:com.google.android.partnersetup/u0a21 for service {com.google.android.partnersetup/com.google.android.partnersetup.InstalledAppJobService}
11-17 22:13:00.000  1642  2514 V AlarmManager: Triggering alarm #0: 3 when =26483758 package =android operation = null listenTag =TIME_TICK flags =0x1
11-17 22:13:17.902  1642  2514 V AlarmManager: Triggering alarm #0: 2 when =26501658 package =android operation = null listenTag =*job.delay* flags =0x0
11-17 22:13:49.341  1642  1714 I ActivityManager: Killing 30475:com.google.android.gms.unstable/u0a15 (adj 985): empty for 1802s
11-17 22:14:00.001  1642  2514 V AlarmManager: Triggering alarm #0: 3 when =26543758 package =android operation = null listenTag =TIME_TICK flags =0x1
11-17 22:14:01.843  1642  1813 E OHPD    : [BgDetect] AppForkedProc kworker/u16:6 pid 32293 uid 0 can't find pkgName
11-17 22:14:01.843  1642  1813 E OHPD    : [BgDetect] AppForkedProc kworker/u16:7 pid 32294 uid 0 can't find pkgName
11-17 22:14:01.843  1642  1813 E OHPD    : [BgDetect] AppForkedProc kworker/u16:10 pid 32295 uid 0 can't find pkgName
11-17 22:14:01.845  1642  1813 I OHPD    : mCurrentGpsUidList:[], currentIME:com.google.android.inputmethod.latin
11-17 22:14:01.845  1642  1813 I OHPD    : [BgDetect]chkExcessCpu level: 3 doKills: true critical false uptime: 1200346
11-17 22:14:04.181  1642  1813 I OHPD    : mCurrentGpsUidList:[], currentIME:com.google.android.inputmethod.latin
11-17 22:14:04.185  1642  1813 I OHPD    : [BgDetect]chkExcessCpu level: 0 doKills: true critical false uptime: 300192
11-17 22:14:04.364  1642  1813 I OHPD    : mCurrentGpsUidList:[], currentIME:com.google.android.inputmethod.latin
11-17 22:14:04.365  1642  1813 I OHPD    : [BgDetect]chkExcessCpu level: 2 doKills: true critical false uptime: 600163
11-17 22:14:04.373  1642  1819 E BatteryExternalStatsWorker: no controller energy info supplied for bluetooth
11-17 22:14:04.439  1642  1811 D ExtBatteryStatsService: @@@@ awaitUninterruptibly in 114 ms
11-17 22:14:04.516  1642  1813 I OHPD    : [BGC] checkAbnBgKillLocked, doExecution: false
11-17 22:14:11.481  1642  1813 I ActivityManager: pid= 1642 st.name = system_server cpuPercent = 14 st.rel_utime =750 st.rel_stime =660
11-17 22:14:11.483  1642  1813 I OHPD    : mCurrentGpsUidList:[], currentIME:com.google.android.inputmethod.latin
11-17 22:14:11.483  1642  1813 I OHPD    : [BgDetect]chkExcessCpu level: 1 doKills: true critical false uptime: 300246
11-17 22:15:34.428  1642  5088 I ActivityManager: Killing 26314:com.google.android.projection.gearhead:car/u0a284 (adj 975): empty for 1808s
11-17 22:16:42.576  1642  2514 V AlarmManager: Triggering alarm #0: 2 when =26706333 package =android operation = null listenTag =*job.delay* flags =0x0
11-17 22:16:42.608  1642  3102 D OPBF    : setCGroupState():tofreeze=false, uid:10173 pkg:ru.vkusvill --->>> ok reason:bindservice as server add connection = AppBindRecord{e2dc06f ru.vkusvill/com.yandex.metrica.ConfigurationJobService:system}
11-17 22:17:00.000  1642  2514 V AlarmManager: Triggering alarm #0: 3 when =26723758 package =android operation = null listenTag =TIME_TICK flags =0x1
11-17 22:17:00.695  1642  2514 V AlarmManager: Triggering alarm #0: 2 when =26724450 package =android operation = null listenTag =*job.delay* flags =0x0
11-17 22:17:00.783  1642  3102 D OPBF    : setCGroupState():tofreeze=false, uid:10354 pkg:ru.sberbank.spasibo --->>> ok reason:bindservice as server add connection = AppBindRecord{54a06b0 ru.sberbank.spasibo/com.yandex.metrica.ConfigurationJobService:system}
11-17 22:17:00.825  1642 32427 E OHPD    : [BgDetect] AppForkedProc kworker/2:2 pid 32312 uid 0 can't find pkgName
11-17 22:17:05.763  1642  2514 V AlarmManager: Triggering alarm #0: 2 when =26726365 package =android operation = null listenTag =*job.delay* flags =0x0
11-17 22:17:05.797  1642  3102 D OPBF    : setCGroupState():tofreeze=false, uid:10425 pkg:org.stepic.droid --->>> ok reason:bindservice as server add connection = AppBindRecord{13d0236 org.stepic.droid/com.yandex.metrica.ConfigurationJobService:system}
11-17 22:17:22.732  1642  3102 D OPBF    : setCGroupState():tofreeze=true, uid:10173 pkg:ru.vkusvill --->>> ok reason:serviceDoneExecuting = ru.vkusvill/com.yandex.metrica.MetricaService
11-17 22:17:28.985  1642  2514 V AlarmManager: Triggering alarm #0: 3 when =26752743 package =com.google.android.gms operation =*alarm*:com.google.android.gms.location.fused.SEND_LOCATION_IN_STATIONARY_MODE_ALARM_ALARM_29 flags =0x1
11-17 22:17:40.903  1642  3102 D OPBF    : setCGroupState():tofreeze=true, uid:10354 pkg:ru.sberbank.spasibo --->>> ok reason:serviceDoneExecuting = ru.sberbank.spasibo/com.yandex.metrica.MetricaService
11-17 22:17:45.922  1642  3102 D OPBF    : setCGroupState():tofreeze=true, uid:10425 pkg:org.stepic.droid --->>> ok reason:serviceDoneExecuting = org.stepic.droid/com.yandex.metrica.MetricaService
11-17 22:17:47.238  1642  2514 V AlarmManager: Triggering alarm #0: 2 when =26770993 package =com.google.android.gms operation =*walarm*:com.google.android.chimera.IntentOperation.TARGETED_INTENT flags =0x5
11-17 22:17:47.273  1642  1642 D TwilightService: onLocationChanged: provider=fused accuracy=17.1 time=1637176667253
11-17 22:17:47.274  1642  1642 D TwilightService: location != null, store current location
11-17 22:17:47.276  1642  1795 D ColorDisplayService: onTwilightStateChanged: isNight=true
11-17 22:18:00.000  1642  2514 V AlarmManager: Triggering alarm #0: 3 when =26783758 package =android operation = null listenTag =TIME_TICK flags =0x1
11-17 22:18:02.189  1642  2514 V AlarmManager: Triggering alarm #0: 2 when =26632125 package =com.google.android.gms operation =*walarm*:com.google.android.gms.gcm.ACTION_CHECK_QUEUE flags =0x0
11-17 22:18:02.189  1642  2514 V AlarmManager: Triggering alarm #1: 2 when =26785944 package =android operation = null listenTag =*job.delay* flags =0x0
11-17 22:18:02.238  1642  3102 D OPBF    : setCGroupState():tofreeze=false, uid:10026 pkg:com.octopod.russianpost.client.android --->>> ok reason:bindservice as server add connection = AppBindRecord{7f3fd85 com.octopod.russianpost.client.android/com.yandex.metrica.ConfigurationJobService:system}
11-17 22:18:04.391  1642  5708 I DropBoxManagerService: add tag=platform_stats_bookmark isTagEnabled=true flags=0x2
11-17 22:18:04.398  1642  5708 W DropBoxManagerService: Dropping: platform_stats_bookmark (13 > 0 bytes)
11-17 22:18:04.401  1642  1813 W BroadcastQueue: Background execution not allowed: receiving Intent { act=android.intent.action.DROPBOX_ENTRY_ADDED flg=0x10 (has extras) } to com.google.android.gms/.stats.service.DropBoxEntryAddedReceiver
11-17 22:18:04.401  1642  1813 W BroadcastQueue: Background execution not allowed: receiving Intent { act=android.intent.action.DROPBOX_ENTRY_ADDED flg=0x10 (has extras) } to com.google.android.gms/.chimera.GmsIntentOperationService$PersistentTrustedReceiver
11-17 22:18:05.037  1642  4635 I DropBoxManagerService: add tag=platform_stats_bookmark isTagEnabled=true flags=0x2
11-17 22:18:05.046  1642  4635 W DropBoxManagerService: Dropping: platform_stats_bookmark (13 > 0 bytes)
11-17 22:18:05.048  1642  1813 W BroadcastQueue: Background execution not allowed: receiving Intent { act=android.intent.action.DROPBOX_ENTRY_ADDED flg=0x10 (has extras) } to com.google.android.gms/.stats.service.DropBoxEntryAddedReceiver
11-17 22:18:05.048  1642  1813 W BroadcastQueue: Background execution not allowed: receiving Intent { act=android.intent.action.DROPBOX_ENTRY_ADDED flg=0x10 (has extras) } to com.google.android.gms/.chimera.GmsIntentOperationService$PersistentTrustedReceiver
11-17 22:18:14.846  1642  1814 I ActivityManager: Start proc 30483:com.google.android.googlequicksearchbox/u0a48 for broadcast {com.google.android.googlequicksearchbox/com.google.android.libraries.phenotype.client.stable.PhenotypeUpdateBackgroundBroadcastReceiver}
11-17 22:18:15.470  1642  1814 I ActivityManager: Start proc 30484:com.google.android.gms.ui/u0a15 for service {com.google.android.gms/com.google.android.gms.chimera.UiIntentOperationService}
11-17 22:18:23.232  1642  2514 V AlarmManager: Triggering alarm #0: 2 when =26806990 package =android operation = null listenTag =*job.delay* flags =0x0
11-17 22:18:23.251  1642  3102 D OPBF    : setCGroupState():tofreeze=false, uid:10058 pkg:ru.foodfox.client --->>> ok reason:bindservice as server add connection = AppBindRecord{5768bd0 ru.foodfox.client/com.yandex.metrica.ConfigurationJobService:system}
11-17 22:18:25.428  1642  5088 D ConnectivityService: requestNetwork for uid/pid:10095/23159 NetworkRequest [ TRACK_DEFAULT id=447, [ Capabilities: INTERNET&NOT_RESTRICTED&TRUSTED Uid: 10095] ]
11-17 22:18:25.474  1642  2540 D ConnectivityService: releasing NetworkRequest [ TRACK_DEFAULT id=447, [ Capabilities: INTERNET&NOT_RESTRICTED&TRUSTED Uid: 10095] ] (release request)
11-17 22:18:30.498  1642  2514 V AlarmManager: Triggering alarm #0: 2 when =26814076 package =android operation = null listenTag =*job.delay* flags =0x0
11-17 22:18:30.533  1642  3102 D OPBF    : setCGroupState():tofreeze=false, uid:10305 pkg:com.avito.android --->>> ok reason:bindservice as server add connection = AppBindRecord{73f5d8a com.avito.android/com.yandex.metrica.ConfigurationJobService:system}
11-17 22:18:36.886  1642  1712 D OpFingerprintService: updateStatus , 1
11-17 22:18:36.908  1642  1642 V FingerprintService: Stopping client com.android.systemui, fromClient: true
11-17 22:18:36.910  1642  3103 D FingerprintService: onError, 538525712384, 5, 0
11-17 22:18:36.922  1642  1642 V FingerprintService: handleError(client=com.android.systemui, error = 5)
11-17 22:18:36.922  1642  1642 V FingerprintService: Done with client: com.android.systemui
11-17 22:18:36.928  2674  2674 D FingerprintManager: sendErrorResult: 5, 5, 0
11-17 22:18:36.930  1642  4635 D KeyguardStateMonitor: onFingerprintStateChange , false, false, authType:1, result:5
11-17 22:18:42.336  1642  3102 D OPBF    : setCGroupState():tofreeze=true, uid:10026 pkg:com.octopod.russianpost.client.android --->>> ok reason:serviceDoneExecuting = com.octopod.russianpost.client.android/com.yandex.metrica.MetricaService
11-17 22:18:50.495  1642  2514 V AlarmManager: Triggering alarm #0: 2 when =26834252 package =com.google.android.gms operation =*walarm*:com.google.android.chimera.IntentOperation.TARGETED_INTENT flags =0x5
11-17 22:19:00.003  1642  2514 V AlarmManager: Triggering alarm #0: 3 when =26843758 package =android operation = null listenTag =TIME_TICK flags =0x1
11-17 22:19:03.372  1642  3102 D OPBF    : setCGroupState():tofreeze=true, uid:10058 pkg:ru.foodfox.client --->>> ok reason:bindservice as client add connection = AppBindRecord{9a42ea9 com.google.android.gms/com.google.android.location.internal.GoogleLocationManagerService:ru.foodfox.client:Metrica}
11-17 22:19:04.425  1642  1813 I ActivityManager: pid= 1642 st.name = system_server cpuPercent = 11 st.rel_utime =10140 st.rel_stime =4090
11-17 22:19:04.425  1642  1813 I ActivityManager: pid= 19815 st.name = .gms.persistent cpuPercent = 13 st.rel_utime =13240 st.rel_stime =3780
11-17 22:19:04.427  1642  1813 I OHPD    : mCurrentGpsUidList:[], currentIME:com.google.android.inputmethod.latin
11-17 22:19:04.430  1642  1813 I OHPD    : [BgDetect]chkExcessCpu level: 0 doKills: true critical false uptime: 300248
11-17 22:19:04.625  1642  1819 E BatteryExternalStatsWorker: no controller energy info supplied for bluetooth
11-17 22:19:04.715  1642  1811 D ExtBatteryStatsService: @@@@ awaitUninterruptibly in 140 ms
11-17 22:19:04.760  1642  1813 I OHPD    : [BGC] checkAbnBgKillLocked, doExecution: false
11-17 22:19:10.656  1642  3102 D OPBF    : setCGroupState():tofreeze=true, uid:10305 pkg:com.avito.android --->>> ok reason:serviceDoneExecuting = com.avito.android/com.yandex.metrica.MetricaService
11-17 22:19:11.715  1642  1813 I ActivityManager: pid= 1642 st.name = system_server cpuPercent = 10 st.rel_utime =420 st.rel_stime =370
11-17 22:19:11.715  1642  1813 E OHPD    : [BgDetect] AppForkedProc kworker/3:2 pid 32447 uid 0 can't find pkgName
11-17 22:19:11.717  1642  1813 I OHPD    : mCurrentGpsUidList:[], currentIME:com.google.android.inputmethod.latin
11-17 22:19:11.717  1642  1813 I OHPD    : [BgDetect]chkExcessCpu level: 1 doKills: true critical false uptime: 300233
11-17 22:19:17.687  1642  2514 V AlarmManager: Triggering alarm #0: 2 when =26857518 package =android operation = null listenTag =*job.delay* flags =0x0
11-17 22:19:17.687  1642  2514 V AlarmManager: Triggering alarm #1: 0 when =1637176757684 package =net.oneplus.launcher operation =*walarm*:net.oneplus.launcher/.datacollection.RegularDataCollectionReceiver flags =0x0
11-17 22:19:17.687  1642  2514 V AlarmManager: Triggering alarm #2: 3 when =26836427 package =com.google.android.gms operation =*alarm*:com.google.android.gms.gcm.TRIGGER_IDLE flags =0x0
11-17 22:19:17.748  1642  3102 D OPBF    : setCGroupState():tofreeze=false, uid:10152 pkg:ru.sberbankmobile --->>> ok reason:bindservice as server add connection = AppBindRecord{8151349 ru.sberbankmobile/com.yandex.metrica.ConfigurationJobService:system}
11-17 22:19:18.983  1642  3102 D OPBF    : setCGroupState():tofreeze=false, uid:10145 pkg:com.instagram.android --->>> ok reason:uid active tActive:true
11-17 22:19:57.882  1642  3102 D OPBF    : setCGroupState():tofreeze=true, uid:10152 pkg:ru.sberbankmobile --->>> ok reason:serviceDoneExecuting = ru.sberbankmobile/com.yandex.metrica.MetricaService
11-17 22:20:00.003  1642  2514 V AlarmManager: Triggering alarm #0: 3 when =26903758 package =android operation = null listenTag =TIME_TICK flags =0x1
11-17 22:21:09.030  1642  3102 D OPBF    : setCGroupState():tofreeze=true, uid:10145 pkg:com.instagram.android --->>> ok reason:uid active tActive:false
11-17 22:21:18.959  1642  2514 V AlarmManager: Triggering alarm #0: 2 when =26982714 package =com.google.android.gms operation =*walarm*:com.google.android.chimera.IntentOperation.TARGETED_INTENT flags =0x5
11-17 22:21:19.071  1642  3102 D OPBF    : setCGroupState():tofreeze=false, uid:10145 pkg:com.instagram.android --->>> ok reason:uid active tActive:true
11-17 22:21:48.234  1642  1712 I ActivityManager: Killing 17450:android.process.acore/u0a2 (adj 400): empty for 1804s
11-17 22:22:00.001  1642  2514 V AlarmManager: Triggering alarm #0: 3 when =27023758 package =android operation = null listenTag =TIME_TICK flags =0x1
11-17 22:22:41.665  1642  5088 I ActivityManager: Killing 26315:com.google.android.apps.photos/u0a94 (adj 975): empty for 1802s
11-17 22:22:41.729  1642  5712 D ConnectivityService: ConnectivityService NetworkRequestInfo binderDied(NetworkRequest [ TRACK_DEFAULT id=429, [ Capabilities: INTERNET&NOT_RESTRICTED&TRUSTED Uid: 10094] ], android.os.BinderProxy@42dd212)
11-17 22:22:41.730  1642  2540 D ConnectivityService: releasing NetworkRequest [ TRACK_DEFAULT id=429, [ Capabilities: INTERNET&NOT_RESTRICTED&TRUSTED Uid: 10094] ] (release request)
11-17 22:22:46.712  1642  5088 I ActivityManager: Killing 30478:ru.mail.mailapp/u0a27 (adj 975): empty for 1804s
11-17 22:22:46.810  1642  9104 D ConnectivityService: ConnectivityService NetworkRequestInfo binderDied(NetworkRequest [ TRACK_DEFAULT id=440, [ Capabilities: INTERNET&NOT_RESTRICTED&TRUSTED Uid: 10027] ], android.os.BinderProxy@2685355)
11-17 22:22:46.811  1642  4635 D ConnectivityService: ConnectivityService NetworkRequestInfo binderDied(NetworkRequest [ LISTEN id=439, [ Capabilities: INTERNET&NOT_RESTRICTED&TRUSTED&NOT_VPN Uid: 10027] ], android.os.BinderProxy@88d916a)
11-17 22:22:46.811  1642  2540 D ConnectivityService: releasing NetworkRequest [ TRACK_DEFAULT id=440, [ Capabilities: INTERNET&NOT_RESTRICTED&TRUSTED Uid: 10027] ] (release request)
11-17 22:22:46.816  1642  3102 D OPBF    : setCGroupState():tofreeze=false, uid:10027 pkg:ru.mail.mailapp --->>> ok reason:app died cause by pid 30478
11-17 22:23:04.542  1642  1811 I UsageStatsService: User[0] Flushing usage stats to disk
11-17 22:23:04.652  1642  1811 E AppIdleHistory: Error writing app idle file for user 0
11-17 22:23:09.128  1642  3102 D OPBF    : setCGroupState():tofreeze=true, uid:10145 pkg:com.instagram.android --->>> ok reason:uid active tActive:false
11-17 22:23:32.213  1642  1857 E OHPD    : [BgDetect] AppForkedProc kworker/u16:0 pid 32476 uid 0 can't find pkgName
11-17 22:23:32.265  1642  1819 E BatteryExternalStatsWorker: no controller energy info supplied for bluetooth
11-17 22:23:51.346  1642  1857 I ActivityManager: pid= 773 st.name = sensors@1.0-ser cpuPercent = 10 st.rel_utime =260 st.rel_stime =340
11-17 22:24:04.524  1642  1813 I OHPD    : mCurrentGpsUidList:[], currentIME:com.google.android.inputmethod.latin
11-17 22:24:04.525  1642  1813 I OHPD    : [BgDetect]chkExcessCpu level: 2 doKills: true critical false uptime: 600156
11-17 22:24:04.723  1642  1813 I OHPD    : mCurrentGpsUidList:[], currentIME:com.google.android.inputmethod.latin
11-17 22:24:04.726  1642  1813 I OHPD    : [BgDetect]chkExcessCpu level: 0 doKills: true critical false uptime: 300297
11-17 22:24:04.897  1642  1819 E BatteryExternalStatsWorker: no controller energy info supplied for bluetooth
11-17 22:24:04.991  1642  1811 D ExtBatteryStatsService: @@@@ awaitUninterruptibly in 151 ms
11-17 22:24:05.041  1642  1813 I OHPD    : [BGC] checkAbnBgKillLocked, doExecution: false
11-17 22:24:11.951  1642  1813 I ActivityManager: pid= 773 st.name = sensors@1.0-ser cpuPercent = 10 st.rel_utime =330 st.rel_stime =550
11-17 22:24:11.951  1642  1813 I ActivityManager: pid= 1642 st.name = system_server cpuPercent = 11 st.rel_utime =410 st.rel_stime =600
11-17 22:24:11.953  1642  1813 I OHPD    : mCurrentGpsUidList:[], currentIME:com.google.android.inputmethod.latin
11-17 22:24:11.953  1642  1813 I OHPD    : [BgDetect]chkExcessCpu level: 1 doKills: true critical false uptime: 300237
11-17 22:25:19.040  1642  2514 V AlarmManager: Triggering alarm #0: 2 when =27222797 package =com.google.android.gms operation =*walarm*:com.google.android.chimera.IntentOperation.TARGETED_INTENT flags =0x5
11-17 22:25:19.124  1642  3102 D OPBF    : setCGroupState():tofreeze=false, uid:10145 pkg:com.instagram.android --->>> ok reason:uid active tActive:true
11-17 22:25:57.478  1642  2514 V AlarmManager: Triggering alarm #0: 3 when =27017991 package =android operation =*alarm*:com.android.server.action.NETWORK_STATS_POLL flags =0x8
11-17 22:25:57.478  1642  2514 V AlarmManager: Triggering alarm #1: 2 when =27261233 package =android operation = null listenTag =*job.delay* flags =0x0
11-17 22:25:57.504  1642  2540 D ConnectivityService: Blocked status changed to false for 10083(375) on netId 100
11-17 22:25:57.506  1642  2540 D ConnectivityService: Blocked status changed to false for 10083(376) on netId 100
11-17 22:25:57.514  1642  3102 D OPBF    : setCGroupState():tofreeze=false, uid:10173 pkg:ru.vkusvill --->>> ok reason:bindservice as server add connection = AppBindRecord{a38d5a4 ru.vkusvill/com.yandex.metrica.ConfigurationJobService:system}
11-17 22:25:57.651  1642  2540 D ConnectivityService: Blocked status changed to true for 10083(375) on netId 100
11-17 22:25:57.651  1642  2540 D ConnectivityService: Blocked status changed to true for 10083(376) on netId 100
11-17 22:25:57.664  1642  2540 D ConnectivityService: Blocked status changed to false for 10083(375) on netId 100
11-17 22:25:57.664  1642  2540 D ConnectivityService: Blocked status changed to false for 10083(376) on netId 100
11-17 22:25:57.698  1642  2540 D ConnectivityService: Blocked status changed to true for 10083(375) on netId 100
11-17 22:25:57.699  1642  2540 D ConnectivityService: Blocked status changed to true for 10083(376) on netId 100
11-17 22:26:00.003  1642  2514 V AlarmManager: Triggering alarm #0: 3 when =27263759 package =android operation = null listenTag =TIME_TICK flags =0x1
11-17 22:26:02.494  1642  2514 V AlarmManager: Triggering alarm #0: 2 when =27263140 package =android operation = null listenTag =*job.delay* flags =0x0
11-17 22:26:02.526  1642  3102 D OPBF    : setCGroupState():tofreeze=false, uid:10354 pkg:ru.sberbank.spasibo --->>> ok reason:bindservice as server add connection = AppBindRecord{14467a5 ru.sberbank.spasibo/com.yandex.metrica.ConfigurationJobService:system}
11-17 22:26:24.783  1642  1819 E BatteryExternalStatsWorker: no controller energy info supplied for bluetooth
11-17 22:26:24.843  1642  1811 D ExtBatteryStatsService: @@@@ awaitUninterruptibly in 96 ms
11-17 22:26:25.217  1642  1811 D ExtBatteryStatsService: ext-flush too soon, skip
11-17 22:26:37.420  1642  2514 V AlarmManager: Triggering alarm #0: 2 when =27292263 package =android operation = null listenTag =*job.delay* flags =0x0
11-17 22:26:37.421  1642  2514 V AlarmManager: Triggering alarm #1: 3 when =27301175 package =com.whatsapp operation =*alarm*:com.whatsapp.alarm.CLIENT_PING_PERIODIC flags =0x0
11-17 22:26:37.454  1642  3102 D OPBF    : setCGroupState():tofreeze=false, uid:10425 pkg:org.stepic.droid --->>> ok reason:bindservice as server add connection = AppBindRecord{a6b17ee org.stepic.droid/com.yandex.metrica.ConfigurationJobService:system}
11-17 22:26:37.658  1642  3102 D OPBF    : setCGroupState():tofreeze=true, uid:10173 pkg:ru.vkusvill --->>> ok reason:serviceDoneExecuting = ru.vkusvill/com.yandex.metrica.MetricaService
11-17 22:26:42.622  1642  3102 D OPBF    : setCGroupState():tofreeze=true, uid:10354 pkg:ru.sberbank.spasibo --->>> ok reason:serviceDoneExecuting = ru.sberbank.spasibo/com.yandex.metrica.MetricaService
11-17 22:27:00.003  1642  2514 V AlarmManager: Triggering alarm #0: 3 when =27323759 package =android operation = null listenTag =TIME_TICK flags =0x1
11-17 22:27:01.475  1642  2514 V AlarmManager: Triggering alarm #0: 2 when =27325233 package =android operation = null listenTag =*job.delay* flags =0x0
11-17 22:27:01.507  1642  3102 D OPBF    : setCGroupState():tofreeze=false, uid:10305 pkg:com.avito.android --->>> ok reason:bindservice as server add connection = AppBindRecord{4a85b02 com.avito.android/com.yandex.metrica.ConfigurationJobService:system}
11-17 22:27:09.158  1642  3102 D OPBF    : setCGroupState():tofreeze=true, uid:10145 pkg:com.instagram.android --->>> ok reason:uid active tActive:false
11-17 22:27:17.576  1642  3102 D OPBF    : setCGroupState():tofreeze=true, uid:10425 pkg:org.stepic.droid --->>> ok reason:serviceDoneExecuting = org.stepic.droid/com.yandex.metrica.MetricaService
11-17 22:27:18.611  1642  2514 V AlarmManager: Triggering alarm #0: 2 when =27342366 package =android operation = null listenTag =*job.delay* flags =0x0
11-17 22:27:18.641  1642  3102 D OPBF    : setCGroupState():tofreeze=false, uid:10026 pkg:com.octopod.russianpost.client.android --->>> ok reason:bindservice as server add connection = AppBindRecord{d798fac com.octopod.russianpost.client.android/com.yandex.metrica.ConfigurationJobService:system}
11-17 22:27:41.626  1642  3102 D OPBF    : setCGroupState():tofreeze=true, uid:10305 pkg:com.avito.android --->>> ok reason:serviceDoneExecuting = com.avito.android/com.yandex.metrica.MetricaService
11-17 22:27:41.700  1642  1813 W ActivityManager: Stopping service due to app idle: u0a132 -1m20s10ms com.whatsapp/.messaging.MessageService
11-17 22:27:44.892  1642  2514 V AlarmManager: Triggering alarm #0: 2 when =27368648 package =android operation = null listenTag =*job.delay* flags =0x0
11-17 22:27:44.922  1642  3102 D OPBF    : setCGroupState():tofreeze=false, uid:10058 pkg:ru.foodfox.client --->>> ok reason:bindservice as server add connection = AppBindRecord{c3fdd1 ru.foodfox.client/com.yandex.metrica.ConfigurationJobService:system}
11-17 22:27:51.171  1642  2514 V AlarmManager: Triggering alarm #0: 2 when =27374928 package =android operation = null listenTag =*job.delay* flags =0x0
11-17 22:27:51.205  1642  3102 D OPBF    : setCGroupState():tofreeze=false, uid:10152 pkg:ru.sberbankmobile --->>> ok reason:bindservice as server add connection = AppBindRecord{b54d83c ru.sberbankmobile/com.yandex.metrica.ConfigurationJobService:system}
11-17 22:27:58.783  1642  3102 D OPBF    : setCGroupState():tofreeze=true, uid:10026 pkg:com.octopod.russianpost.client.android --->>> ok reason:serviceDoneExecuting = com.octopod.russianpost.client.android/com.yandex.metrica.MetricaService
11-17 22:28:00.002  1642  2514 V AlarmManager: Triggering alarm #0: 3 when =27383758 package =android operation = null listenTag =TIME_TICK flags =0x1
11-17 22:28:25.063  1642  3102 D OPBF    : setCGroupState():tofreeze=true, uid:10058 pkg:ru.foodfox.client --->>> ok reason:bindservice as client add connection = AppBindRecord{40087c3 com.google.android.gms/com.google.android.location.internal.GoogleLocationManagerService:ru.foodfox.client:Metrica}
11-17 22:28:31.344  1642  3102 D OPBF    : setCGroupState():tofreeze=true, uid:10152 pkg:ru.sberbankmobile --->>> ok reason:serviceDoneExecuting = ru.sberbankmobile/com.yandex.metrica.MetricaService
11-17 22:28:35.232  1642  3100 I ActivityManager: Killing 23159:com.google.android.youtube/u0a95 (adj 965): empty for 1812s
11-17 22:28:35.296  1642  5727 D ConnectivityService: ConnectivityService NetworkRequestInfo binderDied(NetworkRequest [ TRACK_DEFAULT id=407, [ Capabilities: INTERNET&NOT_RESTRICTED&TRUSTED Uid: 10095] ], android.os.BinderProxy@d4c56ff)
11-17 22:28:35.296  1642  9009 D ConnectivityService: ConnectivityService NetworkRequestInfo binderDied(NetworkRequest [ TRACK_DEFAULT id=406, [ Capabilities: INTERNET&NOT_RESTRICTED&TRUSTED Uid: 10095] ], android.os.BinderProxy@43ceccc)
11-17 22:28:35.296  1642  2969 D ConnectivityService: ConnectivityService NetworkRequestInfo binderDied(NetworkRequest [ TRACK_DEFAULT id=404, [ Capabilities: INTERNET&NOT_RESTRICTED&TRUSTED Uid: 10095] ], android.os.BinderProxy@fdf2b15)
11-17 22:28:35.296  1642  5727 D ConnectivityService: ConnectivityService NetworkRequestInfo binderDied(NetworkRequest [ LISTEN id=405, [ Capabilities: INTERNET&NOT_RESTRICTED&TRUSTED&FOREGROUND Uid: 10095] ], android.os.BinderProxy@863ee2a)
11-17 22:28:35.297  1642  2540 D ConnectivityService: releasing NetworkRequest [ TRACK_DEFAULT id=407, [ Capabilities: INTERNET&NOT_RESTRICTED&TRUSTED Uid: 10095] ] (release request)
11-17 22:28:35.298  1642  2540 D ConnectivityService: releasing NetworkRequest [ TRACK_DEFAULT id=404, [ Capabilities: INTERNET&NOT_RESTRICTED&TRUSTED Uid: 10095] ] (release request)
11-17 22:28:35.299  1642  2540 D ConnectivityService: releasing NetworkRequest [ TRACK_DEFAULT id=406, [ Capabilities: INTERNET&NOT_RESTRICTED&TRUSTED Uid: 10095] ] (release request)
11-17 22:29:04.942  1642  1813 I OHPD    : mCurrentGpsUidList:[], currentIME:com.google.android.inputmethod.latin
11-17 22:29:04.945  1642  1813 I OHPD    : [BgDetect]chkExcessCpu level: 0 doKills: true critical false uptime: 300217
11-17 22:29:05.126  1642  1819 E BatteryExternalStatsWorker: no controller energy info supplied for bluetooth
11-17 22:29:05.209  1642  1811 D ExtBatteryStatsService: @@@@ awaitUninterruptibly in 130 ms
11-17 22:29:05.261  1642  1813 I OHPD    : [BGC] checkAbnBgKillLocked, doExecution: false
11-17 22:29:12.163  1642  1813 I ActivityManager: pid= 1642 st.name = system_server cpuPercent = 11 st.rel_utime =460 st.rel_stime =340
11-17 22:29:12.163  1642  1813 E OHPD    : [BgDetect] AppForkedProc kworker/u16:7 pid 32727 uid 0 can't find pkgName
11-17 22:29:12.163  1642  1813 E OHPD    : [BgDetect] AppForkedProc kworker/u16:10 pid 32728 uid 0 can't find pkgName
11-17 22:29:12.163  1642  1813 E OHPD    : [BgDetect] AppForkedProc kworker/u16:13 pid 32731 uid 0 can't find pkgName
11-17 22:29:12.166  1642  1813 I OHPD    : mCurrentGpsUidList:[], currentIME:com.google.android.inputmethod.latin
11-17 22:29:12.166  1642  1813 I OHPD    : [BgDetect]chkExcessCpu level: 1 doKills: true critical false uptime: 300212
11-17 22:30:46.079  1642  2514 V AlarmManager: Triggering alarm #0: 3 when =27549834 package =net.oneplus.weather operation =*alarm*:net.oneplus.weather.receiver.BootReceiver.ACTION_ALARM flags =0x5
11-17 22:31:57.053  5469   331 W SystemConfig: No directory /product_services/etc/sysconfig, skipping
11-17 22:31:57.054  5469   331 W SystemConfig: No directory /product_services/etc/permissions, skipping
11-17 22:31:57.757  1642  1813 I ActivityManager: Force stopping com.android.todolist appid=10470 user=-1: installPackageLI
11-17 22:31:57.758  1642  1888 I PackageManager: Update package com.android.todolist code path from /data/app/com.android.todolist-LdaaGtuN1VoOAtKZ5x90dw== to /data/app/com.android.todolist-AvsAOP10CGN0nmL4a8ogtA==; Retain data and using new
11-17 22:31:57.758  1642  1888 I PackageManager: Update package com.android.todolist resource path from /data/app/com.android.todolist-LdaaGtuN1VoOAtKZ5x90dw== to /data/app/com.android.todolist-AvsAOP10CGN0nmL4a8ogtA==; Retain data and using new
11-17 22:31:57.759  1642  1888 D PackageManager: Removing non-system package: com.android.todolist
11-17 22:31:57.760  1642  1888 D PackageManager: removePackageDataLI: PackageSetting{343653d com.android.todolist/10470}
11-17 22:31:57.760  1642  1888 D PackageManager: Propagating install state across downgrade
11-17 22:31:57.760  1642  1888 D PackageManager:     user 0 => true
11-17 22:31:57.762  1642  1813 I ActivityManager: Killing 30476:com.android.todolist/u0a470 (adj 0): stop com.android.todolist
11-17 22:31:57.767  1642  3102 D OPBF    : setCGroupState():tofreeze=false, uid:10470 pkg:com.android.todolist --->>> ok reason:process died cause by uid/pid:30476
11-17 22:31:57.769  1642  1813 W ActivityTaskManager: Force removing ActivityRecord{be8d919 u0 com.android.todolist/.MainActivity t56806 f}: app died, no saved state
11-17 22:31:57.791  1642  1813 D Foreground_io: TOP_APP is ProcessRecord{50db3e1 18945:net.oneplus.launcher/u0a75} uid is 10075
11-17 22:31:57.792  1642   352 D Foreground_io: Setting fg uid
11-17 22:31:57.793  1642   352 D Foreground_io: Done
11-17 22:31:57.938  1642  1888 W PackageSettings: Skipping PackageSetting{12148be com.camerasideas.instashot/10356} due to missing metadata
11-17 22:31:57.990  1642  1888 I PackageManager: Un-granting permission android.permission.WRITE_MEDIA_STORAGE from package com.mobisystems.office (protectionLevel=18 flags=0x20d8be44)
11-17 22:31:57.990  1642  1888 I PackageManager: Un-granting permission android.permission.MANAGE_DOCUMENTS from package com.mobisystems.office (protectionLevel=262146 flags=0x20d8be44)
11-17 22:31:57.991  1642  1888 I PackageManager: Un-granting permission android.permission.WRITE_SETTINGS from package com.skype.raider (protectionLevel=1218 flags=0x30c83e44)
11-17 22:31:57.992  1642  1888 I PackageManager: Un-granting permission android.permission.MANAGE_DOCUMENTS from package com.google.android.youtube (protectionLevel=262146 flags=0x30dbbec5)
11-17 22:31:57.994  1642  1888 I PackageManager: Un-granting permission android.permission.SUBSTITUTE_SHARE_TARGET_APP_NAME_AND_ICON from package com.google.android.googlequicksearchbox (protectionLevel=18 flags=0xa8dbbec5)
11-17 22:31:57.995  1642  1888 I PackageManager: Un-granting permission android.permission.REQUEST_INSTALL_PACKAGES from package com.vkontakte.android (protectionLevel=66 flags=0x30d83e44)
11-17 22:31:57.995  1642  1888 I PackageManager: Un-granting permission com.google.android.googleapps.permission.GOOGLE_AUTH from package com.android.providers.calendar (protectionLevel=2 flags=0x30883e45)
11-17 22:31:57.995  1642  1888 I PackageManager: Un-granting permission com.google.android.googleapps.permission.GOOGLE_AUTH.cl from package com.android.providers.calendar (protectionLevel=2 flags=0x30883e45)
11-17 22:31:57.995  1642  1888 I PackageManager: Un-granting permission android.permission.MANAGE_DOCUMENTS from package com.oneplus.card (protectionLevel=262146 flags=0x3048be44)
11-17 22:31:57.995  1642  1888 I PackageManager: Un-granting permission android.permission.STOP_APP_SWITCHES from package com.oneplus.card (protectionLevel=18 flags=0x3048be44)
11-17 22:31:57.996  1642  1888 I PackageManager: Un-granting permission android.permission.REQUEST_INSTALL_PACKAGES from package org.telegram.messenger (protectionLevel=66 flags=0x20983e44)
11-17 22:31:57.996  1642  1888 I PackageManager: Un-granting permission net.oneplus.launcher.permission.READ_SETTINGS from package com.oneplus.note (protectionLevel=18 flags=0x30983e44)
11-17 22:31:57.996  1642  1888 I PackageManager: Un-granting permission net.oneplus.launcher.permission.WRITE_SETTINGS from package com.oneplus.note (protectionLevel=18 flags=0x30983e44)
11-17 22:31:57.996  1642  1888 I PackageManager: Un-granting permission com.google.android.gm.permission.READ_GMAIL from package com.google.android.apps.docs.editors.docs (protectionLevel=2 flags=0x38dbbe44)
11-17 22:31:57.996  1642  1888 I PackageManager: Un-granting permission com.google.android.googleapps.permission.GOOGLE_AUTH from package com.google.android.apps.docs.editors.docs (protectionLevel=2 flags=0x38dbbe44)
11-17 22:31:57.996  1642  1888 I PackageManager: Un-granting permission com.google.android.googleapps.permission.GOOGLE_AUTH.OTHER_SERVICES from package com.google.android.apps.docs.editors.docs (protectionLevel=2 flags=0x38dbbe44)
11-17 22:31:57.996  1642  1888 I PackageManager: Un-granting permission com.google.android.googleapps.permission.GOOGLE_AUTH.ALL_SERVICES from package com.google.android.apps.docs.editors.docs (protectionLevel=2 flags=0x38dbbe44)
11-17 22:31:57.996  1642  1888 I PackageManager: Un-granting permission com.google.android.googleapps.permission.GOOGLE_AUTH.writely from package com.google.android.apps.docs.editors.docs (protectionLevel=2 flags=0x38dbbe44)
11-17 22:31:57.996  1642  1888 I PackageManager: Un-granting permission com.google.android.googleapps.permission.GOOGLE_AUTH.wise from package com.google.android.apps.docs.editors.docs (protectionLevel=2 flags=0x38dbbe44)
11-17 22:31:57.997  1642  1888 I PackageManager: Un-granting permission android.permission.REQUEST_INSTALL_PACKAGES from package ru.foodfox.client (protectionLevel=66 flags=0x20d83e44)
11-17 22:31:57.998  1642  1888 I PackageManager: Un-granting permission android.permission.WRITE_SETTINGS from package com.oneplus.soundrecorder (protectionLevel=1218 flags=0x3048be44)
11-17 22:31:57.998  1642  1888 I PackageManager: Un-granting permission android.permission.INTERACT_ACROSS_USERS from package com.oneplus.soundrecorder (protectionLevel=50 flags=0x3048be44)
