11-17 22:32:35.679  1642 10516 D OpQuickReply: setQuickReplyResumed focusedApp AppWindowToken{b38de64 token=Token{c512ff7 ActivityRecord{b064ff6 u0 com.android.todolist/.ListActivity t56807}}} pkgName com.android.todolist
11-17 22:32:35.683  1642 10516 E OnePlusService: Exception notifySurfaceFlingerUpdate
11-17 22:32:36.502  1642  1811 D ExtBatteryStatsService: ext-flush too soon, skip
11-17 22:32:37.232  1642  1819 E BatteryExternalStatsWorker: no controller energy info supplied for bluetooth
11-17 22:32:37.312  1642  1811 D ExtBatteryStatsService: @@@@ awaitUninterruptibly in 127 ms
11-17 22:32:37.325  1642  1811 D ExtBatteryStatsService: ext-flush too soon, skip
11-17 22:32:37.644  1642  5723 W NotificationService: Toast already killed. pkg=com.android.todolist callback=android.app.ITransientNotification$Stub$Proxy@fee22eb
11-17 22:32:37.740  1642  5723 I ActivityTaskManager: START u0 {cmp=com.android.todolist/.MainActivity} from uid 10470 pid 32568
11-17 22:32:37.754  1642  1795 D OpRestartProcessManager: updateSelf :  com.android.todolist, size : 30
11-17 22:32:37.754  1642  5723 I ActivityTaskManager: The Process com.android.todolist Already Exists in BG. So sending its PID: 32568
11-17 22:32:37.755  1642  5723 D OpQuickReply: setQuickReplyResumed focusedApp AppWindowToken{20600f4 token=Token{40a02c7 ActivityRecord{8c66c06 u0 com.android.todolist/.MainActivity t56807}}} pkgName com.android.todolist
11-17 22:32:38.699  1642  5723 I ActivityTaskManager: START u0 {cmp=com.android.todolist/.ListActivity (has extras)} from uid 10470 pid 32568
11-17 22:32:38.704  1642  1795 D OpRestartProcessManager: Duration is too short, ignore : 951 in com.android.todolist
11-17 22:32:38.729  1642  4630 I ActivityTaskManager: The Process com.android.todolist Already Exists in BG. So sending its PID: 32568
11-17 22:32:38.729  1642  1795 D OpRestartProcessManager: updateSelf :  com.android.todolist, size : 30
11-17 22:32:38.732  1642  4630 D OpQuickReply: setQuickReplyResumed focusedApp AppWindowToken{ef3499a token=Token{34e0e45 ActivityRecord{7399ebc u0 com.android.todolist/.ListActivity t56807}}} pkgName com.android.todolist
11-17 22:32:39.133  1642  1795 W WindowManager: Unable to start animation, surface is null or no children.
11-17 22:32:40.724  1642  4630 W NotificationService: Toast already killed. pkg=com.android.todolist callback=android.app.ITransientNotification$Stub$Proxy@2634e87
11-17 22:32:42.214  1642  1795 W WindowManager: Unable to start animation, surface is null or no children.
11-17 22:32:43.007  1642  2540 D ConnectivityService: Blocked status changed to false for 10083(375) on netId 100
11-17 22:32:43.008  1642  2540 D ConnectivityService: Blocked status changed to false for 10083(376) on netId 100
11-17 22:32:45.286  1642  2514 V AlarmManager: Triggering alarm #0: 3 when =27669044 package =com.google.android.gms operation =*alarm*:com.google.android.gms.auth.authzen.cryptauth.DEVICE_STATE_CHECK_DELAY_COMPLETE flags =0x0
11-17 22:32:46.072  1642  1819 E BatteryExternalStatsWorker: no controller energy info supplied for bluetooth
11-17 22:32:46.130  1642  1811 D ExtBatteryStatsService: @@@@ awaitUninterruptibly in 98 ms
11-17 22:32:46.132  1642  1811 D ExtBatteryStatsService: ext-flush too soon, skip
11-17 22:32:47.907  1642  2540 D ConnectivityService: Blocked status changed to true for 10083(375) on netId 100
11-17 22:32:47.907  1642  2540 D ConnectivityService: Blocked status changed to true for 10083(376) on netId 100
11-17 22:32:48.631  1642  1642 W WindowManager: removeWindowToken: Attempted to remove non-existing token: android.os.Binder@5b0ab2a
11-17 22:32:49.153  1642  4630 E OnePlusService: Exception notifySurfaceFlingerUpdate
11-17 22:32:49.179  1642  4630 I ActivityTaskManager: START u0 {cmp=com.android.todolist/.MainActivity} from uid 10470 pid 32568
11-17 22:32:49.192  1642  1795 D OpRestartProcessManager: updateSelf :  com.android.todolist, size : 30
11-17 22:32:49.192  1642  3221 I ActivityTaskManager: The Process com.android.todolist Already Exists in BG. So sending its PID: 32568
11-17 22:32:49.194  1642  3221 D OpQuickReply: setQuickReplyResumed focusedApp AppWindowToken{3756c0c token=Token{a64b3f ActivityRecord{7ad2b5e u0 com.android.todolist/.MainActivity t56807}}} pkgName com.android.todolist
11-17 22:32:49.865  1642  3102 D OPBF    : setCGroupState():tofreeze=true, uid:10294 pkg:net.oneplus.widget --->>> ok reason:finish perform hasTimeout broadcast for action = net.oneplus.weather.receiver.update
11-17 22:32:50.135  1642  4630 I ActivityTaskManager: START u0 {cmp=com.android.todolist/.ListActivity (has extras)} from uid 10470 pid 32568
11-17 22:32:50.142  1642  1795 D OpRestartProcessManager: Duration is too short, ignore : 950 in com.android.todolist
11-17 22:32:50.166  1642  1795 D OpRestartProcessManager: updateSelf :  com.android.todolist, size : 30
11-17 22:32:50.166  1642  4630 I ActivityTaskManager: The Process com.android.todolist Already Exists in BG. So sending its PID: 32568
11-17 22:32:50.169  1642  4630 D OpQuickReply: setQuickReplyResumed focusedApp AppWindowToken{c5a0f72 token=Token{d8f647d ActivityRecord{b9e0ad4 u0 com.android.todolist/.ListActivity t56807}}} pkgName com.android.todolist
11-17 22:32:50.897  1642  3102 D OPBF    : setCGroupState():tofreeze=true, uid:10098 pkg:net.oneplus.weather --->>> ok reason:importantProviderChangeEvent inc:false provider:10098 client:10294 clientP:net.oneplus.widget clientIsCore:false
11-17 22:32:50.957  1642  1819 E BatteryExternalStatsWorker: no controller energy info supplied for bluetooth
11-17 22:32:51.022  1642  1811 D ExtBatteryStatsService: @@@@ awaitUninterruptibly in 103 ms
11-17 22:32:51.022  1642  1811 D ExtBatteryStatsService: ext-flush too soon, skip
11-17 22:32:51.709  1642  1642 W WindowManager: removeWindowToken: Attempted to remove non-existing token: android.os.Binder@a03d289
11-17 22:32:52.161  1642  4630 W NotificationService: Toast already killed. pkg=com.android.todolist callback=android.app.ITransientNotification$Stub$Proxy@c34c62a
11-17 22:32:53.654  1642  1795 W WindowManager: Unable to start animation, surface is null or no children.
11-17 22:32:53.843  1642  2540 D ConnectivityService: Blocked status changed to false for 10083(375) on netId 100
11-17 22:32:53.844  1642  2540 D ConnectivityService: Blocked status changed to false for 10083(376) on netId 100
11-17 22:32:56.904  1642  1819 E BatteryExternalStatsWorker: no controller energy info supplied for bluetooth
11-17 22:32:56.977  1642  1811 D ExtBatteryStatsService: @@@@ awaitUninterruptibly in 113 ms
11-17 22:32:56.978  1642  1811 D ExtBatteryStatsService: ext-flush too soon, skip
11-17 22:32:59.737  1642  3100 E OnePlusService: Exception notifySurfaceFlingerUpdate
11-17 22:33:00.000  1642  2514 V AlarmManager: Triggering alarm #0: 3 when =27683758 package =android operation = null listenTag =TIME_TICK flags =0x1
11-17 22:33:01.221  1642  2540 D ConnectivityService: Blocked status changed to true for 10083(375) on netId 100
11-17 22:33:01.222  1642  2540 D ConnectivityService: Blocked status changed to true for 10083(376) on netId 100
11-17 22:33:02.712  1642 10659 I ActivityTaskManager: START u0 {cmp=com.android.todolist/.MainActivity} from uid 10470 pid 32568
11-17 22:33:02.727  1642  1795 D OpRestartProcessManager: updateSelf :  com.android.todolist, size : 30
11-17 22:33:02.727  1642  3221 I ActivityTaskManager: The Process com.android.todolist Already Exists in BG. So sending its PID: 32568
11-17 22:33:02.729  1642  3221 D OpQuickReply: setQuickReplyResumed focusedApp AppWindowToken{be14151 token=Token{4d4c678 ActivityRecord{3521bdb u0 com.android.todolist/.MainActivity t56807}}} pkgName com.android.todolist
11-17 22:33:03.150  1642  1642 W WindowManager: removeWindowToken: Attempted to remove non-existing token: android.os.Binder@eddb541
11-17 22:33:03.253  1642  3100 E OnePlusService: Exception notifySurfaceFlingerUpdate
11-17 22:33:03.900  1642  3100 I ActivityTaskManager: START u0 {cmp=com.android.todolist/.ListActivity (has extras)} from uid 10470 pid 32568
11-17 22:33:03.929  1642  1795 D OpRestartProcessManager: updateSelf :  com.android.todolist, size : 30
11-17 22:33:03.929  1642  3100 I ActivityTaskManager: The Process com.android.todolist Already Exists in BG. So sending its PID: 32568
11-17 22:33:03.933  1642  3100 D OpQuickReply: setQuickReplyResumed focusedApp AppWindowToken{c3dc097 token=Token{fbe3f16 ActivityRecord{155bc31 u0 com.android.todolist/.ListActivity t56807}}} pkgName com.android.todolist
11-17 22:33:04.298  1642  1819 E BatteryExternalStatsWorker: no controller energy info supplied for bluetooth
11-17 22:33:04.364  1642  1811 D ExtBatteryStatsService: @@@@ awaitUninterruptibly in 98 ms
11-17 22:33:04.365  1642  1811 D ExtBatteryStatsService: ext-flush too soon, skip
11-17 22:33:05.925  1642  3221 W NotificationService: Toast already killed. pkg=com.android.todolist callback=android.app.ITransientNotification$Stub$Proxy@4c8f681
11-17 22:33:07.414  1642  1795 W WindowManager: Unable to start animation, surface is null or no children.
11-17 22:33:07.489  1642  2540 D ConnectivityService: Blocked status changed to false for 10083(375) on netId 100
11-17 22:33:07.490  1642  2540 D ConnectivityService: Blocked status changed to false for 10083(376) on netId 100
11-17 22:33:10.410  1642  3221 E OnePlusService: Exception notifySurfaceFlingerUpdate
11-17 22:33:10.537  1642  1819 E BatteryExternalStatsWorker: no controller energy info supplied for bluetooth
11-17 22:33:10.605  1642  1811 D ExtBatteryStatsService: @@@@ awaitUninterruptibly in 110 ms
11-17 22:33:10.606  1642  1811 D ExtBatteryStatsService: ext-flush too soon, skip
11-17 22:33:11.356  1642  2514 V AlarmManager: Triggering alarm #0: 2 when =27695113 package =com.google.android.gms operation =*walarm*:com.google.android.chimera.IntentOperation.TARGETED_INTENT flags =0x5
11-17 22:33:11.631  1642  2540 D ConnectivityService: Blocked status changed to true for 10083(375) on netId 100
11-17 22:33:11.631  1642  2540 D ConnectivityService: Blocked status changed to true for 10083(376) on netId 100
11-17 22:33:12.632  1642  3221 I ActivityTaskManager: START u0 {cmp=com.android.todolist/.MainActivity} from uid 10470 pid 32568
11-17 22:33:12.648  1642  1795 D OpRestartProcessManager: updateSelf :  com.android.todolist, size : 30
11-17 22:33:12.648  1642  3221 I ActivityTaskManager: The Process com.android.todolist Already Exists in BG. So sending its PID: 32568
11-17 22:33:12.650  1642  3221 D OpQuickReply: setQuickReplyResumed focusedApp AppWindowToken{5b28279 token=Token{11b3340 ActivityRecord{d7e9ec3 u0 com.android.todolist/.MainActivity t56807}}} pkgName com.android.todolist
11-17 22:33:14.713  1642  1819 E BatteryExternalStatsWorker: no controller energy info supplied for bluetooth
11-17 22:33:14.789  1642  1811 D ExtBatteryStatsService: @@@@ awaitUninterruptibly in 118 ms
11-17 22:33:14.790  1642  1811 D ExtBatteryStatsService: ext-flush too soon, skip
11-17 22:33:16.915  1642  1642 W WindowManager: removeWindowToken: Attempted to remove non-existing token: android.os.Binder@541e84a
11-17 22:33:19.106  1642  2514 V AlarmManager: Triggering alarm #0: 2 when =27702863 package =com.google.android.gms operation =*walarm*:com.google.android.chimera.IntentOperation.TARGETED_INTENT flags =0x5
11-17 22:33:19.192  1642  3102 D OPBF    : setCGroupState():tofreeze=false, uid:10145 pkg:com.instagram.android --->>> ok reason:uid active tActive:true
11-17 22:33:36.578  1642  1864 I DisplayPowerController: useProximityForceSuspend = false
11-17 22:33:36.581  1642  1864 V DisplayPowerController: Brightness [6] reason changing to: 'manual [ dim ]', previous reason: 'manual'.
11-17 22:33:36.582  1642  1642 V SettingsProvider: Notifying for 0: content://settings/global/device_is_dimming
11-17 22:33:36.979  1642  1864 I DisplayPowerController: useProximityForceSuspend = false
11-17 22:33:42.578  1642  1864 I PowerManagerService: Going to sleep due to timeout (uid 1000)...
11-17 22:33:42.579  1642  1642 W UsageStatsService: Event reported without a package name, eventType:16
11-17 22:33:42.580  1642  1864 I PowerManagerService: Sleeping (uid 1000)...
11-17 22:33:42.580  1642  1642 I WindowManager: Started going to sleep... (why=OFF_BECAUSE_OF_TIMEOUT)
11-17 22:33:42.580  1642  1864 I DisplayPowerController: useProximityForceSuspend = false
11-17 22:33:42.658  1642  1864 V DisplayPowerController: Brightness [76] reason changing to: 'manual', previous reason: 'manual [ dim ]'.
11-17 22:33:42.670  1642  1864 I DisplayPowerController: useProximityForceSuspend = false
11-17 22:33:42.670  1642  1864 I DisplayPowerController: Blocking screen off
11-17 22:33:42.670  1642  1864 I DisplayPowerController: Unblocked screen off after 0 ms
11-17 22:33:42.670  1642  1864 D OpColorDisplayService: screenStateChange
11-17 22:33:42.670  1642  1864 I WindowManager: Screen turned off...
11-17 22:33:42.670  1642  1864 D ActivityTaskManager: Top Process State changed to PROCESS_STATE_TOP_SLEEPING
11-17 22:33:42.670  1642  1832 D OpColorDisplayService: processScreenOn   false
11-17 22:33:42.724  1642  1864 V DisplayPowerController: Brightness [0] reason changing to: 'screen_off', previous reason: 'manual'.
11-17 22:33:42.725  1642  1864 I DisplayPowerController: useProximityForceSuspend = false
11-17 22:33:42.934  1642  1864 I DisplayPowerController: useProximityForceSuspend = false
11-17 22:33:42.952  1642 10659 D OpFingerprintService: updateStatus , 2
11-17 22:33:42.988  1642  1795 I DisplayManagerService: Display device changed state: "Встроенный экран", OFF
11-17 22:33:42.991  1642  1642 V SettingsProvider: Notifying for 0: content://settings/global/device_is_dimming
11-17 22:33:42.991  1642  1642 W Looper  : Slow dispatch took 266ms main h=com.android.providers.settings.SettingsProvider$SettingsRegistry$MyHandler c=null m=1
11-17 22:33:42.991  1642  1642 W Looper  : Slow delivery took 266ms main h=com.android.providers.settings.SettingsProvider$SettingsRegistry$MyHandler c=null m=2
11-17 22:33:42.991  1642  1642 I WindowManager: Finished going to sleep... (why=OFF_BECAUSE_OF_TIMEOUT)
11-17 22:33:42.992  1642  1642 D OpPowerControllerService: SCREEN is OFF
11-17 22:33:42.992  1642  1642 D OpPowerControllerService: SCREEN is OFF
11-17 22:33:42.992  1642  1642 D OpPowerControllerService: mScreenOffStart=2021-11-17 22:33:42
11-17 22:33:42.994  1642  1642 W Looper  : Drained
11-17 22:33:43.023  1642  1642 V FingerprintService: startAuthentication(com.android.systemui)
11-17 22:33:43.023  1642  1642 V FingerprintService: starting client AuthenticationClientImpl(com.android.systemui) cookie: 0/0
11-17 22:33:43.023  1642  1642 D OpFingerprintService: OIMCService is null
11-17 22:33:43.073  1642  1642 D OpFingerprintService: updateStatus , 3
11-17 22:33:43.135  1642  1642 D OPBF    : # eventChangeReceiver # onReceive # action=android.intent.action.SCREEN_OFF
11-17 22:33:43.294  1642 10659 W AppOps  : Noting op not finished: uid 10015 pkg com.google.android.gms code 79 time=1637177591611 duration=-1
11-17 22:33:43.309  1642  5713 W AppOps  : Noting op not finished: uid 10015 pkg com.google.android.gms code 79 time=1637177623294 duration=0
11-17 22:33:43.322  1642 10516 W AppOps  : Noting op not finished: uid 10015 pkg com.google.android.gms code 79 time=1637177623309 duration=0
11-17 22:33:47.322  1642  2514 V AlarmManager: Triggering alarm #0: 2 when =27731077 package =com.google.android.gms operation =*walarm*:com.google.android.chimera.IntentOperation.TARGETED_INTENT flags =0x5
11-17 22:33:47.595  1642  2514 V AlarmManager: Triggering alarm #0: 2 when =27731350 package =com.android.systemui operation =*walarm*:com.android.internal.policy.impl.PhoneWindowManager.DELAYED_KEYGUARD flags =0x9
11-17 22:33:47.604  1642  3100 I OpAppLocker: setKeyguardDone false
11-17 22:33:47.607  1642  3100 I OpAppLocker: setKeyguardDone false
11-17 22:33:47.615  1642  5713 I OemSceneModeAmHelper: [scene] handleShowOrOccludedChanged showing true, occluded false
11-17 22:33:47.646  1642  1795 W UsageStatsService: Event reported without a package name, eventType:17
11-17 22:33:47.669  1642  1795 V UsbDeviceManager: onKeyguardStateChanged: isShowing:true secure:true user:0
11-17 22:33:47.738  2674  2674 V KeyguardStatusView: refresh statusview showing:true
11-17 22:33:52.001  1642  2514 V AlarmManager: Triggering alarm #0: 0 when =1637177632000 package =android operation = null listenTag =PowerController.SleepStateChange flags =0x9
11-17 22:33:53.670  1642  1819 E BatteryExternalStatsWorker: no controller energy info supplied for bluetooth
11-17 22:33:53.744  1642  1811 D ExtBatteryStatsService: @@@@ awaitUninterruptibly in 120 ms
11-17 22:34:00.002  1642  2514 V AlarmManager: Triggering alarm #0: 3 when =27743758 package =android operation = null listenTag =TIME_TICK flags =0x1
11-17 22:34:02.088  1642  1813 E OHPD    : [BgDetect] AppForkedProc kworker/u16:0 pid 325 uid 0 can't find pkgName
11-17 22:34:02.088  1642  1813 E OHPD    : [BgDetect] AppForkedProc kworker/u16:2 pid 326 uid 0 can't find pkgName
11-17 22:34:02.088  1642  1813 E OHPD    : [BgDetect] AppForkedProc kworker/u16:5 pid 327 uid 0 can't find pkgName
11-17 22:34:02.088  1642  1813 E OHPD    : [BgDetect] AppForkedProc kworker/u16:14 pid 330 uid 0 can't find pkgName
11-17 22:34:02.088  1642  1813 I ActivityManager: pid= 825 st.name = surfaceflinger cpuPercent = 21 st.rel_utime =14040 st.rel_stime =6050
11-17 22:34:02.088  1642  1813 I ActivityManager: pid= 1642 st.name = system_server cpuPercent = 14 st.rel_utime =7560 st.rel_stime =6080
11-17 22:34:02.088  1642  1813 E OHPD    : [BgDetect] AppForkedProc kworker/1:2 pid 32759 uid 0 can't find pkgName
11-17 22:34:02.091  1642  1813 I OHPD    : mCurrentGpsUidList:[], currentIME:com.google.android.inputmethod.latin
11-17 22:34:02.091  1642  1813 I OHPD    : [BgDetect]chkExcessCpu level: 3 doKills: true critical false uptime: 1200246
11-17 22:34:04.731  1642  1813 I OHPD    : mCurrentGpsUidList:[], currentIME:com.google.android.inputmethod.latin
11-17 22:34:04.732  1642  1813 I OHPD    : [BgDetect]chkExcessCpu level: 2 doKills: true critical false uptime: 600209
11-17 22:34:05.081  1642  1813 I OHPD    : mCurrentGpsUidList:[], currentIME:com.google.android.inputmethod.latin
11-17 22:34:05.086  1642  1813 I OHPD    : [BgDetect]chkExcessCpu level: 0 doKills: true critical false uptime: 300139
11-17 22:34:05.281  1642  1819 E BatteryExternalStatsWorker: no controller energy info supplied for bluetooth
11-17 22:34:05.368  1642  1811 D ExtBatteryStatsService: @@@@ awaitUninterruptibly in 135 ms
11-17 22:34:05.425  1642  1813 I OHPD    : [BGC] checkAbnBgKillLocked, doExecution: false
11-17 22:34:12.395  1642  1813 I ActivityManager: pid= 1642 st.name = system_server cpuPercent = 13 st.rel_utime =680 st.rel_stime =700
11-17 22:34:12.397  1642  1813 I OHPD    : mCurrentGpsUidList:[], currentIME:com.google.android.inputmethod.latin
11-17 22:34:12.397  1642  1813 I OHPD    : [BgDetect]chkExcessCpu level: 1 doKills: true critical false uptime: 300232
11-17 22:34:17.685  1642  2514 V AlarmManager: Triggering alarm #0: 2 when =27738692 package =android operation = null listenTag =*job.delay* flags =0x0
11-17 22:34:17.686  1642  2514 V AlarmManager: Triggering alarm #1: 0 when =1637177657684 package =net.oneplus.launcher operation =*walarm*:net.oneplus.launcher/.datacollection.RegularDataCollectionReceiver flags =0x0
11-17 22:34:17.755  1642  3102 D OPBF    : setCGroupState():tofreeze=false, uid:10354 pkg:ru.sberbank.spasibo --->>> ok reason:bindservice as server add connection = AppBindRecord{a9d8a23 ru.sberbank.spasibo/com.yandex.metrica.ConfigurationJobService:system}
11-17 22:34:57.885  1642  3102 D OPBF    : setCGroupState():tofreeze=true, uid:10354 pkg:ru.sberbank.spasibo --->>> ok reason:serviceDoneExecuting = ru.sberbank.spasibo/com.yandex.metrica.MetricaService
11-17 22:35:00.003  1642  2514 V AlarmManager: Triggering alarm #0: 3 when =27803758 package =android operation = null listenTag =TIME_TICK flags =0x1
11-17 22:35:09.273  1642  3102 D OPBF    : setCGroupState():tofreeze=true, uid:10145 pkg:com.instagram.android --->>> ok reason:uid active tActive:false
11-17 22:35:12.744  1642  3102 D OPBF    : setCGroupState():tofreeze=true, uid:10470 pkg:com.android.todolist --->>> ok reason:uid active tActive:false
11-17 22:35:16.782  1642  2514 V AlarmManager: Triggering alarm #0: 2 when =27820538 package =android operation = null listenTag =*job.delay* flags =0x0
11-17 22:35:16.820  1642  3102 D OPBF    : setCGroupState():tofreeze=false, uid:10425 pkg:org.stepic.droid --->>> ok reason:bindservice as server add connection = AppBindRecord{34ff27d org.stepic.droid/com.yandex.metrica.ConfigurationJobService:system}
11-17 22:35:54.402  1642  2514 V AlarmManager: Triggering alarm #0: 2 when =27858159 package =android operation = null listenTag =*job.delay* flags =0x0
11-17 22:35:54.438  1642  3102 D OPBF    : setCGroupState():tofreeze=false, uid:10173 pkg:ru.vkusvill --->>> ok reason:bindservice as server add connection = AppBindRecord{8c8934 ru.vkusvill/com.yandex.metrica.ConfigurationJobService:system}
11-17 22:35:56.931  1642  3102 D OPBF    : setCGroupState():tofreeze=true, uid:10425 pkg:org.stepic.droid --->>> ok reason:serviceDoneExecuting = org.stepic.droid/com.yandex.metrica.MetricaService
11-17 22:35:59.415  1642  2514 V AlarmManager: Triggering alarm #0: 2 when =27858332 package =android operation = null listenTag =*job.delay* flags =0x0
11-17 22:35:59.444  1642  3102 D OPBF    : setCGroupState():tofreeze=false, uid:10305 pkg:com.avito.android --->>> ok reason:bindservice as server add connection = AppBindRecord{db0d5d0 com.avito.android/com.yandex.metrica.ConfigurationJobService:system}
11-17 22:35:59.468  1642  3102 D OPBF    : setCGroupState():tofreeze=false, uid:10058 pkg:ru.foodfox.client --->>> ok reason:bindservice as server add connection = AppBindRecord{4c00985 ru.foodfox.client/com.yandex.metrica.ConfigurationJobService:system}
11-17 22:36:00.000  1642  2514 V AlarmManager: Triggering alarm #0: 3 when =27863758 package =android operation = null listenTag =TIME_TICK flags =0x1
11-17 22:36:09.151  1642  2514 V AlarmManager: Triggering alarm #0: 2 when =27872908 package =android operation = null listenTag =*job.delay* flags =0x0
11-17 22:36:09.186  1642  3102 D OPBF    : setCGroupState():tofreeze=false, uid:10152 pkg:ru.sberbankmobile --->>> ok reason:bindservice as server add connection = AppBindRecord{6e28218 ru.sberbankmobile/com.yandex.metrica.ConfigurationJobService:system}
11-17 22:36:20.392  1642  2514 V AlarmManager: Triggering alarm #0: 2 when =27884149 package =android operation = null listenTag =*job.delay* flags =0x0
11-17 22:36:20.419  1642  3102 D OPBF    : setCGroupState():tofreeze=false, uid:10026 pkg:com.octopod.russianpost.client.android --->>> ok reason:bindservice as server add connection = AppBindRecord{402c7af com.octopod.russianpost.client.android/com.yandex.metrica.ConfigurationJobService:system}
11-17 22:36:24.454  1642  2514 V AlarmManager: Triggering alarm #0: 2 when =27888212 package =com.whatsapp operation =*walarm*:com.whatsapp.MessageHandler.LOGOUT_ACTION flags =0x5
11-17 22:36:34.550  1642  3102 D OPBF    : setCGroupState():tofreeze=true, uid:10173 pkg:ru.vkusvill --->>> ok reason:serviceDoneExecuting = ru.vkusvill/com.yandex.metrica.MetricaService
11-17 22:36:39.554  1642  3102 D OPBF    : setCGroupState():tofreeze=true, uid:10305 pkg:com.avito.android --->>> ok reason:serviceDoneExecuting = com.avito.android/com.yandex.metrica.MetricaService
11-17 22:36:39.605  1642  3102 D OPBF    : setCGroupState():tofreeze=true, uid:10058 pkg:ru.foodfox.client --->>> ok reason:bindservice as client add connection = AppBindRecord{85635cf com.google.android.gms/com.google.android.location.internal.GoogleLocationManagerService:ru.foodfox.client:Metrica}
11-17 22:36:49.290  1642  3102 D OPBF    : setCGroupState():tofreeze=true, uid:10152 pkg:ru.sberbankmobile --->>> ok reason:bindservice as client add connection = AppBindRecord{309e542 com.google.android.gms/com.google.android.location.internal.GoogleLocationManagerService:ru.sberbankmobile:Metrica}
11-17 22:37:00.001  1642  2514 V AlarmManager: Triggering alarm #0: 3 when =27923758 package =android operation = null listenTag =TIME_TICK flags =0x1
11-17 22:37:00.555  1642  3102 D OPBF    : setCGroupState():tofreeze=true, uid:10026 pkg:com.octopod.russianpost.client.android --->>> ok reason:serviceDoneExecuting = com.octopod.russianpost.client.android/com.yandex.metrica.MetricaService
11-17 22:37:11.430  1642  2514 V AlarmManager: Triggering alarm #0: 2 when =27935185 package =com.google.android.gms operation =*walarm*:com.google.android.chimera.IntentOperation.TARGETED_INTENT flags =0x5
11-17 22:38:00.003  1642  2514 V AlarmManager: Triggering alarm #0: 3 when =27983758 package =android operation = null listenTag =TIME_TICK flags =0x1
11-17 22:38:20.536  1642  2514 V AlarmManager: Triggering alarm #0: 2 when =28004293 package =com.google.android.gms operation =*walarm*:com.google.android.gms.gcm.ACTION_CHECK_QUEUE flags =0x0
11-17 22:38:20.551  1642  1813 I ActivityManager: Killing 30480:com.google.android.apps.turbo:aab/u0a174 (adj 985): empty for 1803s
11-17 22:38:21.195  1642  5716 I DropBoxManagerService: add tag=event_data isTagEnabled=true flags=0x2
11-17 22:38:21.212  1642  5716 W DropBoxManagerService: Dropping: event_data (39 > 0 bytes)
11-17 22:38:21.216  1642  1813 W BroadcastQueue: Background execution not allowed: receiving Intent { act=android.intent.action.DROPBOX_ENTRY_ADDED flg=0x10 (has extras) } to com.google.android.gms/.stats.service.DropBoxEntryAddedReceiver
11-17 22:38:21.223  1642  1813 W BroadcastQueue: Background execution not allowed: receiving Intent { act=android.intent.action.DROPBOX_ENTRY_ADDED flg=0x10 (has extras) } to com.google.android.gms/.chimera.GmsIntentOperationService$PersistentTrustedReceiver
11-17 22:38:30.872  1642  2525 I PowerManagerService: Waking up from Asleep (uid=1000, reason=WAKE_REASON_POWER_BUTTON, details=android.policy:POWER)...
11-17 22:38:30.873  1642  1642 W UsageStatsService: Event reported without a package name, eventType:15
11-17 22:38:30.875  1642  1864 I DisplayPowerController: useProximityForceSuspend = false
11-17 22:38:30.875  1642  1864 D OpColorDisplayService: screenStateChange
11-17 22:38:30.875  1642  1864 I DisplayPowerController: Blocking screen on until initial contents have been drawn.
11-17 22:38:30.875  1642  1864 I WindowManager: Screen turning on...
11-17 22:38:30.875  1642  1642 I WindowManager: Started waking up... (why=ON_BECAUSE_OF_USER)
11-17 22:38:30.875  1642  1832 D OpColorDisplayService: processScreenOn   true
11-17 22:38:30.875  1642  1832 I OpColorDisplayService: isKeyguard =  true
11-17 22:38:30.875  1642  1832 I OpColorDisplayService: mHasFingerprint = false
11-17 22:38:30.876  1642  1642 D OpPowerControllerService: SCREEN is OFF
11-17 22:38:30.876  1642  1642 D OpPowerControllerService: SCREEN is ON
11-17 22:38:30.876  1642  4637 D WindowManager: mKeyguardDelegate.ShowListener.onDrawn.
11-17 22:38:30.877  1642  1832 D OpColorDisplayService: revertStatus:  colorMode = 1  customColorMode = 0   needMatrixInit = false
11-17 22:38:30.878  1642  1793 W WindowManager: Setting mKeyguardDrawComplete
11-17 22:38:30.883  1642 10844 D KeyguardStateMonitor: onFingerprintStateChange , true, false, authType:2, result:1
11-17 22:38:30.883  1642 10844 D WindowManager: onKeyguardFingerprintChanged, 2, 1, 0
11-17 22:38:30.883  1642  1793 D WindowManager: handleAuthStateChange, authenticating:true, authType:2, result:1, sf:false
11-17 22:38:30.887  1642  1642 D OpPowerControllerService: screen off duration: 287884
11-17 22:38:30.891  1642  3102 D OPBF    : setCGroupState():tofreeze=false, uid:10470 pkg:com.android.todolist --->>> ok reason:handleSetInteractive active:true mInFullscreenMode:false
11-17 22:38:30.936  1642  1864 V DisplayPowerController: Brightness [76] reason changing to: 'manual', previous reason: 'screen_off'.
11-17 22:38:30.937  1642  1864 I DisplayPowerController: useProximityForceSuspend = false
11-17 22:38:30.939  1642  1795 I DisplayManagerService: Display device changed state: "Встроенный экран", ON
11-17 22:38:30.957  1642  1795 I WindowManager: All windows ready for display!
11-17 22:38:30.958  1642  1793 W WindowManager: Setting mWindowManagerDrawComplete
11-17 22:38:30.958  1642  1793 I WindowManager: Authenticating to pending screen on
11-17 22:38:30.975  1642  1642 D TwilightService: onLocationChanged: provider=fused accuracy=15.865 time=1637177533708
11-17 22:38:30.976  1642  1642 D TwilightService: location != null, store current location
11-17 22:38:30.976  1642  1795 D ColorDisplayService: onTwilightStateChanged: isNight=true
11-17 22:38:31.004  1642  1642 D OPSA    : ======BE_IMFORMED_SCREEN_ON======
11-17 22:38:31.049  1642  1642 D OPBF    : # eventChangeReceiver # onReceive # action=android.intent.action.SCREEN_ON
11-17 22:38:31.083  1642  5712 D CameraService_proxy:  notifyColorGamutEnhance activeCamera = true
11-17 22:38:31.083  1642  5712 D OpColorDisplayService: notifyCameraStatus activeCamera = true
11-17 22:38:31.083  1642  5712 D OpColorGamutManager: notifyCameraStatus activeCamera = true
11-17 22:38:31.097  1642  1864 I DisplayPowerController: useProximityForceSuspend = false
11-17 22:38:31.097  1642  1864 D DisplayPowerController: override brightness:76 to 300
11-17 22:38:31.098  1642  1864 I DisplayPowerController: useProximityForceSuspend = false
11-17 22:38:31.098  1642  1864 D DisplayPowerController: override brightness:76 to 300
11-17 22:38:31.157 30782 30782 W ContextImpl: Calling a method in the system process without a qualified user: android.app.ContextImpl.bindService:1683 android.content.ContextWrapper.bindService:705 net.oneplus.odm.DeviceManagerService.x:30 net.oneplus.odm.l.onReceive:64 android.app.LoadedApk$ReceiverDispatcher$Args.lambda$getRunnable$0$LoadedApk$ReceiverDispatcher$Args:1560 
11-17 22:38:31.166  1642  5712 W ActivityManager: Unable to start service Intent { act=com.opos.ads.ColorAppServicesManagerClient cmp=com.opos.ads/.ColorAppServicesManagerClient } U=0: not found
11-17 22:38:31.254  1642 10844 D KeyguardStateMonitor: onFingerprintStateChange , false, true, authType:2, result:4
11-17 22:38:31.254  1642 10844 D WindowManager: onKeyguardFingerprintChanged, 2, 4, 0
11-17 22:38:31.255  1642  1793 D WindowManager: handleAuthStateChange, authenticating:false, authType:2, result:4, sf:false
11-17 22:38:31.265  1642  1864 I DisplayPowerController: Unblocked screen on after 390 ms
11-17 22:38:31.265  1642  1864 I DisplayPowerController: useProximityForceSuspend = false
11-17 22:38:31.266  1642  1864 D DisplayPowerController: override brightness:76 to 300
11-17 22:38:31.267  1642  1864 I DisplayPowerController: useProximityForceSuspend = false
11-17 22:38:31.267  1642  1864 D DisplayPowerController: override brightness:76 to 300
11-17 22:38:31.268  1642  1864 W PowerManagerService: Screen on took 406 ms
11-17 22:38:31.269  1642  1642 I WindowManager: Finished waking up... (why=ON_BECAUSE_OF_USER)
11-17 22:38:31.300  1642 10844 D OpFingerprintService: updateStatus , 0
11-17 22:38:32.031  1642  1864 I DisplayPowerController: useProximityForceSuspend = false
11-17 22:38:32.901  1642  2540 D ConnectivityService: Blocked status changed to false for 10083(375) on netId 100
11-17 22:38:32.902  1642  2540 D ConnectivityService: Blocked status changed to false for 10083(376) on netId 100
11-17 22:38:33.287  1642  1864 I DisplayPowerController: useProximityForceSuspend = false
11-17 22:38:34.015  1642  1819 E BatteryExternalStatsWorker: no controller energy info supplied for bluetooth
11-17 22:38:34.079  1642  1811 D ExtBatteryStatsService: @@@@ awaitUninterruptibly in 107 ms
11-17 22:38:35.929  1642  1811 D ExtBatteryStatsService: ext-flush too soon, skip
11-17 22:38:35.949  1642  1811 D ExtBatteryStatsService: ext-flush too soon, skip
11-17 22:38:36.123  1642  1864 I DisplayPowerController: useProximityForceSuspend = false
11-17 22:38:36.217  1642 10659 D CameraService_proxy:  notifyColorGamutEnhance activeCamera = false
11-17 22:38:36.217  1642 10659 D OpColorDisplayService: notifyCameraStatus activeCamera = false
11-17 22:38:36.217  1642 10659 D OpColorGamutManager: notifyCameraStatus activeCamera = false
11-17 22:38:39.402  1642  5712 D LockSettingsService: VerifyCredential return when not Synthetic, 0
11-17 22:38:39.446  1642  5712 I LockSettingsService: Unlocking user 0 with token length 69
11-17 22:38:39.450  1642  5712 I LockSettingsService: resetLockout
11-17 22:38:39.566  1642 10659 I OpAppLocker: setKeyguardDone true
11-17 22:38:39.567  1642 10659 I OpAppLocker: setKeyguardDone true
11-17 22:38:39.568  2572  2613 I OIMC    : notified , mode FingerPrintMode changeTo 2
11-17 22:38:39.568  2572  2619 I OIMC_CORE: handleMessage:   MODE_EXIT, arg1: 0, arg2: 0, obj: com.oneplus.server.oimc.gwy@a6c653e
11-17 22:38:39.569  2572  2619 I OIMC_CORE: The mode: FingerPrintMode is not entered
11-17 22:38:39.571  1642 10516 D ActivityTaskManager: Top Process State changed to PROCESS_STATE_TOP
11-17 22:38:39.573  1642  1795 D OpRestartProcessManager: updateSelf :  com.android.todolist, size : 30
11-17 22:38:39.574  1642  1851 D OPDOM   : performDexOpt end for SCREEN OFF sucessed: false
11-17 22:38:39.575  1642 10516 D OpQuickReply: setQuickReplyResumed focusedApp AppWindowToken{5b28279 token=Token{11b3340 ActivityRecord{d7e9ec3 u0 com.android.todolist/.MainActivity t56807}}} pkgName com.android.todolist
11-17 22:38:39.587  1642  1642 V FingerprintService: Stopping client com.android.systemui, fromClient: true
11-17 22:38:39.591  1642  2557 D FingerprintService: onError, 538525712384, 5, 0
11-17 22:38:39.642  1642 10659 I OemSceneModeAmHelper: [scene] handleShowOrOccludedChanged showing false, occluded false
11-17 22:38:39.644  1642  1795 W UsageStatsService: Event reported without a package name, eventType:18
11-17 22:38:39.645  1642  1795 V UsbDeviceManager: onKeyguardStateChanged: isShowing:false secure:true user:0
11-17 22:38:39.645  1642  1642 V FingerprintService: handleError(client=com.android.systemui, error = 5)
11-17 22:38:39.645  1642  1642 V FingerprintService: Done with client: com.android.systemui
11-17 22:38:39.647  2572  2613 I OIMC    : notified , mode ColorReadMode changeTo 2
11-17 22:38:39.648  2572  2619 I OIMC_CORE: handleMessage:   MODE_EXIT, arg1: 0, arg2: 0, obj: com.oneplus.server.oimc.gwy@2f42f9f
11-17 22:38:39.648  2572  2619 I OIMC_CORE: The mode: ColorReadMode is not entered
11-17 22:38:39.649  2572  2613 I OIMC    : notified , mode ReadMode changeTo 2
11-17 22:38:39.649  2572  2619 I OIMC_CORE: handleMessage:   MODE_EXIT, arg1: 0, arg2: 0, obj: com.oneplus.server.oimc.gwy@c74e8ec
11-17 22:38:39.649  2572  2619 I OIMC_CORE: The mode: ReadMode is not entered
11-17 22:38:39.651  2572  2614 I OIMC    : notified , mode GameMode changeTo 2
11-17 22:38:39.652  2572  2619 I OIMC_CORE: handleMessage:   MODE_EXIT, arg1: 0, arg2: 0, obj: com.oneplus.server.oimc.gwy@f4744b5
11-17 22:38:39.652  2572  2619 I OIMC_CORE: The mode: GameMode is not entered
11-17 22:38:39.665  1642  2540 D ConnectivityService: Blocked status changed to true for 10083(375) on netId 100
11-17 22:38:39.665  1642  2540 D ConnectivityService: Blocked status changed to true for 10083(376) on netId 100
11-17 22:38:39.682  1642  1813 W BroadcastQueue: Background execution not allowed: receiving Intent { act=android.intent.action.USER_PRESENT flg=0x24200010 } to com.oneplus.camera.service/.CameraBroadcastReceiver
11-17 22:38:39.682  1642  1813 W BroadcastQueue: Background execution not allowed: receiving Intent { act=android.intent.action.USER_PRESENT flg=0x24200010 } to com.android.chrome/org.chromium.chrome.browser.sharing.click_to_call.ClickToCallMessageHandler$PhoneUnlockedReceiver
11-17 22:38:39.682  1642  1813 W BroadcastQueue: Background execution not allowed: receiving Intent { act=android.intent.action.USER_PRESENT flg=0x24200010 } to com.google.android.gms/.auth.setup.devicesignals.LockScreenReceiver
11-17 22:38:39.682  1642  1813 W BroadcastQueue: Background execution not allowed: receiving Intent { act=android.intent.action.USER_PRESENT flg=0x24200010 } to com.google.android.gms/.chimera.GmsIntentOperationService$PersistentTrustedReceiver
11-17 22:38:39.682  1642  1813 W BroadcastQueue: Background execution not allowed: receiving Intent { act=android.intent.action.USER_PRESENT flg=0x24200010 } to com.instagram.android/com.instagram.push.FbnsInitBroadcastReceiver
11-17 22:38:39.682  2674  2674 D FingerprintManager: sendErrorResult: 5, 5, 0
11-17 22:38:39.683  1642  4637 D KeyguardStateMonitor: onFingerprintStateChange , false, false, authType:1, result:5
11-17 22:38:42.752  1642  1819 E BatteryExternalStatsWorker: no controller energy info supplied for bluetooth
11-17 22:38:42.824  1642  1811 D ExtBatteryStatsService: @@@@ awaitUninterruptibly in 104 ms
11-17 22:38:42.824  1642  1811 D ExtBatteryStatsService: ext-flush too soon, skip
11-17 22:38:43.790  1007  1007 I wificond: wifi generation capability mask: 15
11-17 22:38:54.830  1642  2514 V AlarmManager: Triggering alarm #0: 3 when =28038588 package =com.google.android.gms operation =*alarm*:com.google.android.gms.auth.authzen.cryptauth.DEVICE_STATE_CHECK_DELAY_COMPLETE flags =0x0
11-17 22:38:59.563  1642  1814 I ActivityManager: Start proc 32569:com.google.android.apps.photos/u0a94 for service {com.google.android.apps.photos/com.google.android.libraries.social.mediamonitor.MediaMonitorJobSchedulerService}
11-17 22:38:59.862  1642 10516 D ConnectivityService: requestNetwork for uid/pid:10094/32569 NetworkRequest [ TRACK_DEFAULT id=451, [ Capabilities: INTERNET&NOT_RESTRICTED&TRUSTED Uid: 10094] ]
11-17 22:39:00.001  1642  2514 V AlarmManager: Triggering alarm #0: 3 when =28043759 package =android operation = null listenTag =TIME_TICK flags =0x1
11-17 22:39:00.030  1642 10516 W UriGrantsManagerService: No permission grants found for com.google.android.apps.photos
11-17 22:39:00.031  1642 10516 W UriGrantsManagerService: No permission grants found for com.google.android.apps.photos
11-17 22:39:00.341  1642 10516 D ConnectivityService: requestNetwork for uid/pid:10094/32569 NetworkRequest [ TRACK_DEFAULT id=452, [ Capabilities: INTERNET&NOT_RESTRICTED&TRUSTED Uid: 10094] ]
11-17 22:39:01.251  1642  2540 D ConnectivityService: releasing NetworkRequest [ TRACK_DEFAULT id=452, [ Capabilities: INTERNET&NOT_RESTRICTED&TRUSTED Uid: 10094] ] (release request)
11-17 22:39:01.274  1642  2540 D ConnectivityService: Blocked status changed to true for 10094(451) on netId 100
11-17 22:39:01.692  1642  4630 W UriGrantsManagerService: No permission grants found for com.google.android.apps.photos
11-17 22:39:01.692  1642  4630 W UriGrantsManagerService: No permission grants found for com.google.android.apps.photos
11-17 22:39:01.934  1642  9104 W UriGrantsManagerService: No permission grants found for com.google.android.apps.photos
11-17 22:39:01.935  1642  9104 W UriGrantsManagerService: No permission grants found for com.google.android.apps.photos
11-17 22:39:03.646  1642  1864 I DisplayPowerController: useProximityForceSuspend = false
11-17 22:39:03.649  1642  1864 V DisplayPowerController: Brightness [6] reason changing to: 'manual [ dim ]', previous reason: 'manual'.
11-17 22:39:03.650  1642  1642 V SettingsProvider: Notifying for 0: content://settings/global/device_is_dimming
11-17 22:39:04.043  1642  1864 I DisplayPowerController: useProximityForceSuspend = false
11-17 22:39:05.327  1642  1813 E OHPD    : [BgDetect] AppForkedProc kworker/5:2 pid 1531 uid 0 can't find pkgName
11-17 22:39:05.327  1642  1813 E OHPD    : [BgDetect] AppForkedProc kworker/0:5 pid 32764 uid 0 can't find pkgName
11-17 22:39:05.330  1642  1813 I OHPD    : mCurrentGpsUidList:[], currentIME:com.google.android.inputmethod.latin
11-17 22:39:05.333  1642  1813 I OHPD    : [BgDetect]chkExcessCpu level: 0 doKills: true critical false uptime: 300250
11-17 22:39:05.521  1642  1819 E BatteryExternalStatsWorker: no controller energy info supplied for bluetooth
11-17 22:39:05.611  1642  1811 D ExtBatteryStatsService: @@@@ awaitUninterruptibly in 138 ms
11-17 22:39:05.658  1642  1813 I OHPD    : [BGC] checkAbnBgKillLocked, doExecution: false
11-17 22:39:09.646  1642  1864 I PowerManagerService: Going to sleep due to timeout (uid 1000)...
11-17 22:39:09.648  1642  1864 I PowerManagerService: Sleeping (uid 1000)...
11-17 22:39:09.648  1642  1864 I DisplayPowerController: useProximityForceSuspend = false
11-17 22:39:09.650  1642  1642 W UsageStatsService: Event reported without a package name, eventType:16
11-17 22:39:09.651  1642  1642 I WindowManager: Started going to sleep... (why=OFF_BECAUSE_OF_TIMEOUT)
11-17 22:39:09.710  1642  1864 V DisplayPowerController: Brightness [76] reason changing to: 'manual', previous reason: 'manual [ dim ]'.
11-17 22:39:09.734  1642  1864 I DisplayPowerController: useProximityForceSuspend = false
11-17 22:39:09.734  1642  1864 I DisplayPowerController: Blocking screen off
11-17 22:39:09.735  1642  1864 I DisplayPowerController: Unblocked screen off after 1 ms
11-17 22:39:09.735  1642  1864 D OpColorDisplayService: screenStateChange
11-17 22:39:09.735  1642  1864 I WindowManager: Screen turned off...
11-17 22:39:09.735  1642  1832 D OpColorDisplayService: processScreenOn   false
11-17 22:39:09.757  1642  1864 D ActivityTaskManager: Top Process State changed to PROCESS_STATE_TOP_SLEEPING
11-17 22:39:09.784  1642  1864 V DisplayPowerController: Brightness [0] reason changing to: 'screen_off', previous reason: 'manual'.
11-17 22:39:09.784  1642  1864 I DisplayPowerController: useProximityForceSuspend = false
11-17 22:39:09.996  1642  1864 I DisplayPowerController: useProximityForceSuspend = false
11-17 22:39:10.014  1642  9104 D OpFingerprintService: updateStatus , 2
11-17 22:39:10.039  1642  1795 I DisplayManagerService: Display device changed state: "Встроенный экран", OFF
11-17 22:39:10.040  1642  1793 W Looper  : Slow dispatch took 255ms android.ui h=com.android.server.am.ActivityManagerService$UiHandler c=null m=53
11-17 22:39:10.040  1642  1642 V SettingsProvider: Notifying for 0: content://settings/global/device_is_dimming
11-17 22:39:10.040  1642  1642 W Looper  : Slow dispatch took 256ms main h=com.android.providers.settings.SettingsProvider$SettingsRegistry$MyHandler c=null m=1
11-17 22:39:10.041  1642  1642 W Looper  : Slow delivery took 256ms main h=com.android.providers.settings.SettingsProvider$SettingsRegistry$MyHandler c=null m=2
11-17 22:39:10.041  1642  1642 I WindowManager: Finished going to sleep... (why=OFF_BECAUSE_OF_TIMEOUT)
11-17 22:39:10.042  1642  1642 D OpPowerControllerService: SCREEN is OFF
11-17 22:39:10.042  1642  1642 D OpPowerControllerService: SCREEN is OFF
11-17 22:39:10.042  1642  1642 D OpPowerControllerService: mScreenOffStart=2021-11-17 22:39:10
11-17 22:39:10.046  1642  1642 W Looper  : Drained
11-17 22:39:10.078  1642  1642 V FingerprintService: startAuthentication(com.android.systemui)
11-17 22:39:10.079  1642  1642 V FingerprintService: starting client AuthenticationClientImpl(com.android.systemui) cookie: 0/0
11-17 22:39:10.079  1642  1642 D OpFingerprintService: OIMCService is null
11-17 22:39:10.133  1642  1642 D OpFingerprintService: updateStatus , 3
11-17 22:39:10.193  1642  1642 D OPBF    : # eventChangeReceiver # onReceive # action=android.intent.action.SCREEN_OFF
11-17 22:39:10.358  1642 10659 W AppOps  : Noting op not finished: uid 10015 pkg com.google.android.gms code 79 time=1637177919658 duration=-1
11-17 22:39:10.364  1642 10659 W AppOps  : Noting op not finished: uid 10015 pkg com.google.android.gms code 79 time=1637177950358 duration=0
11-17 22:39:10.380  1642  5716 W AppOps  : Noting op not finished: uid 10015 pkg com.google.android.gms code 79 time=1637177950364 duration=0
11-17 22:39:12.638  1642  1813 I ActivityManager: pid= 1642 st.name = system_server cpuPercent = 26 st.rel_utime =1170 st.rel_stime =770
11-17 22:39:12.638  1642  1813 E OHPD    : [BgDetect] AppForkedProc kworker/3:1 pid 1928 uid 0 can't find pkgName
11-17 22:39:12.638  1642  1813 E OHPD    : [BgDetect] AppForkedProc kworker/u16:0 pid 2011 uid 0 can't find pkgName
11-17 22:39:12.638  1642  1813 E OHPD    : [BgDetect] AppForkedProc kworker/u16:6 pid 2072 uid 0 can't find pkgName
11-17 22:39:12.642  1642  1813 I OHPD    : mCurrentGpsUidList:[], currentIME:com.google.android.inputmethod.latin
11-17 22:39:12.642  1642  1813 I OHPD    : [BgDetect]chkExcessCpu level: 1 doKills: true critical false uptime: 300244
11-17 22:39:14.658  1642  2514 V AlarmManager: Triggering alarm #0: 2 when =28058415 package =com.android.systemui operation =*walarm*:com.android.internal.policy.impl.PhoneWindowManager.DELAYED_KEYGUARD flags =0x9
11-17 22:39:14.667  1642 10516 I OpAppLocker: setKeyguardDone false
11-17 22:39:14.670  1642 10516 I OpAppLocker: setKeyguardDone false
11-17 22:39:14.674  1642  9104 I OemSceneModeAmHelper: [scene] handleShowOrOccludedChanged showing true, occluded false
11-17 22:39:14.704  1642  1795 W UsageStatsService: Event reported without a package name, eventType:17
11-17 22:39:14.720  1642  1795 V UsbDeviceManager: onKeyguardStateChanged: isShowing:true secure:true user:0
11-17 22:39:14.758  1642  1795 W ActivityTaskManager: Sleep timeout!  Sleeping now.
11-17 22:39:14.881  2674  2674 V KeyguardStatusView: refresh statusview showing:true
11-17 22:39:22.762  1642  1819 E BatteryExternalStatsWorker: no controller energy info supplied for bluetooth
11-17 22:39:22.861  1642  1811 D ExtBatteryStatsService: @@@@ awaitUninterruptibly in 149 ms
11-17 22:40:00.003  1642  2514 V AlarmManager: Triggering alarm #0: 3 when =28103758 package =android operation = null listenTag =TIME_TICK flags =0x1
11-17 22:40:00.252  1642  2540 D ConnectivityService: Blocked status changed to false for 10094(451) on netId 100
11-17 22:40:00.255  1642 10659 D ConnectivityService: requestNetwork for uid/pid:10094/32569 NetworkRequest [ TRACK_DEFAULT id=453, [ Capabilities: INTERNET&NOT_RESTRICTED&TRUSTED Uid: 10094] ]
11-17 22:40:00.278  1642  2540 D ConnectivityService: releasing NetworkRequest [ TRACK_DEFAULT id=453, [ Capabilities: INTERNET&NOT_RESTRICTED&TRUSTED Uid: 10094] ] (release request)
11-17 22:40:00.292  1642  2540 D ConnectivityService: Blocked status changed to true for 10094(451) on netId 100
11-17 22:40:05.866  1642 10659 I ActivityManager: Killing 26317:com.google.process.gapps/u0a15 (adj 985): empty for 1804s
11-17 22:40:39.826  1642  3102 D OPBF    : setCGroupState():tofreeze=true, uid:10470 pkg:com.android.todolist --->>> ok reason:uid active tActive:false
11-17 22:41:35.951  1642  9104 I ActivityManager: Killing 30481:com.oneplus.gallery:cloud/u0a39 (adj 975): empty for 1807s
11-17 22:41:35.995  1642  4630 W ActivityManager: Scheduling restart of crashed service com.oneplus.gallery/com.oneplus.gallery2.cloud.CloudGalleryService in 1000ms
11-17 22:41:36.541  1642  1814 I ActivityManager: Start proc 32570:com.oneplus.gallery:cloud/u0a39 for service {com.oneplus.gallery/com.oneplus.gallery2.cloud.CloudGalleryService}
11-17 22:42:21.091  1642  5716 I ActivityManager: Killing 23346:com.qualcomm.qti.qms.service.connectionsecurity/u0a281 (adj 985): empty for 1802s
11-17 22:42:21.095  1642  5716 I ActivityManager: Killing 30482:com.google.android.partnersetup/u0a21 (adj 985): empty for 1803s
11-17 22:42:40.921  1642  2514 V AlarmManager: Triggering alarm #0: 2 when =28264677 package =com.google.android.gms operation =*walarm*:com.google.android.location.intent.action.ONLINE_CHECKIN_ALARM flags =0x5
11-17 22:42:40.979  1642  1814 I ActivityManager: Start proc 32571:com.google.android.gms.unstable/u0a15 for service {com.google.android.gms/com.google.android.gms.droidguard.DroidGuardService}
11-17 22:43:00.002  1642  2514 V AlarmManager: Triggering alarm #0: 3 when =28283759 package =android operation = null listenTag =TIME_TICK flags =0x1
11-17 22:43:21.166  1642  5716 I ActivityManager: Killing 30477:com.oneplus.gallery:contentdetector/u0a39 (adj 975): empty for 1803s
11-17 22:43:21.174  1642  5716 I ActivityManager: Killing 29997:com.oneplus.gallery/u0a39 (adj 985): empty for 1803s
11-17 22:43:21.178  1642  5716 I ActivityManager: Killing 29921:com.oneplus.gallery:recyclebin/u0a39 (adj 985): empty for 1803s
11-17 22:43:21.223  1642  5716 W ActivityManager: Scheduling restart of crashed service com.oneplus.gallery/com.oneplus.gallery2.recyclebin.LocalRecycleBinService in 1000ms
11-17 22:43:21.238  1642 10659 D ConnectivityService: ConnectivityService NetworkRequestInfo binderDied(NetworkRequest [ LISTEN id=431, [ Capabilities: INTERNET&NOT_RESTRICTED&TRUSTED&NOT_VPN&FOREGROUND Uid: 10039] ], android.os.BinderProxy@9da3a63)
11-17 22:44:05.025  1642  1813 E OHPD    : [BgDetect] AppForkedProc kworker/0:7 pid 1926 uid 0 can't find pkgName
11-17 22:44:05.025  1642  1813 E OHPD    : [BgDetect] AppForkedProc kworker/u16:11 pid 2075 uid 0 can't find pkgName
11-17 22:44:05.027  1642  1813 I OHPD    : mCurrentGpsUidList:[], currentIME:com.google.android.inputmethod.latin
11-17 22:44:05.028  1642  1813 I OHPD    : [BgDetect]chkExcessCpu level: 2 doKills: true critical false uptime: 600298
11-17 22:44:05.478  1642  1813 I OHPD    : mCurrentGpsUidList:[], currentIME:com.google.android.inputmethod.latin
11-17 22:44:05.483  1642  1813 I OHPD    : [BgDetect]chkExcessCpu level: 0 doKills: true critical false uptime: 300146
11-17 22:44:05.681  1642  1819 E BatteryExternalStatsWorker: no controller energy info supplied for bluetooth
11-17 22:44:05.769  1642  1811 D ExtBatteryStatsService: @@@@ awaitUninterruptibly in 140 ms
11-17 22:44:05.825  1642  1813 I OHPD    : [BGC] checkAbnBgKillLocked, doExecution: false
