11-17 22:32:29.925 18946 18946 W Keyboard: Keyboard.getKeyboardViewHelper():603 null helper is returned: keyboardDef=jxd{className=.latin.keyboard.LatinPasswordKeyboard, id=#0x7f0b066e, initialStates=0, keyboardViewDefs=[jxx{direction=null, id=#0x7f0b0145, isScalable=true, layoutId=#0x7f0e0182, type=BODY, touchable=true}, jxx{direction=LOCALE, id=#0x7f0b0145, isScalable=false, layoutId=#0x7f0e035a, type=HEADER, touchable=true}], keyTextSizeRatio=1.0, persistentStates=0, persistentStatesPrefKey=null, popupBubbleLayoutId=#0x7f0e0407, recentKeyLayoutId=#0x0, recentKeyPopupLayoutId=#0x0, recentKeyType=null, rememberRecentKey=NONE, sessionStates=0}, type=FLOATING_CANDIDATES, helpersCreated=[joq@fad40aa, joq@3f4849b, null], 
11-17 22:32:29.926 18946 18946 I KeyboardViewUtil: KeyboardViewUtil.calculateMaxKeyboardBodyHeight():53 leave 354 height for app when screen height:2034, header height:116 and isFullscreenMode:false, so the max keyboard body height is:1564
11-17 22:32:29.926 18946 18946 I NormalModeController: NormalModeController.getKeyboardBodyViewHolderPaddingBottom():109 currentPrimeKeyboardType:SOFT systemPaddingBottom:-1
11-17 22:32:29.927 18946 18946 I NormalModeController: NormalModeController.getKeyboardBodyViewHolderPaddingBottom():109 currentPrimeKeyboardType:SOFT systemPaddingBottom:-1
11-17 22:32:29.927  2674  2674 D KeyguardAbsKeyInputView: onChecked, true, 0
11-17 22:32:29.932  1642  4605 D KeySyncTask: Key sync not needed.
11-17 22:32:29.936 18946 18946 I AndroidIME: KeyboardViewManager.updateKeyboardBackgroundDrawableLevel():484 Set level to the background drawable: 10000
11-17 22:32:29.937 18946 18946 I CurrentMicStatusHolder: CurrentMicStatusHolder.onStartInputView():79 Current Mic status = {MicIconHidden-SettingOff,MicIconHidden-PasswordOrNumberOrDateInputType,}
11-17 22:32:29.938 18946 18946 I VoiceImeExtension: VoiceImeExtension.shouldStartVoiceInputAutomatically():361 No private IME option set to start voice input.
11-17 22:32:29.938  2674  2674 D mab     : Event success
11-17 22:32:29.946   596   596 I hwservicemanager: getTransport: Cannot find entry vendor.qti.hardware.servicetracker@1.0::IServicetracker/default in either framework or device manifest.
11-17 22:32:29.952   596   596 I hwservicemanager: getTransport: Cannot find entry vendor.qti.hardware.servicetracker@1.0::IServicetracker/default in either framework or device manifest.
11-17 22:32:29.954 22112 22112 D BoundBrokerSvc: onBind: Intent { act=com.google.android.gms.common.BIND_SHARED_PREFS pkg=com.google.android.gms }
11-17 22:32:29.954 22112 22112 D BoundBrokerSvc: Loading bound service for intent: Intent { act=com.google.android.gms.common.BIND_SHARED_PREFS pkg=com.google.android.gms }
11-17 22:32:29.959   596   596 I hwservicemanager: getTransport: Cannot find entry vendor.qti.hardware.servicetracker@1.0::IServicetracker/default in either framework or device manifest.
11-17 22:32:29.961   596   596 I hwservicemanager: getTransport: Cannot find entry vendor.qti.hardware.servicetracker@1.0::IServicetracker/default in either framework or device manifest.
11-17 22:32:29.965 22112 22112 D BoundBrokerSvc: onUnbind: Intent { act=com.google.android.gms.common.BIND_SHARED_PREFS pkg=com.google.android.gms }
11-17 22:32:30.026  2674  2674 D KeyguardViewMediator: handleKeyguardDone
11-17 22:32:30.027  1642  3100 I OpAppLocker: setKeyguardDone true
11-17 22:32:30.027  2674  2674 D OpKeyguardUpdateMonitor: notifyKeyguardDone isKeyguardDone true
11-17 22:32:30.028  2674  2674 D OpFingerprintDialogView: notifyKeyguardDone, true
11-17 22:32:30.028  2674  2674 D OpFingerprintDialogView: don't re-enable HBM due to fingerprint unlocking
11-17 22:32:30.028  2674  2674 D OpFingerprintDialogView: updateFpDaemonStatus: 6, showing = false, false shouldEnableHBM:false
11-17 22:32:30.028  1642  3100 I OpAppLocker: setKeyguardDone true
11-17 22:32:30.029  2572  2613 I OIMC    : notified , mode FingerPrintMode changeTo 2
11-17 22:32:30.029  2572  2619 I OIMC_CORE: handleMessage:   MODE_EXIT, arg1: 0, arg2: 0, obj: com.oneplus.server.oimc.gwy@ffccf66
11-17 22:32:30.029  2674  2953 D OpFingerprintDialogView: handleNotifyKeyguardDone, true
11-17 22:32:30.029  2674  2953 D OpFingerprintDialogView: handleNotifyFpResultEvent, false, keyguardDone = true
11-17 22:32:30.029  2572  2619 I OIMC_CORE: The mode: FingerPrintMode is not entered
11-17 22:32:30.029  2674  2674 D OverviewProxyService: notifyKeyguardDone
11-17 22:32:30.029  2674  2953 D OpFingerprintDialogView: fp window not exist don't show pressed button
11-17 22:32:30.029  2674  2674 D KeyguardViewMediator: handleHide
11-17 22:32:30.029  2674  2674 D KeyguardViewMediator: keyguardGoingAway
11-17 22:32:30.030 18945 29434 D TouchInteractionService: onKeyguardDone#
11-17 22:32:30.030  2674  2953 D OpFingerprintDialogView: updateIconVisibility: fp client = com.android.systemui, forceHide = true, isBouncer = false, isImeShow = false, showOnWindow = false, goingToSleep = false, screenOn = true, isUnlockAllowed = true, interactive = true, keyguard visible = true, isDreaming = false, isOccluded = false, isFaceUnlocked = false, isSimPinSecure = false, isQSExpanded = false, isLaunchingCamera = false, LeftAffordance:false, isPreventActivte = false, isShowing = true, isLockOut = false, isFacelockRecognizing = false, AodText:false, mScreenOffAuthenticating = false, mIsScreenTurningOn = false, visibility = 4
11-17 22:32:30.030  1642  3176 D ActivityTaskManager: Top Process State changed to PROCESS_STATE_TOP
11-17 22:32:30.031  2674  2953 D OpCircleImageView: brightness = 76, level = 21
11-17 22:32:30.031  2674  2953 D OpCircleImageView: updateIconDim: 188
11-17 22:32:30.031  2674  2953 D OpCircleImageView: alpha = 0.7372549, ratio = 0.7
11-17 22:32:30.031  2674  2953 D OpFingerprintDialogView: setDisplayPressMode mode 0, false
11-17 22:32:30.031  2674  2953 D OpFingerprintDialogView: setDisplayPressMode: the same state
11-17 22:32:30.031  2674  2953 D BiometricDialogImpl: hideBiometricDialog
11-17 22:32:30.031  2674  2953 D FingerprintAnimationCtrl: stopAnimation: current state = 0, mOnGoingAnimationView = null
11-17 22:32:30.031  2674  2953 D OpFingerprintDialogView: setDisplayPressMode mode 0, false
11-17 22:32:30.031  2674  2953 D OpFingerprintDialogView: setDisplayPressMode: the same state
11-17 22:32:30.032  2674  2674 D OpFingerprintDialogView: onFacelockStateChanged: type:0, isOffUnlock:false
11-17 22:32:30.032  2674  2674 D LockIcon: onFacelockStateChanged, type:0
11-17 22:32:30.032  2674  2674 I LockIcon:  updateDarkTint state:15
11-17 22:32:30.032  1642  1851 D OPDOM   : performDexOpt end for SCREEN OFF sucessed: false
11-17 22:32:30.032  1642  3176 D OemSceneModeActivityStack: [scene] evaluateGameModes :  gameMsg.arg1=0 gameMsg.arg2=1
11-17 22:32:30.032  2674  2674 D AodDisplayViewManager: updateView: state = none mIsPlayFingerprintUnlockAnimation:false mIsPress:false
11-17 22:32:30.032  2674  2674 D BiometricDialogImpl: handleHideDialog, userCanceled: false
11-17 22:32:30.032  2674  2674 W BiometricDialogImpl: Dialog already dismissed, userCanceled: false
11-17 22:32:30.033  1642  3176 D OpQuickReply: setQuickReplyResumed focusedApp AppWindowToken{dc1013f token=Token{e48f95e ActivityRecord{5195299 u0 net.oneplus.launcher/.Launcher t56777}}} pkgName net.oneplus.launcher
11-17 22:32:30.034  1642  1795 D OpPowerConsumpStatsInjector: notifyPkgEvent
11-17 22:32:30.035  2674  2674 D KeyguardUpdateMonitor: shouldListen: false, vis:true, inter:true, bouncer:true, going:true, sleep:false, occlude:false, dream:false, switch:false, disabled:false, primary:true
11-17 22:32:30.035  2674  2674 D KeyguardUpdateMonitor: updateFP: false, true, 1
11-17 22:32:30.035  2674  2674 V KeyguardUpdateMonitor: stopListeningForFingerprint, 1
11-17 22:32:30.036  1642  1642 V FingerprintService: Stopping client com.android.systemui, fromClient: true
11-17 22:32:30.037  2674  2674 D KeyguardUpdateMonitor: fingerprintRunningState: true to false, 2
11-17 22:32:30.037  2674  2674 I LockIcon:  updateDarkTint state:0
11-17 22:32:30.038  1642  3176 D DeviceKeyHandler: receive keyguard done, process gesture action
11-17 22:32:30.046  2674  2674 D KeyguardViewMediator: handleStartKeyguardExitAnimation startTime=23938216 fadeoutDuration=300
11-17 22:32:30.047  2674  2674 D KeyguardViewMediator: updateActivityLockScreenState:false, false
11-17 22:32:30.047  2674  2674 D OpPreventModeCtrl: setKeyguardShowing, false
11-17 22:32:30.049  2674  2674 D OpChargingAnimationControllerImpl: onShowingStateChanged false
11-17 22:32:30.049  2674  2674 D KeyguardIndication: onShowingStateChanged false
11-17 22:32:30.050  2674  2674 I LockIcon:  updateDarkTint state:0
11-17 22:32:30.050  2674  2674 D StatusBar: disable<e i a s b H R c s > disable2<q i n v >
11-17 22:32:30.051 18945 18945 D Launcher: onStart# hashcode: 13909111
11-17 22:32:30.051  1131  1131 I [GF_HAL][gf_hal]: [gf_hal_cancel]
11-17 22:32:30.051  1131  1131 D android.hardware.biometrics.fingerprint@2.1-service: onError(5)
11-17 22:32:30.051  1131  1131 D [gf_ca_entry]: [gx_ta_send_modified_cmd_req] begin token 178, cmd_id=1009
11-17 22:32:30.052  1642  2557 D FingerprintService: onError, 538525712384, 5, 0
11-17 22:32:30.053 18945 18945 I ShelfLauncherCallbacks: onStart
11-17 22:32:30.053 18945 18945 D LauncherAppWidgetHost: setListenIfResumed# listenIfResumed: true, flag: 2
11-17 22:32:30.054  2674  2674 D OverviewProxyService: SystemUi flags: 80
11-17 22:32:30.054  2674  2674 D OverviewProxyService: SystemUi flags: 180
11-17 22:32:30.054  2674  2674 D OverviewProxyService: SystemUi flags: 1c0
11-17 22:32:30.054 18945 29434 D TouchInteractionService: onSystemUiStateChanged# stateFlags: 456 -> 128
11-17 22:32:30.054  2674  2674 D OverviewProxyService: SystemUi flags: 1c8
11-17 22:32:30.054  2674  2674 D OverviewProxyService: SystemUi flags: 1c8
11-17 22:32:30.055  2674  2674 I KeyguardBouncer: hide / destroyView:true isShowing:false
11-17 22:32:30.055 18945 29434 D TouchInteractionService: onSystemUiStateChanged# stateFlags: 128 -> 384
11-17 22:32:30.055 18945 29434 D TouchInteractionService: onSystemUiStateChanged# stateFlags: 384 -> 448
11-17 22:32:30.055 18945 29434 D TouchInteractionService: onSystemUiStateChanged# stateFlags: 448 -> 456
11-17 22:32:30.056 18945 18945 D LauncherAppWidgetHostView: updateAppWidget: net.oneplus.widget
11-17 22:32:30.056 18945 18945 D LauncherAppWidgetHostView: updateAppWidget: com.oneplus.security
11-17 22:32:30.057 18945 18945 D LauncherAppWidgetHost: startListening# flag: 7
11-17 22:32:30.057 18945 18945 D NotificationListener: setNotificationsChangedListener# l: net.oneplus.launcher.popup.PopupDataProvider@28ad053
11-17 22:32:30.057 18945 18945 D NotificationListener: checkPermissionGranted# grant: false
11-17 22:32:30.057 18945 18945 D WallpaperEventHandler: [onLauncherStart] mWillResetWallpaper=false
11-17 22:32:30.057  2674  2674 D KeyguardViewMediator: adjustStatusBarLocked: mShowing=false mOccluded=false isSecure=true force=false --> flags=0x0
11-17 22:32:30.060  2674  2952 I ScreenDecorations: onDisplayChanged, displayId:0, now Rotation:0, newRotation:0
11-17 22:32:30.062   596   596 I hwservicemanager: getTransport: Cannot find entry vendor.qti.hardware.iop@2.0::IIop/default in either framework or device manifest.
11-17 22:32:30.063  2674  2829 D KeyguardViewMediator: setLockScreenShown, false, false
11-17 22:32:30.063  1642  3390 E ANDR-PERF-JNI: UXEngine Trigger - Returning null
11-17 22:32:30.066  1642  4630 I OemSceneModeAmHelper: [scene] handleShowOrOccludedChanged showing false, occluded false
11-17 22:32:30.070  2674  2674 I KeyguardPasswordView:  resetState wasDisabled:true, false, mResumed:false, mPasswordEntry.isVisibleToUser():false
11-17 22:32:30.071 18946 18946 I GoogleInputMethodService: GoogleInputMethodService.onStartInput():1981 
11-17 22:32:30.071  2674  2674 I KeyguardPasswordView: requestShowIME: mIsResume:true isShown:true hideNavigationBar:false isPreventModeActive:false input Enable:true
11-17 22:32:30.071  2674  2674 I KeyguardPasswordView: request IME show
11-17 22:32:30.071 18946 18946 I DeviceUnlockedTag: DeviceUnlockedTag.notifyDeviceLockStatusChanged():76 Notify device locked.
11-17 22:32:30.071 18946 18946 W SessionManager: SessionManager.beginSession():55 Try to begin an already begun session [INPUT_SESSION], end it first
11-17 22:32:30.071 18946 18946 W SessionManager: SessionManager.endSession():98 Child session [INPUT_VIEW_SESSION] is not ended while ending session [{INPUT_SESSION=1637177549916, INPUT_VIEW_SESSION=1637177549917, IME_SESSION=1637177549920}], ending it now.
11-17 22:32:30.071 18946 18946 W SessionManager: SessionManager.endSession():98 Child session [IME_SESSION] is not ended while ending session [{INPUT_SESSION=1637177549916, INPUT_VIEW_SESSION=1637177549917, IME_SESSION=1637177549920}], ending it now.
11-17 22:32:30.072  1642  1795 W UsageStatsService: Event reported without a package name, eventType:18
11-17 22:32:30.072  1642  1795 V UsbDeviceManager: onKeyguardStateChanged: isShowing:false secure:true user:0
11-17 22:32:30.072  2674  2674 I KeyguardAbsKeyInputView: showEmergencyPanel is null
11-17 22:32:30.072 18946 18946 I GoogleInputMethodService: GoogleInputMethodService.onStartInputView():2093 
11-17 22:32:30.073 18946 18946 I DeviceUnlockedTag: DeviceUnlockedTag.notifyDeviceLockStatusChanged():76 Notify device locked.
11-17 22:32:30.074 18946 18946 I DeviceUnlockedTag: DeviceUnlockedTag.notifyDeviceLockStatusChanged():76 Notify device locked.
11-17 22:32:30.075 18946 18946 I KeyboardViewUtil: KeyboardViewUtil.getKeyboardHeightRatio():172 systemKeyboardHeightRatio:1.000000; userKeyboardHeightRatio:1.000000.
11-17 22:32:30.075 18946 18946 I AndroidIME: AbstractIme.onDeactivate():207 PasswordIme.onDeactivate()
11-17 22:32:30.081   596   596 I hwservicemanager: getTransport: Cannot find entry vendor.qti.hardware.servicetracker@1.0::IServicetracker/default in either framework or device manifest.
11-17 22:32:30.084 18946 18946 W SessionManager: SessionManager.endSession():90 Try to end a not begun session [IME_SESSION].
11-17 22:32:30.084  2674  2674 D StatusBarState: set BarState: 0 to 0
11-17 22:32:30.084  2674  2674 D StatusBar: updateKeyguardState: false, false, show:false, occludefalse, state:0
11-17 22:32:30.084  2674  2674 D HighlightHintCtrl: onBarStatechange barstate:0
11-17 22:32:30.084  2674  2674 D StatusBar: updateQsExpansionEnabled - QS Expand enabled: true
11-17 22:32:30.084  2674  2674 I StatusBarWindowController: applyExpandedFlag expanded:true isCameraLaunched:false
11-17 22:32:30.086 18946 18946 I DeviceUnlockedTag: DeviceUnlockedTag.notifyDeviceLockStatusChanged():76 Notify device locked.
11-17 22:32:30.086 18946 18946 I AndroidIME: AbstractIme.onActivate():86 PasswordIme.onActivate() : EditorInfo = inputType=Password imeActionName=DONE dump=[inputType=0x81 imeOptions=0x80000006 privateImeOptions=null actionLabel=null actionId=0 initialSelStart=0 initialSelEnd=0 initialCapsMode=0x0 hintText=null label=null packageName=com.android.systemui fieldId=2131362704 fieldName=null extras=null hintLocales=null contentMimeTypes=null targetInputMethodUserId=0 ], IncognitoMode = false, DeviceLocked = true
11-17 22:32:30.086  2674  2674 D AodNotificationIconArea: updateNotificationIcons: setVisibility to gone
11-17 22:32:30.087  2674  2674 D QSPanel : setExpanded: true->false
11-17 22:32:30.088  2674  2674 D AodNotificationIconArea: updateNotificationIcons: setVisibility to gone
11-17 22:32:30.088 18946 18946 I DeviceUnlockedTag: DeviceUnlockedTag.notifyDeviceLockStatusChanged():76 Notify device locked.
11-17 22:32:30.088  2674  2674 D PanelView: instantCollapse: mExpanding = false, mInstantExpanding = false
11-17 22:32:30.088  2674  2674 D StatusBar: disable<e i a s b h!r!c s > disable2<q i n v >
11-17 22:32:30.089  2674  2674 D OverviewProxyService: SystemUi flags: 80
11-17 22:32:30.089  2674  2674 D OverviewProxyService: SystemUi flags: 180
11-17 22:32:30.090  2674  2674 D OverviewProxyService: SystemUi flags: 1c0
11-17 22:32:30.090  2674  2674 D OverviewProxyService: SystemUi flags: 1c8
11-17 22:32:30.090 18945 19306 D TouchInteractionService: onSystemUiStateChanged# stateFlags: 456 -> 128
11-17 22:32:30.090  2674  2674 D OverviewProxyService: SystemUi flags: 1c8
11-17 22:32:30.090 18945 19306 D TouchInteractionService: onSystemUiStateChanged# stateFlags: 128 -> 384
11-17 22:32:30.090 18945 19306 D TouchInteractionService: onSystemUiStateChanged# stateFlags: 384 -> 448
11-17 22:32:30.090 18945 19306 D TouchInteractionService: onSystemUiStateChanged# stateFlags: 448 -> 456
11-17 22:32:30.090   698  1501 I netd    : firewallSetUidRule(2, 10083, 2) <4.75ms>
11-17 22:32:30.090 18946 18946 I KeyboardViewUtil: KeyboardViewUtil.calculateMaxKeyboardBodyHeight():53 leave 354 height for app when screen height:2034, header height:116 and isFullscreenMode:false, so the max keyboard body height is:1564
11-17 22:32:30.091 18946 18946 W Keyboard: Keyboard.getKeyboardViewHelper():603 null helper is returned: keyboardDef=jxd{className=.latin.keyboard.LatinPasswordKeyboard, id=#0x7f0b066e, initialStates=0, keyboardViewDefs=[jxx{direction=null, id=#0x7f0b0145, isScalable=true, layoutId=#0x7f0e0182, type=BODY, touchable=true}, jxx{direction=LOCALE, id=#0x7f0b0145, isScalable=false, layoutId=#0x7f0e035a, type=HEADER, touchable=true}], keyTextSizeRatio=1.0, persistentStates=0, persistentStatesPrefKey=null, popupBubbleLayoutId=#0x7f0e0407, recentKeyLayoutId=#0x0, recentKeyPopupLayoutId=#0x0, recentKeyType=null, rememberRecentKey=NONE, sessionStates=0}, type=FLOATING_CANDIDATES, helpersCreated=[joq@fad40aa, joq@3f4849b, null], 
11-17 22:32:30.091 18946 18946 I DeviceUnlockedTag: DeviceUnlockedTag.notifyDeviceLockStatusChanged():76 Notify device locked.
11-17 22:32:30.091 18946 18946 I DeviceModeUtil: DeviceModeUtil.getDeviceMode():84 Get device mode by ui mode:1 and smallestScreenWidthDp:411
11-17 22:32:30.091  1642  2540 D ConnectivityService: Blocked status changed to true for 10083(375) on netId 100
11-17 22:32:30.093 18946 18946 W Keyboard: Keyboard.getKeyboardViewHelper():603 null helper is returned: keyboardDef=jxd{className=.latin.keyboard.LatinPasswordKeyboard, id=#0x7f0b066e, initialStates=0, keyboardViewDefs=[jxx{direction=null, id=#0x7f0b0145, isScalable=true, layoutId=#0x7f0e0182, type=BODY, touchable=true}, jxx{direction=LOCALE, id=#0x7f0b0145, isScalable=false, layoutId=#0x7f0e035a, type=HEADER, touchable=true}], keyTextSizeRatio=1.0, persistentStates=0, persistentStatesPrefKey=null, popupBubbleLayoutId=#0x7f0e0407, recentKeyLayoutId=#0x0, recentKeyPopupLayoutId=#0x0, recentKeyType=null, rememberRecentKey=NONE, sessionStates=0}, type=FLOATING_CANDIDATES, helpersCreated=[joq@fad40aa, joq@3f4849b, null], 
11-17 22:32:30.093 18946 18946 I KeyboardViewUtil: KeyboardViewUtil.calculateMaxKeyboardBodyHeight():53 leave 354 height for app when screen height:2034, header height:116 and isFullscreenMode:false, so the max keyboard body height is:1564
11-17 22:32:30.093 18946 18946 I NormalModeController: NormalModeController.getKeyboardBodyViewHolderPaddingBottom():109 currentPrimeKeyboardType:SOFT systemPaddingBottom:-1
11-17 22:32:30.094  2674  2674 D OverviewProxyService: SystemUi flags: 148
11-17 22:32:30.094  2674  2674 D OverviewProxyService: SystemUi flags: 48
11-17 22:32:30.094 18945 19548 D TouchInteractionService: onSystemUiStateChanged# stateFlags: 456 -> 328
11-17 22:32:30.094 18945 19548 D TouchInteractionService: onSystemUiStateChanged# stateFlags: 328 -> 72
11-17 22:32:30.094 18945 18945 D BaseActivity: onResume# who: Launcher, taskId: 56777
11-17 22:32:30.094 18945 18945 D FrequentAppsGrid: App icon adds to Shelf: ComponentInfo{com.android.todolist/com.android.todolist.MainActivity}
11-17 22:32:30.095  2674  2674 D OpPreventModeCtrl: onPanelExpandedChange expandfalse mPreventModeActive:false
11-17 22:32:30.095  2674  2674 D QSPanel : refreshAllTiles
11-17 22:32:30.095 18946 18946 I NormalModeController: NormalModeController.getKeyboardBodyViewHolderPaddingBottom():109 currentPrimeKeyboardType:SOFT systemPaddingBottom:-1
11-17 22:32:30.095  2674  2674 I LockIcon:  updateDarkTint state:0
11-17 22:32:30.096  1642  2540 D ConnectivityService: Blocked status changed to true for 10083(376) on netId 100
11-17 22:32:30.099  2674  2674 D KeyguardUpdateMonitor: shouldListen: false, vis:true, inter:true, bouncer:true, going:true, sleep:false, occlude:false, dream:false, switch:false, disabled:false, primary:true
11-17 22:32:30.099  2674  2674 D KeyguardUpdateMonitor: updateFP: false, false, 2
11-17 22:32:30.099 18945 19373 D Launcher: onResume# isInteractive=true
11-17 22:32:30.100  2674  2674 I StatusBarWindowController: applyExpandedFlag expanded:true isCameraLaunched:false
11-17 22:32:30.100  2674  2674 D StatusBarKeyguardViewManager: updateStates, vis:0,Showing:false,LastShowing:true,Occluded:false,LastOccluded:false,BouncerShow:false,LastBouncerShow:true,BouncerDismiss:true,LastBouncerDismiss:true,navBarVisible:true,lastNavBarVisible:true,wakeAndUnlocking:false,mDozing:false,mLastBiometricMode:0,LastRemoteInputActive:false
11-17 22:32:30.100  2674  2674 I StatusBarWindowController: applyExpandedFlag expanded:true isCameraLaunched:false
11-17 22:32:30.100  2674  2953 D OpFingerprintDialogView: updateIconVisibility: fp client = com.android.systemui, forceHide = false, isBouncer = false, isImeShow = false, showOnWindow = false, goingToSleep = false, screenOn = true, isUnlockAllowed = true, interactive = true, keyguard visible = true, isDreaming = false, isOccluded = false, isFaceUnlocked = false, isSimPinSecure = false, isQSExpanded = false, isLaunchingCamera = false, LeftAffordance:false, isPreventActivte = false, isShowing = false, isLockOut = false, isFacelockRecognizing = false, AodText:false, mScreenOffAuthenticating = false, mIsScreenTurningOn = false, visibility = 4
11-17 22:32:30.101  2674  2953 D OpCircleImageView: brightness = 76, level = 21
11-17 22:32:30.101  2674  2953 D OpCircleImageView: updateIconDim: 188
11-17 22:32:30.101  2674  2674 D OverviewProxyService: SystemUi flags: 40
11-17 22:32:30.101  2674  2953 D OpCircleImageView: alpha = 0.7372549, ratio = 0.7
11-17 22:32:30.101 18945 19309 D TouchInteractionService: onSystemUiStateChanged# stateFlags: 72 -> 64
11-17 22:32:30.101  2674  2674 D StatusBar: disable<e i a s b h r c s > disable2<q i n v >
11-17 22:32:30.102  2674  2674 D OverviewProxyService: SystemUi flags: 40
11-17 22:32:30.102  2674  2674 D OverviewProxyService: SystemUi flags: 40
11-17 22:32:30.103  2674  2674 I OpStatusBar:  getFaceLockMode:0 isFingerprintAlreadyAuthenticatedfalse
11-17 22:32:30.103  2674  2674 D KeyguardUpdateMonitor: onKeyguardVisibilityChanged(false)
11-17 22:32:30.103  2674  2674 D OpBiometricUnlockController: onKeyguardVisibilityChanged: false , false
11-17 22:32:30.103  2674  2674 D OpKeyguardViewMediator: not set backdrop alpha
11-17 22:32:30.103  2674  2674 D OpFingerprintDialogView: onKeyguardVisibilityChanged: false
11-17 22:32:30.103  2674  2674 I LockIcon:  updateDarkTint state:0
11-17 22:32:30.103 30957 31303 V FaceSettingService: checkState() - Acquiring semaphore [Start]
11-17 22:32:30.104 30957 31303 V FaceSettingService: checkState() - Acquiring semaphore [End]
11-17 22:32:30.104 30957 31303 V FaceSettingService: checkState() - [Start]
11-17 22:32:30.104  2674  2674 D KeyguardUpdateMonitor: shouldListen: false, vis:false, inter:true, bouncer:true, going:true, sleep:false, occlude:false, dream:false, switch:false, disabled:false, primary:true
11-17 22:32:30.104  2674  2674 D KeyguardUpdateMonitor: updateFP: false, false, 2
11-17 22:32:30.104 30957 31303 V FaceSettingService: checkState() - Result : 0, [End]
11-17 22:32:30.104  2674  2674 D KeyguardUpdateMonitor: sendKeyguardBouncerChanged(false)
11-17 22:32:30.104  2674  2674 I StatusBarWindowController: applyExpandedFlag expanded:true isCameraLaunched:false
11-17 22:32:30.104  2674  2953 D OpFingerprintDialogView: updateIconVisibility: fp client = com.android.systemui, forceHide = false, isBouncer = false, isImeShow = false, showOnWindow = false, goingToSleep = false, screenOn = true, isUnlockAllowed = true, interactive = true, keyguard visible = false, isDreaming = false, isOccluded = false, isFaceUnlocked = false, isSimPinSecure = false, isQSExpanded = false, isLaunchingCamera = false, LeftAffordance:false, isPreventActivte = false, isShowing = false, isLockOut = false, isFacelockRecognizing = false, AodText:false, mScreenOffAuthenticating = false, mIsScreenTurningOn = false, visibility = 4
11-17 22:32:30.104  2674  2949 D OpFacelockController: not stop facelock, active:false
11-17 22:32:30.105  2674  2674 D OverviewProxyService: SystemUi flags: 0
11-17 22:32:30.105  2674  2674 V KeyguardDisplayManager: hide
11-17 22:32:30.105 18945 19548 D TouchInteractionService: onSystemUiStateChanged# stateFlags: 64 -> 0
11-17 22:32:30.105   596   596 I hwservicemanager: getTransport: Cannot find entry vendor.qti.hardware.servicetracker@1.0::IServicetracker/default in either framework or device manifest.
11-17 22:32:30.105  2674  2953 D OpCircleImageView: brightness = 76, level = 21
11-17 22:32:30.105  2674  2953 D OpCircleImageView: updateIconDim: 188
11-17 22:32:30.105  2674  2953 D OpCircleImageView: alpha = 0.7372549, ratio = 0.7
11-17 22:32:30.105 18946 18946 I AndroidIME: KeyboardViewManager.updateKeyboardBackgroundDrawableLevel():484 Set level to the background drawable: 10000
11-17 22:32:30.107 18946 18946 I CurrentMicStatusHolder: CurrentMicStatusHolder.onStartInputView():79 Current Mic status = {MicIconHidden-SettingOff,MicIconHidden-PasswordOrNumberOrDateInputType,}
11-17 22:32:30.107 18946 18946 I VoiceImeExtension: VoiceImeExtension.shouldStartVoiceInputAutomatically():361 No private IME option set to start voice input.
11-17 22:32:30.110 18946 18946 I GoogleInputMethodService: GoogleInputMethodService.onFinishInputView():2329 
11-17 22:32:30.110 18946 18946 I AndroidIME: AbstractIme.onDeactivate():207 PasswordIme.onDeactivate()
11-17 22:32:30.112  2674  2674 D KeyguardViewMediator: adjustStatusBarLocked: mShowing=false mOccluded=false isSecure=true force=false --> flags=0x0
11-17 22:32:30.112  2674  2674 D OpPreventModeCtrl: disableProximitySensor, 0
11-17 22:32:30.112  2674  2674 E SensorManager: unregisterListenerImpl callingApp: android.uid.systemui:10034,callingPid:2674,callingUid:10034
11-17 22:32:30.112  1642  3221 D SensorService: 	>> activate, handle=7, enabled=0
11-17 22:32:30.113   773  1292 E qti_sensors_hal: sendCancel:sensor(android.sensor.proximity) Sending cancel to svc no:21
11-17 22:32:30.113   596   596 I hwservicemanager: getTransport: Cannot find entry vendor.qti.hardware.servicetracker@1.0::IServicetracker/default in either framework or device manifest.
11-17 22:32:30.114 22112 22112 D BoundBrokerSvc: onBind: Intent { act=com.google.android.gms.measurement.START pkg=com.google.android.gms }
11-17 22:32:30.114 22112 22112 D BoundBrokerSvc: Loading bound service for intent: Intent { act=com.google.android.gms.measurement.START pkg=com.google.android.gms }
11-17 22:32:30.116  1131  1131 D [gf_ca_entry]: [gx_ta_send_modified_cmd_req] end
11-17 22:32:30.116  1131  1131 D [gf_ca_entry]: [gf_ca_invoke_command] gx_ta_send_modified_cmd_req success
11-17 22:32:30.116  1131  1131 D [gf_ca_entry]: [gf_ca_invoke_command] ta execution succeed
11-17 22:32:30.116  1642  1642 V FingerprintService: handleError(client=com.android.systemui, error = 5)
11-17 22:32:30.116  1642  1642 V FingerprintService: Done with client: com.android.systemui
11-17 22:32:30.116  2674  2978 D OpBiometricDialogImpl: onClientActiveChanged, false, pkg = null, lastOwnerString = null, null:false
11-17 22:32:30.116  2674  2978 D OpFingerprintDialogView: setOwnerString to null
11-17 22:32:30.117  2674  2953 D OpFingerprintDialogView: fp client to null
11-17 22:32:30.117  2674  2953 D OpFingerprintDialogView: updateIconVisibility: fp client = null, forceHide = false, isBouncer = false, isImeShow = false, showOnWindow = false, goingToSleep = false, screenOn = true, isUnlockAllowed = true, interactive = true, keyguard visible = false, isDreaming = false, isOccluded = false, isFaceUnlocked = false, isSimPinSecure = false, isQSExpanded = false, isLaunchingCamera = false, LeftAffordance:false, isPreventActivte = false, isShowing = false, isLockOut = false, isFacelockRecognizing = false, AodText:false, mScreenOffAuthenticating = false, mIsScreenTurningOn = false, visibility = 4
11-17 22:32:30.117  2674  2953 D OpCircleImageView: brightness = 76, level = 21
11-17 22:32:30.117  2674  2953 D OpCircleImageView: updateIconDim: 188
11-17 22:32:30.117  2674  2953 D OpCircleImageView: alpha = 0.7372549, ratio = 0.7
11-17 22:32:30.118  2674  2834 D Tile.DataSwitchTile(f96e106): default data phone id=2147483647
11-17 22:32:30.118  2674  2834 D Tile.DataSwitchTile(f96e106): DataSwitchTile:updateSimCount:simState=ABSENT,ABSENT
11-17 22:32:30.119  2674  2834 D Tile.DataSwitchTile(f96e106): DataSwitchTile:updateSimCount:mSimCount=0
11-17 22:32:30.119 18945 19372 D InstallShortcutReceiver: MSG_FLUSH_QUEUE string = null
11-17 22:32:30.120  2572  2613 I OIMC    : notified , mode ColorReadMode changeTo 2
11-17 22:32:30.120  2572  2619 I OIMC_CORE: handleMessage:   MODE_EXIT, arg1: 0, arg2: 0, obj: com.oneplus.server.oimc.gwy@4b992a7
11-17 22:32:30.120  2572  2619 I OIMC_CORE: The mode: ColorReadMode is not entered
11-17 22:32:30.120  4490  4490 I GsaVoiceInteractionSrv: O received Intent { act=android.intent.action.USER_PRESENT flg=0x24200010 }
11-17 22:32:30.122  2572  2613 I OIMC    : notified , mode ReadMode changeTo 2
11-17 22:32:30.122  2572  2619 I OIMC_CORE: handleMessage:   MODE_EXIT, arg1: 0, arg2: 0, obj: com.oneplus.server.oimc.gwy@1dc8354
11-17 22:32:30.122  2572  2619 I OIMC_CORE: The mode: ReadMode is not entered
11-17 22:32:30.122 18945 18945 D QuickPage: updateOnResume, count:7
11-17 22:32:30.122 18945 18945 I ShelfLauncherCallbacks: onResume
11-17 22:32:30.122 18945 18945 D Launcher.Workspace: DynamicIcon Workspace updateCurrentPageDynamicIconState success
11-17 22:32:30.122 18945 18945 D RecentsView: autoRemoveLauncherTask#
11-17 22:32:30.122 18945 18945 D RecentTasksList: getTasks: The list is up to date, callback with the same list.
11-17 22:32:30.122  4493  4493 E NfcService: screen state user present
11-17 22:32:30.123 18945 18945 D Launcher: onResume# hashcode: 13909111, resource folder: values-sw400dp-xxhdpi, version: code: 30116, name: 5.1.16, Themes.getThemeModeCache = 2, realSize = Point(1080, 2160), size = Point(1080, 2034); isHideIconLabelEnable: false; allAppsSearchEnable: true , swipeSearchModeType: Смахнуть вверх и задержать , drawer mode: SWIPE_UP_SEARCH
11-17 22:32:30.123  4493  4493 D NfcService: MSG_APPLY_SCREEN_STATE 8
11-17 22:32:30.123  4493  4493 D NfcService: applyRouting enter
11-17 22:32:30.123 18945 19372 I WeatherProvider: subscribe new weather callback: 
11-17 22:32:30.123  4837  4837 E SUI_svcsock: svc_sock_send_message(suisvc): invalid remote socket suilst
11-17 22:32:30.123  2572  2613 I OIMC    : notified , mode GameMode changeTo 2
11-17 22:32:30.123  2572  2619 I OIMC_CORE: handleMessage:   MODE_EXIT, arg1: 0, arg2: 0, obj: com.oneplus.server.oimc.gwy@1dfb2fd
11-17 22:32:30.123  2572  2619 I OIMC_CORE: The mode: GameMode is not entered
11-17 22:32:30.123 18945 19372 D WeatherProvider: getOfflineWeatherInformation() called
11-17 22:32:30.123 18945 19372 D WeatherProvider: Should query weather info time is less than 20 minutes. Not querying now.
11-17 22:32:30.123 18945 19372 D WeatherProvider: shouldReQueryWeatherInfo - shouldReQuery - false
11-17 22:32:30.123 18945 19372 D WeatherProvider: updateWeatherCallbacks() called with: data = [[timestamp] 1637177100; [weatherCode] 1003; [weatherName] Пасмурно; [temperature] -1; [temperatureHigh] 0; [temperatureLow] -5; [temperatureUnit] ℃; [isDay] true; ], cb = [net.oneplus.launcher.dynamicicon.weather.WeatherIconDelegate$1@ca976a5]
11-17 22:32:30.124 18945 19372 D ClockIconDelegate: DynamicIcon check needInvalidate true, oldHour = 7, newHour = 10, obj = net.oneplus.launcher.dynamicicon.clock.ClockIconDelegate@7262481
11-17 22:32:30.124  4493  5168 D NfcService: applyRouting enter
11-17 22:32:30.128 18945 19372 D DynamicIconUtil: bitmap size = 235, 235, drawable bounds = Rect(0, 0 - 147, 147), alpha = 255
11-17 22:32:30.131 18945 19548 D DecorView: onWindowFocusChangedFromViewRoot hasFocus: true, DecorView@e7a1108[Launcher]
11-17 22:32:30.131  2674  2971 D ViewRootImpl[StatusBar]: windowFocusChanged hasFocus=false inTouchMode=true
11-17 22:32:30.132 18945 19548 D ViewRootImpl[Launcher]: windowFocusChanged hasFocus=true inTouchMode=true
11-17 22:32:30.133  1642  1813 W BroadcastQueue: Background execution not allowed: receiving Intent { act=android.intent.action.USER_PRESENT flg=0x24200010 } to com.oneplus.camera.service/.CameraBroadcastReceiver
11-17 22:32:30.133  1642  1813 W BroadcastQueue: Background execution not allowed: receiving Intent { act=android.intent.action.USER_PRESENT flg=0x24200010 } to com.android.chrome/org.chromium.chrome.browser.sharing.click_to_call.ClickToCallMessageHandler$PhoneUnlockedReceiver
11-17 22:32:30.133  1642  1813 W BroadcastQueue: Background execution not allowed: receiving Intent { act=android.intent.action.USER_PRESENT flg=0x24200010 } to com.google.android.gms/.auth.setup.devicesignals.LockScreenReceiver
11-17 22:32:30.133  1642  1813 W BroadcastQueue: Background execution not allowed: receiving Intent { act=android.intent.action.USER_PRESENT flg=0x24200010 } to com.google.android.gms/.chimera.GmsIntentOperationService$PersistentTrustedReceiver
11-17 22:32:30.134  2674  2674 I StatusBarWindowController: applyExpandedFlag expanded:true isCameraLaunched:false
11-17 22:32:30.134  2674  2674 I LockIcon:  updateDarkTint state:0
11-17 22:32:30.134  2674  2674 D OpKeyguardViewMediator: not set backdrop alpha
11-17 22:32:30.134  2674  2674 D OpStatusBarKeyguardViewManager: onKeyguardFadedAway:1000, true, false, false
11-17 22:32:30.134  2674  2674 D ScrimController: onAnimationStart:false
11-17 22:32:30.136   596   596 I hwservicemanager: getTransport: Cannot find entry vendor.qti.hardware.servicetracker@1.0::IServicetracker/default in either framework or device manifest.
11-17 22:32:30.140   596   596 I hwservicemanager: getTransport: Cannot find entry vendor.qti.hardware.servicetracker@1.0::IServicetracker/default in either framework or device manifest.
11-17 22:32:30.149  2674  2674 D QSDetail: onShowingDetail: animatingOpen=false, closingDetail=false
11-17 22:32:30.150  2674  2674 D KeyguardUpdateMonitor: handleKeyguardBouncerChanged(0)
11-17 22:32:30.150  2674  2674 I LockIcon:  updateDarkTint state:0
11-17 22:32:30.151  2674  2674 D KeyguardUpdateMonitor: shouldListen: false, vis:false, inter:true, bouncer:false, going:true, sleep:false, occlude:false, dream:false, switch:false, disabled:false, primary:true
11-17 22:32:30.151  2674  2674 D KeyguardUpdateMonitor: updateFP: false, false, 2
11-17 22:32:30.151  2674  2674 D OpFingerprintDialogView: onFacelockStateChanged: type:0, isOffUnlock:false
11-17 22:32:30.151  2674  2674 D LockIcon: onFacelockStateChanged, type:0
11-17 22:32:30.151  2674  2674 I LockIcon:  updateDarkTint state:0
11-17 22:32:30.151  2674  2674 D LockIcon: setFacelockRunning , type:0, updateIcon:true
11-17 22:32:30.151  2674  2674 I LockIcon:  updateDarkTint state:0
11-17 22:32:30.151  2674  2674 D FingerprintManager: sendErrorResult: 5, 5, 0
11-17 22:32:30.151  2674  2674 D KeyguardUpdateMonitor: fingerprintRunningState: false to false, 0
11-17 22:32:30.151  2674  2674 D BiometricUnlockController: onFingerprintError: Операция с отпечатком отменена.
11-17 22:32:30.151  2674  2674 D OpBiometricUnlockController: onFingerprintUnlockCancel: Reason:2, OffUnlock:false, attemps:0, Authenticating:false, prevent:false, skip:false, ScreenOn:true, interactive:true, bouncer:false, threshold:3, motor:false
11-17 22:32:30.151  2674  2674 D OpKeyguardViewMediator: notifyAuthenticate Change: false, type:1, currentType:0, result:5
11-17 22:32:30.151  1642  3100 D KeyguardStateMonitor: onFingerprintStateChange , false, false, authType:1, result:5
11-17 22:32:30.152  1642  1811 E OHPD    : [BgDetect] AppForkedProc kworker/3:0 pid 32692 uid 0 can't find pkgName
11-17 22:32:30.152  1642  1811 E OHPD    : [BgDetect] AppForkedProc kworker/u16:12 pid 32730 uid 0 can't find pkgName
11-17 22:32:30.153 19815 20994 I NearbySharing: Screen is unlocked [CONTEXT service_id=194 ]
11-17 22:32:30.154 19815 20994 I NearbyMediums: FEATURE_UWB exists: false [CONTEXT service_id=54 ]
11-17 22:32:30.154 19815 20994 I NearbyMediums: FEATURE_SAMSUNG_UWB  exists: false [CONTEXT service_id=54 ]
11-17 22:32:30.155 18945 19372 D ClockIconDelegate: DynamicIcon check needInvalidate true, oldHour = 7, newHour = 10, obj = net.oneplus.launcher.dynamicicon.clock.ClockIconDelegate@7262481
11-17 22:32:30.157   596   596 I hwservicemanager: getTransport: Cannot find entry vendor.qti.hardware.servicetracker@1.0::IServicetracker/default in either framework or device manifest.
11-17 22:32:30.158 22112 22112 D BoundBrokerSvc: onBind: Intent { act=com.google.android.gms.common.BIND_SHARED_PREFS pkg=com.google.android.gms }
11-17 22:32:30.158 22112 22112 D BoundBrokerSvc: Loading bound service for intent: Intent { act=com.google.android.gms.common.BIND_SHARED_PREFS pkg=com.google.android.gms }
11-17 22:32:30.158 18945 19522 D WallpaperUtils: [isOnePlusH2BlurWallpaper]: user=0, info=null
11-17 22:32:30.158 18945 19522 D WallpaperEventHandler: [onLauncherStart] isOnePlusH2BlurWallpaper=false
11-17 22:32:30.160 18945 19372 D DynamicIconUtil: bitmap size = 235, 235, drawable bounds = Rect(0, 0 - 147, 147), alpha = 255
11-17 22:32:30.160  2674  2674 I KeyguardPasswordView: onWindowFocusChanged: hasWindowFocus:false
11-17 22:32:30.163   596   596 I hwservicemanager: getTransport: Cannot find entry vendor.qti.hardware.servicetracker@1.0::IServicetracker/default in either framework or device manifest.
11-17 22:32:30.164 19815 20994 I NearbyMediums: enable_platform_uwb flag: false [CONTEXT service_id=54 ]
11-17 22:32:30.164 18945 19372 D DynamicIconUtil: bitmap size = 235, 235, drawable bounds = Rect(0, 0 - 147, 147), alpha = 255
11-17 22:32:30.164  2674  2674 V KeyguardUpdateMonitor: *** unregister callback for com.android.keyguard.CarrierTextController$2@b768f7c
11-17 22:32:30.165 19815 20994 I NearbyMediums: FEATURE_UWB exists: false [CONTEXT service_id=54 ]
11-17 22:32:30.165  2674  2674 V KeyguardUpdateMonitor: *** unregister callback for com.android.keyguard.EmergencyButton$2@71b1005
11-17 22:32:30.165  2674  2674 V KeyguardUpdateMonitor: *** unregister callback for com.android.keyguard.KeyguardAbsKeyInputView$2@91166f
11-17 22:32:30.167 19815 20994 I NearbyMediums: FEATURE_SAMSUNG_UWB  exists: false [CONTEXT service_id=54 ]
11-17 22:32:30.168 19815 20994 I NearbyMediums: enable_platform_uwb flag: false [CONTEXT service_id=54 ]
11-17 22:32:30.168 18945 19372 D DynamicIconUtil: bitmap size = 235, 235, drawable bounds = Rect(0, 0 - 147, 147), alpha = 255
11-17 22:32:30.169 19815 20994 I NearbyMediums: FEATURE_UWB exists: false [CONTEXT service_id=54 ]
11-17 22:32:30.169 19815 20994 I NearbyMediums: FEATURE_SAMSUNG_UWB  exists: false [CONTEXT service_id=54 ]
11-17 22:32:30.169 19815 20994 I NearbyMediums: enable_platform_uwb flag: false [CONTEXT service_id=54 ]
11-17 22:32:30.170 19815 20994 I NearbyMediums: FEATURE_UWB exists: false [CONTEXT service_id=54 ]
11-17 22:32:30.170 19815 20994 I NearbyMediums: FEATURE_SAMSUNG_UWB  exists: false [CONTEXT service_id=54 ]
11-17 22:32:30.170 19815 20994 I NearbyMediums: enable_platform_uwb flag: false [CONTEXT service_id=54 ]
11-17 22:32:30.170 19815 20994 I NearbyMediums: FEATURE_UWB exists: false [CONTEXT service_id=54 ]
11-17 22:32:30.170 19815 20994 I NearbyMediums: FEATURE_SAMSUNG_UWB  exists: false [CONTEXT service_id=54 ]
11-17 22:32:30.170 19815 20994 I NearbyMediums: enable_platform_uwb flag: false [CONTEXT service_id=54 ]
11-17 22:32:30.171 19815 20994 I NearbyMediums: FEATURE_UWB exists: false [CONTEXT service_id=54 ]
11-17 22:32:30.171 19815 20994 I NearbyMediums: FEATURE_SAMSUNG_UWB  exists: false [CONTEXT service_id=54 ]
11-17 22:32:30.171 19815 20994 I NearbyMediums: enable_platform_uwb flag: false [CONTEXT service_id=54 ]
11-17 22:32:30.171 19815 20994 I NearbySharing: Failed to stop scanning because weren't scanning. [CONTEXT service_id=194 ]
11-17 22:32:30.171 19815 20994 I NearbySharing: Stopping discovery because Bluetooth is disabled. [CONTEXT service_id=194 ]
11-17 22:32:30.171 19815 20994 I NearbySharing: Can't stop advertising FastInitiation. Not advertising. [CONTEXT service_id=194 ]
11-17 22:32:30.171 19815 20994 I NearbySharing: Stopping Fast Init advertisement because Bluetooth is off. [CONTEXT service_id=194 ]
11-17 22:32:30.171 19815 20994 I NearbySharing: Stopping advertising because Bluetooth is disabled. [CONTEXT service_id=194 ]
11-17 22:32:30.172 19815 20994 D BluetoothAdapter: isLeEnabled(): OFF
11-17 22:32:30.172 19815 20994 I NearbySharing: Can't stop scanning for FastInitiation. Not scanning. [CONTEXT service_id=194 ]
11-17 22:32:30.172 19815 20994 I NearbySharing: Cancelling in use notification [CONTEXT service_id=194 ]
11-17 22:32:30.173 18945 19372 D DynamicIconUtil: bitmap size = 235, 235, drawable bounds = Rect(0, 0 - 147, 147), alpha = 255
11-17 22:32:30.173 19815 20994 I NearbySharing: Fast Initiation Scanning has stopped [CONTEXT service_id=194 ]
11-17 22:32:30.173 19815 20994 I NearbySharing: Stopping FastInitiation scanning because Bluetooth is disabled. [CONTEXT service_id=194 ]
11-17 22:32:30.173 19815 20994 I NearbySharing: Dismissing HUN as there's no device nearby. [CONTEXT service_id=194 ]
11-17 22:32:30.173 19815 20994 I NearbySharing: Cancelling in use notification [CONTEXT service_id=194 ]
11-17 22:32:30.173 18945 19372 D DynamicIconUpdatedTask: DynamicIconUpdatedTask end
11-17 22:32:30.175   596   596 I hwservicemanager: getTransport: Cannot find entry vendor.qti.hardware.servicetracker@1.0::IServicetracker/default in either framework or device manifest.
11-17 22:32:30.178  1642  1813 W BroadcastQueue: Background execution not allowed: receiving Intent { act=android.intent.action.USER_PRESENT flg=0x24200010 } to com.instagram.android/com.instagram.push.FbnsInitBroadcastReceiver
11-17 22:32:30.179 18945 18945 D OverviewComponentObserver: updateOverviewTargets# defaultHome: ComponentInfo{net.oneplus.launcher/net.oneplus.launcher.Launcher}
11-17 22:32:30.180   596   596 I hwservicemanager: getTransport: Cannot find entry vendor.qti.hardware.servicetracker@1.0::IServicetracker/default in either framework or device manifest.
11-17 22:32:30.184   596   596 I hwservicemanager: getTransport: Cannot find entry vendor.qti.hardware.servicetracker@1.0::IServicetracker/default in either framework or device manifest.
11-17 22:32:30.185 19815 19815 D BoundBrokerSvc: onBind: Intent { act=com.google.android.gms.scheduler.ACTION_PROXY_SCHEDULE cmp=com.google.android.gms/.chimera.PersistentInternalBoundBrokerService }
11-17 22:32:30.185 19815 19815 D BoundBrokerSvc: Loading bound service for intent: Intent { act=com.google.android.gms.scheduler.ACTION_PROXY_SCHEDULE cmp=com.google.android.gms/.chimera.PersistentInternalBoundBrokerService }
11-17 22:32:30.187  2674  2674 D StatusBar: disable<e i a s b h r c s > disable2<q i n v >
11-17 22:32:30.190  2674  2674 D OverviewProxyService: SystemUi flags: 0
11-17 22:32:30.191  2674  2674 I StatusBarWindowController: applyExpandedFlag expanded:true isCameraLaunched:false
11-17 22:32:30.193 19809 20045 I BistoSettingsListener: listener created
11-17 22:32:30.200 18945 18945 D WallpaperUtils: checkPeekWallpaperPermission# permission granted: false
11-17 22:32:30.203   596   596 I hwservicemanager: getTransport: Cannot find entry vendor.qti.hardware.servicetracker@1.0::IServicetracker/default in either framework or device manifest.
11-17 22:32:30.203 18945 18945 D FrequentAppsGrid: createFromPackage pkg status: com.android.todolist, 0, true, false
11-17 22:32:30.204 18945 18945 D WeatherProvider: push the weather information to: 
11-17 22:32:30.204 22112 22112 D BoundBrokerSvc: onUnbind: Intent { act=com.google.android.gms.common.BIND_SHARED_PREFS pkg=com.google.android.gms }
11-17 22:32:30.204 18945 19372 D WeatherIconDelegate: putNewData receive same data = [timestamp] 1637177100; [weatherCode] 1003; [weatherName] Пасмурно; [temperature] -1; [temperatureHigh] 0; [temperatureLow] -5; [temperatureUnit] ℃; [isDay] true; 
11-17 22:32:30.204 18945 18945 D Launcher: onWindowFocusChanged# hasFocus: true
11-17 22:32:30.205 18945 18945 D resumeflow: false
11-17 22:32:30.205 18945 18945 D DeviceHelper: isIndiaSkuSupports: this= 17801 , is SKU: false
11-17 22:32:30.206   596   596 I hwservicemanager: getTransport: Cannot find entry vendor.qti.hardware.servicetracker@1.0::IServicetracker/default in either framework or device manifest.
11-17 22:32:30.207 18945  1402 E neplus.launche: Invalid ID 0x00000000.
11-17 22:32:30.211 18945  1402 I chatty  : uid=10075(net.oneplus.launcher) identical 40 lines
11-17 22:32:30.211 18945  1402 E neplus.launche: Invalid ID 0x00000000.
11-17 22:32:30.211   596   596 I hwservicemanager: getTransport: Cannot find entry vendor.qti.hardware.servicetracker@1.0::IServicetracker/default in either framework or device manifest.
11-17 22:32:30.211 18945  1402 E neplus.launche: Invalid ID 0x00000000.
11-17 22:32:30.214 18945  1402 I chatty  : uid=10075(net.oneplus.launcher) identical 24 lines
11-17 22:32:30.214 18945  1402 E neplus.launche: Invalid ID 0x00000000.
11-17 22:32:30.214 18945  1402 D AssetCache: black_getUsingIconShapePath: 1 getCurrentAssetPackIconShapePath start
11-17 22:32:30.215 18945  1402 D AssetCache: black_getUsingIconShapePath: 2 getCurrentAssetPackIconShapePath end, getSystemIconShapePath start
11-17 22:32:30.215 18945  1402 D AssetCache: black_getUsingIconShapePath: 3 getSystemIconShapePath end
11-17 22:32:30.215 18945 18945 D Launcher: bindAppsAddedOrUpdated: [AppInfo(id=-1 type=APP container=-1 screen=-1 cell(-1,-1) span(1,1) minSpan(1,1) rank=0 user=UserHandle{0} title=Часы hidden=false dirty = false newInstallTag=null componentName=ComponentInfo{com.oneplus.deskclock/com.oneplus.deskclock.DeskClock} searchResult=RecentSearchAppInfo(id=10 count=61 componentKey=com.oneplus.deskclock/com.oneplus.deskclock.DeskClock#0 firstLaunch=Fri Apr 26 23:31:46 GMT+03:00 2019 modified=Wed Nov 17 15:05:10 GMT+03:00 2021 restore=false) suggestionApp=null)]
11-17 22:32:30.215 18945 18945 D DeviceHelper: isIndiaSkuSupports: this= 17801 , is SKU: false
11-17 22:32:30.215   596   596 I hwservicemanager: getTransport: Cannot find entry vendor.qti.hardware.servicetracker@1.0::IServicetracker/default in either framework or device manifest.
11-17 22:32:30.215 18945 18945 D DeviceHelper: isIndiaSkuSupports: this= 17801 , is SKU: false
11-17 22:32:30.215 18945 18945 D AlphabeticalAppsList: refillAdapterItems# app: 91, recent: 5, suggestion: 0, adapter: 97, hide games: 0, searchResults:  null, filtered: 96. AppsStore# app: 91, recent: 69
11-17 22:32:30.216 18945 18945 D DeviceHelper: isIndiaSkuSupports: this= 17801 , is SKU: false
11-17 22:32:30.216 18945 18945 D AlphabeticalAppsList: refillAdapterItems# app: 91, recent: 5, suggestion: 0, adapter: 97, hide games: 0, searchResults:  null, filtered: 96. AppsStore# app: 91, recent: 69
11-17 22:32:30.217 18945 18945 D AlphabeticalHiddenAppsList: [refillAdapterItems] hidden app size = 1
11-17 22:32:30.217 18945 18945 D AlphabeticalHiddenAppsList: [updateAdapterItems] hasFilter: false, filtersAppInfos size = 91, mAdapterItems size = 1
11-17 22:32:30.217 18946 18946 I GoogleInputMethodService: GoogleInputMethodService.onFinishInput():3293 
11-17 22:32:30.217 18945 18945 D AllAppsStore: notifyUpdate count = 6. (0) net.oneplus.launcher.allapps.-$$Lambda$5tYtGnC2pfJ4XjcysOSp9_vUsUM@18499be. (1) net.oneplus.launcher.allapps.AlphabeticalAppsList@3418a1f. (2) net.oneplus.launcher.allapps.AlphabeticalAppsList@df7716c. (3) net.oneplus.launcher.allapps.AlphabeticalHiddenAppsList@c726335. (4) net.oneplus.launcher.allapps.-$$Lambda$AllAppsContainerView$lOkEWdzg80XCafQCzM8yI6Nmpk0@6ec93ca. (5) net.oneplus.launcher.allapps.search.AppsSearchContainerLayout{677b3f0 VFED..CL. ......ID 197,27-883,242 #7f0b0388 app:id/search_all_apps}. 
11-17 22:32:30.217 18945 18945 D QuickPage: setPackageState: com.oneplus.deskclock, 0, 0
11-17 22:32:30.217 18945 18945 D FrequentAppsGrid: onDynamicIconChanged: ComponentName= ComponentInfo{com.oneplus.deskclock/com.oneplus.deskclock.DeskClock}, user = UserHandle{0}
11-17 22:32:30.217 18945 18945 D Launcher.Workspace: DynamicIcon Workspace updateCurrentPageDynamicIconState success
11-17 22:32:30.217 18946 18946 I GoogleInputMethodService: GoogleInputMethodService.onStartInput():1981 
11-17 22:32:30.217 18945 18945 D AnalyticHelper: interval: 604800000
11-17 22:32:30.217 18946 18946 I DeviceUnlockedTag: DeviceUnlockedTag.notifyDeviceLockStatusChanged():79 Notify device unlocked.
11-17 22:32:30.217 18945 18945 D AnalyticHelper: [isSendOptionsMDM] recordTimeStr = 2021-11-17 22:32:26
11-17 22:32:30.218 18945 18945 D AnalyticHelper: startTimer# next time: 2021-11-24 22:32:26
11-17 22:32:30.218 18945 18945 D RotationHelper: notifyChange: activityFlags= 1
11-17 22:32:30.218 18946 19468 I AbstractOpenableExtension: AbstractOpenableExtension.maybeDestroyExistingKeyboardGroupManager():513 Destroy existing keyboard group manager in eza
11-17 22:32:30.218 18946 19468 I AbstractOpenableExtension: AbstractOpenableExtension.createKeyboardGroupManagerListenableFuture():122 Create keyboard group manager listenable future in eza
