11-17 21:52:57.870  1642  1642 D OPBF    : # eventChangeReceiver # onReceive # action=android.intent.action.SCREEN_ON
11-17 21:52:57.946  1642  3100 D CameraService_proxy:  notifyColorGamutEnhance activeCamera = true
11-17 21:52:57.946  1642  3100 D OpColorDisplayService: notifyCameraStatus activeCamera = true
11-17 21:52:57.946  1642  3100 D OpColorGamutManager: notifyCameraStatus activeCamera = true
11-17 21:52:57.949  1642  1864 I DisplayPowerController: useProximityForceSuspend = false
11-17 21:52:57.949  1642  1864 D DisplayPowerController: override brightness:76 to 300
11-17 21:52:57.950  1642  1864 I DisplayPowerController: useProximityForceSuspend = false
11-17 21:52:57.950  1642  1864 D DisplayPowerController: override brightness:76 to 300
11-17 21:52:57.966 30782 30782 W ContextImpl: Calling a method in the system process without a qualified user: android.app.ContextImpl.bindService:1683 android.content.ContextWrapper.bindService:705 net.oneplus.odm.DeviceManagerService.x:30 net.oneplus.odm.l.onReceive:64 android.app.LoadedApk$ReceiverDispatcher$Args.lambda$getRunnable$0$LoadedApk$ReceiverDispatcher$Args:1560 
11-17 21:52:57.968  1642  3176 W ActivityManager: Unable to start service Intent { act=com.opos.ads.ColorAppServicesManagerClient cmp=com.opos.ads/.ColorAppServicesManagerClient } U=0: not found
11-17 21:52:58.096  1642 10659 D KeyguardStateMonitor: onFingerprintStateChange , false, true, authType:2, result:4
11-17 21:52:58.096  1642 10659 D WindowManager: onKeyguardFingerprintChanged, 2, 4, 0
11-17 21:52:58.096  1642  1793 D WindowManager: handleAuthStateChange, authenticating:false, authType:2, result:4, sf:false
11-17 21:52:58.103  1642  1864 I DisplayPowerController: Unblocked screen on after 381 ms
11-17 21:52:58.103  1642  1864 I DisplayPowerController: useProximityForceSuspend = false
11-17 21:52:58.104  1642  1864 D DisplayPowerController: override brightness:76 to 300
11-17 21:52:58.105  1642  1864 I DisplayPowerController: useProximityForceSuspend = false
11-17 21:52:58.105  1642  1864 D DisplayPowerController: override brightness:76 to 300
11-17 21:52:58.107  1642  1864 W PowerManagerService: Screen on took 397 ms
11-17 21:52:58.108  1642  1642 I WindowManager: Finished waking up... (why=ON_BECAUSE_OF_USER)
11-17 21:52:58.130  1642  5709 D OpFingerprintService: updateStatus , 0
11-17 21:52:58.858  1642  1864 I DisplayPowerController: useProximityForceSuspend = false
11-17 21:53:00.000  1642  2514 V AlarmManager: Triggering alarm #0: 3 when =25283758 package =android operation = null listenTag =TIME_TICK flags =0x1
11-17 21:53:00.117  1642  1864 I DisplayPowerController: useProximityForceSuspend = false
11-17 21:53:00.812  1642  2540 D ConnectivityService: Blocked status changed to false for 10083(375) on netId 100
11-17 21:53:00.812  1642  2540 D ConnectivityService: Blocked status changed to false for 10083(376) on netId 100
11-17 21:53:00.824  1642  1819 E BatteryExternalStatsWorker: no controller energy info supplied for bluetooth
11-17 21:53:00.866  1642  1811 D ExtBatteryStatsService: @@@@ awaitUninterruptibly in 74 ms
11-17 21:53:02.966  1642  1864 I DisplayPowerController: useProximityForceSuspend = false
11-17 21:53:03.043  1642  3176 D CameraService_proxy:  notifyColorGamutEnhance activeCamera = false
11-17 21:53:03.043  1642  3176 D OpColorDisplayService: notifyCameraStatus activeCamera = false
11-17 21:53:03.044  1642  3176 D OpColorGamutManager: notifyCameraStatus activeCamera = false
11-17 21:53:03.932  1642  1819 E BatteryExternalStatsWorker: no controller energy info supplied for bluetooth
11-17 21:53:03.988  1642  1811 D ExtBatteryStatsService: @@@@ awaitUninterruptibly in 96 ms
11-17 21:53:03.988  1642  1811 D ExtBatteryStatsService: ext-flush too soon, skip
11-17 21:53:04.374  1642 10659 D LockSettingsService: VerifyCredential return when not Synthetic, 0
11-17 21:53:04.407  1642 10659 I LockSettingsService: Unlocking user 0 with token length 69
11-17 21:53:04.408  1642 10659 I LockSettingsService: resetLockout
11-17 21:53:04.531  1642 10659 I OpAppLocker: setKeyguardDone true
11-17 21:53:04.532  1642  2866 I OpAppLocker: setKeyguardDone true
11-17 21:53:04.533  2572  2613 I OIMC    : notified , mode FingerPrintMode changeTo 2
11-17 21:53:04.534  2572  2619 I OIMC_CORE: handleMessage:   MODE_EXIT, arg1: 0, arg2: 0, obj: com.oneplus.server.oimc.gwy@5ddfe42
11-17 21:53:04.534  2572  2619 I OIMC_CORE: The mode: FingerPrintMode is not entered
11-17 21:53:04.536  1642  2866 D ActivityTaskManager: Top Process State changed to PROCESS_STATE_TOP
11-17 21:53:04.537  1642  1795 D OpRestartProcessManager: updateSelf :  com.android.todolist, size : 30
11-17 21:53:04.539  1642  1851 D OPDOM   : performDexOpt end for SCREEN OFF sucessed: false
11-17 21:53:04.539  1642  2866 D OemSceneModeActivityStack: [scene] evaluateGameModes :  gameMsg.arg1=0 gameMsg.arg2=1
11-17 21:53:04.543  1642  2866 D OpQuickReply: setQuickReplyResumed focusedApp AppWindowToken{cc82bbf token=Token{6a03dde ActivityRecord{be8d919 u0 com.android.todolist/.MainActivity t56806}}} pkgName com.android.todolist
11-17 21:53:04.553  1642  1642 V FingerprintService: Stopping client com.android.systemui, fromClient: true
11-17 21:53:04.554  1642  3103 D FingerprintService: onError, 538525712384, 5, 0
11-17 21:53:04.588  1642  5709 I OemSceneModeAmHelper: [scene] handleShowOrOccludedChanged showing false, occluded false
11-17 21:53:04.589  1642  1795 W UsageStatsService: Event reported without a package name, eventType:18
11-17 21:53:04.589  1642  1795 V UsbDeviceManager: onKeyguardStateChanged: isShowing:false secure:true user:0
11-17 21:53:04.604  1642  1642 V FingerprintService: handleError(client=com.android.systemui, error = 5)
11-17 21:53:04.604  1642  1642 V FingerprintService: Done with client: com.android.systemui
11-17 21:53:04.609  2572  2613 I OIMC    : notified , mode ColorReadMode changeTo 2
11-17 21:53:04.610  2572  2619 I OIMC_CORE: handleMessage:   MODE_EXIT, arg1: 0, arg2: 0, obj: com.oneplus.server.oimc.gwy@c098e53
11-17 21:53:04.610  2572  2619 I OIMC_CORE: The mode: ColorReadMode is not entered
11-17 21:53:04.610  2572  2614 I OIMC    : notified , mode ReadMode changeTo 2
11-17 21:53:04.610  2572  2619 I OIMC_CORE: handleMessage:   MODE_EXIT, arg1: 0, arg2: 0, obj: com.oneplus.server.oimc.gwy@a11390
11-17 21:53:04.610  2572  2619 I OIMC_CORE: The mode: ReadMode is not entered
11-17 21:53:04.614  1642  2540 D ConnectivityService: Blocked status changed to true for 10083(375) on netId 100
11-17 21:53:04.615  1642  2540 D ConnectivityService: Blocked status changed to true for 10083(376) on netId 100
11-17 21:53:04.619  2572  2614 I OIMC    : notified , mode GameMode changeTo 2
11-17 21:53:04.619  2572  2619 I OIMC_CORE: handleMessage:   MODE_EXIT, arg1: 0, arg2: 0, obj: com.oneplus.server.oimc.gwy@9eb6489
11-17 21:53:04.619  2572  2619 I OIMC_CORE: The mode: GameMode is not entered
11-17 21:53:04.628  1642  1813 W BroadcastQueue: Background execution not allowed: receiving Intent { act=android.intent.action.USER_PRESENT flg=0x24200010 } to com.oneplus.camera.service/.CameraBroadcastReceiver
11-17 21:53:04.628  1642  1813 W BroadcastQueue: Background execution not allowed: receiving Intent { act=android.intent.action.USER_PRESENT flg=0x24200010 } to com.android.chrome/org.chromium.chrome.browser.sharing.click_to_call.ClickToCallMessageHandler$PhoneUnlockedReceiver
11-17 21:53:04.628  1642  1813 W BroadcastQueue: Background execution not allowed: receiving Intent { act=android.intent.action.USER_PRESENT flg=0x24200010 } to com.google.android.gms/.auth.setup.devicesignals.LockScreenReceiver
11-17 21:53:04.628  1642  1813 W BroadcastQueue: Background execution not allowed: receiving Intent { act=android.intent.action.USER_PRESENT flg=0x24200010 } to com.google.android.gms/.chimera.GmsIntentOperationService$PersistentTrustedReceiver
11-17 21:53:04.628  1642  1813 W BroadcastQueue: Background execution not allowed: receiving Intent { act=android.intent.action.USER_PRESENT flg=0x24200010 } to com.instagram.android/com.instagram.push.FbnsInitBroadcastReceiver
11-17 21:53:04.685  2674  2674 D FingerprintManager: sendErrorResult: 5, 5, 0
11-17 21:53:04.686  1642 10516 D KeyguardStateMonitor: onFingerprintStateChange , false, false, authType:1, result:5
11-17 21:53:05.045  1642  1642 V SettingsProvider: Notifying for 0: content://settings/system/rading_mode_status_auto
11-17 21:53:05.047  2572  2614 I OIMC    : notified , mode ColorReadMode changeTo 2
11-17 21:53:05.047  2572  2619 I OIMC_CORE: handleMessage:   MODE_EXIT, arg1: 0, arg2: 0, obj: com.oneplus.server.oimc.gwy@cd1bc8e
11-17 21:53:05.047  2572  2619 I OIMC_CORE: The mode: ColorReadMode is not entered
11-17 21:53:05.048  2572  2614 I OIMC    : notified , mode ReadMode changeTo 2
11-17 21:53:05.048  2572  2619 I OIMC_CORE: handleMessage:   MODE_EXIT, arg1: 0, arg2: 0, obj: com.oneplus.server.oimc.gwy@94bcaf
11-17 21:53:05.048  2572  2619 I OIMC_CORE: The mode: ReadMode is not entered
11-17 21:53:05.050  1642  1642 V SettingsProvider: Notifying for 0: content://settings/system/rading_mode_status_auto
11-17 21:53:07.722  1642  1819 E BatteryExternalStatsWorker: no controller energy info supplied for bluetooth
11-17 21:53:07.788  1642  1811 D ExtBatteryStatsService: @@@@ awaitUninterruptibly in 107 ms
11-17 21:53:07.788  1642  1811 D ExtBatteryStatsService: ext-flush too soon, skip
11-17 21:53:19.822  1642  2514 V AlarmManager: Triggering alarm #0: 3 when =25303580 package =com.google.android.gms operation =*alarm*:com.google.android.gms.auth.authzen.cryptauth.DEVICE_STATE_CHECK_DELAY_COMPLETE flags =0x0
11-17 21:53:28.062  1642  3102 D OPBF    : setCGroupState():tofreeze=true, uid:10134 pkg:com.vkontakte.android --->>> ok reason:finish perform hasTimeout broadcast for action = android.intent.action.SCREEN_ON
11-17 21:53:28.592  1642  1864 I DisplayPowerController: useProximityForceSuspend = false
11-17 21:53:28.596  1642  1864 V DisplayPowerController: Brightness [6] reason changing to: 'manual [ dim ]', previous reason: 'manual'.
11-17 21:53:28.596  1642  1642 V SettingsProvider: Notifying for 0: content://settings/global/device_is_dimming
11-17 21:53:28.993  1642  1864 I DisplayPowerController: useProximityForceSuspend = false
11-17 21:53:32.246  1642  1857 I ActivityManager: pid= 825 st.name = surfaceflinger cpuPercent = 16 st.rel_utime =10240 st.rel_stime =5800
11-17 21:53:32.246  1642  1857 I ActivityManager: pid= 1642 st.name = system_server cpuPercent = 12 st.rel_utime =7720 st.rel_stime =5140
11-17 21:53:32.246  1642  1857 E OHPD    : [BgDetect] AppForkedProc kworker/0:6 pid 30813 uid 0 can't find pkgName
11-17 21:53:32.247  1642  1857 E OHPD    : [BgDetect] AppForkedProc kworker/0:1 pid 31056 uid 0 can't find pkgName
11-17 21:53:32.247  1642  1857 E OHPD    : [BgDetect] AppForkedProc kworker/u16:10 pid 31124 uid 0 can't find pkgName
11-17 21:53:32.285  1642  1819 E BatteryExternalStatsWorker: no controller energy info supplied for bluetooth
11-17 21:53:34.593  1642  1864 I PowerManagerService: Going to sleep due to timeout (uid 1000)...
11-17 21:53:34.593  1642  1642 W UsageStatsService: Event reported without a package name, eventType:16
11-17 21:53:34.595  1642  1864 I PowerManagerService: Sleeping (uid 1000)...
11-17 21:53:34.595  1642  1642 I WindowManager: Started going to sleep... (why=OFF_BECAUSE_OF_TIMEOUT)
11-17 21:53:34.595  1642  1864 I DisplayPowerController: useProximityForceSuspend = false
11-17 21:53:34.668  1642  1864 V DisplayPowerController: Brightness [76] reason changing to: 'manual', previous reason: 'manual [ dim ]'.
11-17 21:53:34.686  1642  1864 I DisplayPowerController: useProximityForceSuspend = false
11-17 21:53:34.686  1642  1864 I DisplayPowerController: Blocking screen off
11-17 21:53:34.686  1642  1864 I DisplayPowerController: Unblocked screen off after 0 ms
11-17 21:53:34.686  1642  1864 D OpColorDisplayService: screenStateChange
11-17 21:53:34.686  1642  1832 D OpColorDisplayService: processScreenOn   false
11-17 21:53:34.686  1642  1864 I WindowManager: Screen turned off...
11-17 21:53:34.693  1642  1864 D ActivityTaskManager: Top Process State changed to PROCESS_STATE_TOP_SLEEPING
11-17 21:53:34.731  1642  1864 V DisplayPowerController: Brightness [0] reason changing to: 'screen_off', previous reason: 'manual'.
11-17 21:53:34.731  1642  1864 I DisplayPowerController: useProximityForceSuspend = false
11-17 21:53:34.951  1642  1864 I DisplayPowerController: useProximityForceSuspend = false
11-17 21:53:34.970  1642  5709 D OpFingerprintService: updateStatus , 2
11-17 21:53:34.971  1642  1642 V SettingsProvider: Notifying for 0: content://settings/global/device_is_dimming
11-17 21:53:34.971  1642  1642 W Looper  : Slow dispatch took 240ms main h=com.android.providers.settings.SettingsProvider$SettingsRegistry$MyHandler c=null m=1
11-17 21:53:34.973  1642  1642 W Looper  : Slow delivery took 240ms main h=com.android.providers.settings.SettingsProvider$SettingsRegistry$MyHandler c=null m=2
11-17 21:53:34.973  1642  1642 I WindowManager: Finished going to sleep... (why=OFF_BECAUSE_OF_TIMEOUT)
11-17 21:53:34.976  1642  1642 D OpPowerControllerService: SCREEN is OFF
11-17 21:53:34.976  1642  1642 D OpPowerControllerService: SCREEN is OFF
11-17 21:53:34.976  1642  1642 D OpPowerControllerService: mScreenOffStart=2021-11-17 21:53:34
11-17 21:53:34.984  1642  1795 I DisplayManagerService: Display device changed state: "Встроенный экран", OFF
11-17 21:53:34.995  1642  1642 W Looper  : Drained
11-17 21:53:35.017  1642  1642 V FingerprintService: startAuthentication(com.android.systemui)
11-17 21:53:35.017  1642  1642 V FingerprintService: starting client AuthenticationClientImpl(com.android.systemui) cookie: 0/0
11-17 21:53:35.018  1642  1642 D OpFingerprintService: OIMCService is null
11-17 21:53:35.063  1642  1642 D OpFingerprintService: updateStatus , 3
11-17 21:53:35.115  1642  1642 D OPBF    : # eventChangeReceiver # onReceive # action=android.intent.action.SCREEN_OFF
11-17 21:53:35.270  1642  1714 W AppOps  : Noting op not finished: uid 10015 pkg com.google.android.gms code 79 time=1637175184600 duration=-1
11-17 21:53:35.277  1642  1714 W AppOps  : Noting op not finished: uid 10015 pkg com.google.android.gms code 79 time=1637175215270 duration=0
11-17 21:53:35.286  1642  3176 W AppOps  : Noting op not finished: uid 10015 pkg com.google.android.gms code 79 time=1637175215277 duration=0
11-17 21:53:35.361  1642  3102 D OPBF    : setCGroupState():tofreeze=false, uid:10134 pkg:com.vkontakte.android --->>> ok reason:start perform hasTimeout broadcast for action = android.intent.action.SCREEN_OFF
11-17 21:53:39.610  1642  2514 V AlarmManager: Triggering alarm #0: 2 when =25323367 package =com.android.systemui operation =*walarm*:com.android.internal.policy.impl.PhoneWindowManager.DELAYED_KEYGUARD flags =0x9
11-17 21:53:39.617  1642  1712 I OpAppLocker: setKeyguardDone false
11-17 21:53:39.618  1642  1712 I OpAppLocker: setKeyguardDone false
11-17 21:53:39.628  1642 10516 I OemSceneModeAmHelper: [scene] handleShowOrOccludedChanged showing true, occluded false
11-17 21:53:39.648  1642  1795 W UsageStatsService: Event reported without a package name, eventType:17
11-17 21:53:39.661  1642  1795 V UsbDeviceManager: onKeyguardStateChanged: isShowing:true secure:true user:0
11-17 21:53:39.666  1642  1857 I ActivityManager: pid= 1642 st.name = system_server cpuPercent = 34 st.rel_utime =1240 st.rel_stime =1300
11-17 21:53:39.694  1642  1795 W ActivityTaskManager: Sleep timeout!  Sleeping now.
11-17 21:53:39.823  2674  2674 V KeyguardStatusView: refresh statusview showing:true
11-17 21:53:47.150  1642  1794 W EntropyMixer: Failed to add HW RNG output to entropy pool
11-17 21:53:47.150  1642  1794 W EntropyMixer: java.io.FileNotFoundException: /dev/hw_random: open failed: EACCES (Permission denied)
11-17 21:53:47.150  1642  1794 W EntropyMixer: 	at libcore.io.IoBridge.open(IoBridge.java:496)
11-17 21:53:47.150  1642  1794 W EntropyMixer: 	at java.io.FileInputStream.<init>(FileInputStream.java:159)
11-17 21:53:47.150  1642  1794 W EntropyMixer: 	at java.io.FileInputStream.<init>(FileInputStream.java:115)
11-17 21:53:47.150  1642  1794 W EntropyMixer: 	at com.android.server.RandomBlock.fromFile(RandomBlock.java:45)
11-17 21:53:47.150  1642  1794 W EntropyMixer: 	at com.android.server.EntropyMixer.addHwRandomEntropy(EntropyMixer.java:205)
11-17 21:53:47.150  1642  1794 W EntropyMixer: 	at com.android.server.EntropyMixer.access$000(EntropyMixer.java:59)
11-17 21:53:47.150  1642  1794 W EntropyMixer: 	at com.android.server.EntropyMixer$1.handleMessage(EntropyMixer.java:83)
11-17 21:53:47.150  1642  1794 W EntropyMixer: 	at android.os.Handler.dispatchMessage(Handler.java:107)
11-17 21:53:47.150  1642  1794 W EntropyMixer: 	at android.os.Looper.loop(Looper.java:214)
11-17 21:53:47.150  1642  1794 W EntropyMixer: 	at android.os.HandlerThread.run(HandlerThread.java:67)
11-17 21:53:47.150  1642  1794 W EntropyMixer: 	at com.android.server.ServiceThread.run(ServiceThread.java:44)
11-17 21:53:47.150  1642  1794 W EntropyMixer: Caused by: android.system.ErrnoException: open failed: EACCES (Permission denied)
11-17 21:53:47.150  1642  1794 W EntropyMixer: 	at libcore.io.Linux.open(Native Method)
11-17 21:53:47.150  1642  1794 W EntropyMixer: 	at libcore.io.ForwardingOs.open(ForwardingOs.java:167)
11-17 21:53:47.150  1642  1794 W EntropyMixer: 	at libcore.io.BlockGuardOs.open(BlockGuardOs.java:252)
11-17 21:53:47.150  1642  1794 W EntropyMixer: 	at libcore.io.IoBridge.open(IoBridge.java:482)
11-17 21:53:47.150  1642  1794 W EntropyMixer: 	... 10 more
11-17 21:53:47.150  1642  1794 I EntropyMixer: Writing entropy...
11-17 21:53:47.446  1642  1819 E BatteryExternalStatsWorker: no controller energy info supplied for bluetooth
11-17 21:53:47.538  1642  1811 D ExtBatteryStatsService: @@@@ awaitUninterruptibly in 143 ms
11-17 21:54:00.001  1642  2514 V AlarmManager: Triggering alarm #0: 3 when =25343758 package =android operation = null listenTag =TIME_TICK flags =0x1
11-17 21:54:01.502  1642  1813 I OHPD    : mCurrentGpsUidList:[], currentIME:com.google.android.inputmethod.latin
11-17 21:54:01.504  1642  1813 I OHPD    : [BgDetect]chkExcessCpu level: 3 doKills: true critical false uptime: 1200118
11-17 21:54:02.566  1642  3102 D OPBF    : setCGroupState():tofreeze=true, uid:10027 pkg:ru.mail.mailapp --->>> ok reason:uid active tActive:false
11-17 21:54:03.146  1642  1813 I OHPD    : mCurrentGpsUidList:[], currentIME:com.google.android.inputmethod.latin
11-17 21:54:03.151  1642  1813 I OHPD    : [BgDetect]chkExcessCpu level: 0 doKills: true critical false uptime: 300182
11-17 21:54:03.399  1642  1819 E BatteryExternalStatsWorker: no controller energy info supplied for bluetooth
11-17 21:54:03.492  1642  1811 D ExtBatteryStatsService: @@@@ awaitUninterruptibly in 151 ms
11-17 21:54:03.545  1642  1813 I OHPD    : [BGC] checkAbnBgKillLocked, doExecution: false
11-17 21:54:04.013  1642  1813 I OHPD    : mCurrentGpsUidList:[], currentIME:com.google.android.inputmethod.latin
11-17 21:54:04.013  1642  1813 I OHPD    : [BgDetect]chkExcessCpu level: 2 doKills: true critical false uptime: 600195
11-17 21:54:05.374  1642  3102 D OPBF    : setCGroupState():tofreeze=true, uid:10134 pkg:com.vkontakte.android --->>> ok reason:finish perform hasTimeout broadcast for action = android.intent.action.SCREEN_OFF
11-17 21:54:10.454  1642  1813 I ActivityManager: pid= 1642 st.name = system_server cpuPercent = 13 st.rel_utime =630 st.rel_stime =830
11-17 21:54:10.456  1642  1813 I OHPD    : mCurrentGpsUidList:[], currentIME:com.google.android.inputmethod.latin
11-17 21:54:10.456  1642  1813 I OHPD    : [BgDetect]chkExcessCpu level: 1 doKills: true critical false uptime: 300275
11-17 21:54:42.024  1642  3100 D OpFingerprintService: updateStatus , 1
11-17 21:54:42.063  1642  1642 V FingerprintService: Stopping client com.android.systemui, fromClient: true
11-17 21:54:42.064  1642  3103 D FingerprintService: onError, 538525712384, 5, 0
11-17 21:54:42.086  1642  1642 V FingerprintService: handleError(client=com.android.systemui, error = 5)
11-17 21:54:42.087  1642  1642 V FingerprintService: Done with client: com.android.systemui
11-17 21:54:42.088  2674  2674 D FingerprintManager: sendErrorResult: 5, 5, 0
11-17 21:54:42.089  1642 10516 D KeyguardStateMonitor: onFingerprintStateChange , false, false, authType:1, result:5
11-17 21:54:50.356  1642  2514 V AlarmManager: Triggering alarm #0: 2 when =25394113 package =com.google.android.gms operation =*walarm*:com.google.android.chimera.IntentOperation.TARGETED_INTENT flags =0x5
11-17 21:55:00.000  1642  2514 V AlarmManager: Triggering alarm #0: 3 when =25403758 package =android operation = null listenTag =TIME_TICK flags =0x1
11-17 21:55:04.765  1642  3102 D OPBF    : setCGroupState():tofreeze=true, uid:10470 pkg:com.android.todolist --->>> ok reason:uid active tActive:false
11-17 21:56:17.367  1642 31914 E OHPD    : [BgDetect] AppForkedProc kworker/5:0 pid 28813 uid 0 can't find pkgName
11-17 21:56:17.367  1642 31914 E OHPD    : [BgDetect] AppForkedProc kworker/2:2 pid 31865 uid 0 can't find pkgName
11-17 21:56:58.515  1642  1819 E BatteryExternalStatsWorker: no controller energy info supplied for bluetooth
11-17 21:56:58.604  1642  1811 D ExtBatteryStatsService: @@@@ awaitUninterruptibly in 141 ms
11-17 21:57:17.802  1642  2514 V AlarmManager: Triggering alarm #0: 2 when =25541557 package =android operation = null listenTag =*job.delay* flags =0x0
11-17 21:57:17.802  1642  2514 V AlarmManager: Triggering alarm #1: 3 when =25534419 package =com.whatsapp operation =*alarm*:com.whatsapp.alarm.CLIENT_PING_PERIODIC flags =0x0
11-17 21:58:00.001  1642  2514 V AlarmManager: Triggering alarm #0: 3 when =25583758 package =android operation = null listenTag =TIME_TICK flags =0x1
11-17 21:58:14.918  1642  1813 W ActivityManager: Stopping service due to app idle: u0a132 -1m20s22ms com.whatsapp/.messaging.MessageService
11-17 21:58:22.396  1642  2514 V AlarmManager: Triggering alarm #0: 2 when =25606151 package =android operation = null listenTag =*job.delay* flags =0x0
11-17 21:58:22.858  1642  3102 D OPBF    : setCGroupState():tofreeze=false, uid:10173 pkg:ru.vkusvill --->>> ok reason:bindservice as server add connection = AppBindRecord{3aba22c ru.vkusvill/com.yandex.metrica.ConfigurationJobService:system}
11-17 21:58:35.122  1642  2514 V AlarmManager: Triggering alarm #0: 1 when =1637175515119 package =android operation =*alarm*:com.oneplus.android.screenOffCheckProcessState flags =0x9
11-17 21:58:47.305  1642  2514 V AlarmManager: Triggering alarm #0: 2 when =25631061 package =android operation = null listenTag =*job.delay* flags =0x0
11-17 21:58:47.350  1642  3102 D OPBF    : setCGroupState():tofreeze=false, uid:10354 pkg:ru.sberbank.spasibo --->>> ok reason:bindservice as server add connection = AppBindRecord{3be3b24 ru.sberbank.spasibo/com.yandex.metrica.ConfigurationJobService:system}
11-17 21:58:58.651  1642  2514 V AlarmManager: Triggering alarm #0: 2 when =25642408 package =android operation = null listenTag =*job.delay* flags =0x0
11-17 21:58:58.683  1642  3102 D OPBF    : setCGroupState():tofreeze=false, uid:10425 pkg:org.stepic.droid --->>> ok reason:bindservice as server add connection = AppBindRecord{4aec0bb org.stepic.droid/com.yandex.metrica.ConfigurationJobService:system}
11-17 21:59:00.002  1642  2514 V AlarmManager: Triggering alarm #0: 3 when =25643759 package =android operation = null listenTag =TIME_TICK flags =0x1
11-17 21:59:02.931  1642  3102 D OPBF    : setCGroupState():tofreeze=true, uid:10173 pkg:ru.vkusvill --->>> ok reason:serviceDoneExecuting = ru.vkusvill/com.yandex.metrica.MetricaService
11-17 21:59:03.439  1642  1813 I OHPD    : mCurrentGpsUidList:[], currentIME:com.google.android.inputmethod.latin
11-17 21:59:03.442  1642  1813 I OHPD    : [BgDetect]chkExcessCpu level: 0 doKills: true critical false uptime: 300295
11-17 21:59:03.659  1642  1819 E BatteryExternalStatsWorker: no controller energy info supplied for bluetooth
11-17 21:59:03.748  1642  1811 D ExtBatteryStatsService: @@@@ awaitUninterruptibly in 145 ms
11-17 21:59:03.803  1642  1813 I OHPD    : [BGC] checkAbnBgKillLocked, doExecution: false
11-17 21:59:10.721  1642  1813 I ActivityManager: pid= 1642 st.name = system_server cpuPercent = 10 st.rel_utime =380 st.rel_stime =410
11-17 21:59:10.722  1642  1813 E OHPD    : [BgDetect] AppForkedProc kworker/6:0 pid 28842 uid 0 can't find pkgName
11-17 21:59:10.722  1642  1813 E OHPD    : [BgDetect] AppForkedProc kworker/u16:4 pid 31933 uid 0 can't find pkgName
11-17 21:59:10.723  1642  1813 I OHPD    : mCurrentGpsUidList:[], currentIME:com.google.android.inputmethod.latin
11-17 21:59:10.724  1642  1813 I OHPD    : [BgDetect]chkExcessCpu level: 1 doKills: true critical false uptime: 300267
11-17 21:59:27.471  1642  3102 D OPBF    : setCGroupState():tofreeze=true, uid:10354 pkg:ru.sberbank.spasibo --->>> ok reason:serviceDoneExecuting = ru.sberbank.spasibo/com.yandex.metrica.MetricaService
11-17 21:59:38.787  1642  3102 D OPBF    : setCGroupState():tofreeze=true, uid:10425 pkg:org.stepic.droid --->>> ok reason:serviceDoneExecuting = org.stepic.droid/com.yandex.metrica.MetricaService
11-17 21:59:40.685  1642  2514 V AlarmManager: Triggering alarm #0: 2 when =25684443 package =android operation = null listenTag =*job.delay* flags =0x0
11-17 21:59:40.713  1642  3102 D OPBF    : setCGroupState():tofreeze=false, uid:10305 pkg:com.avito.android --->>> ok reason:bindservice as server add connection = AppBindRecord{1257867 com.avito.android/com.yandex.metrica.ConfigurationJobService:system}
11-17 22:00:00.003  1642  2514 V AlarmManager: Triggering alarm #0: 3 when =25703758 package =android operation = null listenTag =TIME_TICK flags =0x1
11-17 22:00:00.003  1642  2514 V AlarmManager: Triggering alarm #1: 0 when =1637175600000 package =android operation =*walarm*:ScheduleConditionProvider.EVALUATE flags =0x9
11-17 22:00:00.015  1642  1642 D ConditionProviders.SCP: onReceive ScheduleConditionProvider.EVALUATE
11-17 22:00:00.028  1642  1642 D ConditionProviders.SCP: evaluateSubscriptionLocked cal=ScheduleCalendar[mDays={1, 2, 3, 4, 5, 6, 7}, mSchedule=ScheduleInfo{days=[1, 2, 3, 4, 5, 6, 7], startHour=22, startMinute=0, endHour=7, endMinute=0, exitAtAlarm=true, nextAlarm=Thu Jan 01 03:00:00 GMT+03:00 1970 (0)}], now=Wed Nov 17 22:00:00 GMT+03:00 2021 (1637175600015), nextUserAlarmTime=Thu Jan 01 03:00:00 GMT+03:00 1970 (0)
11-17 22:00:00.035  1642  1642 D ConditionProviders.SCP: notifyCondition condition://android/schedule?days=1.2.3.4.5.6.7&start=22.0&end=7.0&exitAtAlarm=true STATE_TRUE reason=meetsSchedule
11-17 22:00:00.045  1642  1642 D ConditionProviders.SCP: Scheduling evaluate for Thu Nov 18 07:00:00 GMT+03:00 2021 (1637208000000), in +8h59m59s985ms, now=Wed Nov 17 22:00:00 GMT+03:00 2021 (1637175600015)
11-17 22:00:00.063  1642  1642 V SettingsProvider: Notifying for 0: content://settings/global/zen_mode_config_etag
11-17 22:00:05.279  1642  2514 V AlarmManager: Triggering alarm #0: 2 when =25709034 package =android operation = null listenTag =*job.delay* flags =0x0
11-17 22:00:05.318  1642  3102 D OPBF    : setCGroupState():tofreeze=false, uid:10058 pkg:ru.foodfox.client --->>> ok reason:bindservice as server add connection = AppBindRecord{37d7de0 ru.foodfox.client/com.yandex.metrica.ConfigurationJobService:system}
11-17 22:00:10.293  1642  2514 V AlarmManager: Triggering alarm #0: 2 when =25711424 package =android operation = null listenTag =*job.delay* flags =0x0
11-17 22:00:10.323  1642  3102 D OPBF    : setCGroupState():tofreeze=false, uid:10026 pkg:com.octopod.russianpost.client.android --->>> ok reason:bindservice as server add connection = AppBindRecord{f7f1a0d com.octopod.russianpost.client.android/com.yandex.metrica.ConfigurationJobService:system}
11-17 22:00:15.473  1642  2514 V AlarmManager: Triggering alarm #0: 2 when =25719231 package =android operation = null listenTag =*job.delay* flags =0x0
11-17 22:00:15.506  1642  3102 D OPBF    : setCGroupState():tofreeze=false, uid:10152 pkg:ru.sberbankmobile --->>> ok reason:bindservice as server add connection = AppBindRecord{4e726ca ru.sberbankmobile/com.yandex.metrica.ConfigurationJobService:system}
11-17 22:00:20.811  1642  3102 D OPBF    : setCGroupState():tofreeze=true, uid:10305 pkg:com.avito.android --->>> ok reason:serviceDoneExecuting = com.avito.android/com.yandex.metrica.MetricaService
11-17 22:00:45.462  1642  3102 D OPBF    : setCGroupState():tofreeze=true, uid:10058 pkg:ru.foodfox.client --->>> ok reason:bindservice as client add connection = AppBindRecord{27d6c40 com.google.android.gms/com.google.android.location.internal.GoogleLocationManagerService:ru.foodfox.client:Metrica}
11-17 22:00:50.439  1642  3102 D OPBF    : setCGroupState():tofreeze=true, uid:10026 pkg:com.octopod.russianpost.client.android --->>> ok reason:serviceDoneExecuting = com.octopod.russianpost.client.android/com.yandex.metrica.MetricaService
11-17 22:00:55.642  1642  3102 D OPBF    : setCGroupState():tofreeze=true, uid:10152 pkg:ru.sberbankmobile --->>> ok reason:serviceDoneExecuting = ru.sberbankmobile/com.yandex.metrica.MetricaService
11-17 22:01:00.001  1642  2514 V AlarmManager: Triggering alarm #0: 3 when =25763758 package =android operation = null listenTag =TIME_TICK flags =0x1
11-17 22:02:15.096  1642  2514 V AlarmManager: Triggering alarm #0: 2 when =25838854 package =android operation = null listenTag =*job.delay* flags =0x0
11-17 22:02:50.426  1642  2514 V AlarmManager: Triggering alarm #0: 2 when =25874184 package =com.google.android.gms operation =*walarm*:com.google.android.chimera.IntentOperation.TARGETED_INTENT flags =0x5
11-17 22:02:59.416  1642  1811 I UsageStatsService: User[0] Flushing usage stats to disk
11-17 22:02:59.526  1642  1811 E AppIdleHistory: Error writing app idle file for user 0
11-17 22:03:00.002  1642  2514 V AlarmManager: Triggering alarm #0: 3 when =25883758 package =android operation = null listenTag =TIME_TICK flags =0x1
11-17 22:03:16.125  1642  2525 I PowerManagerService: Waking up from Asleep (uid=1000, reason=WAKE_REASON_POWER_BUTTON, details=android.policy:POWER)...
11-17 22:03:16.125  1642  1642 W UsageStatsService: Event reported without a package name, eventType:15
11-17 22:03:16.126  1642  1864 I DisplayPowerController: useProximityForceSuspend = false
11-17 22:03:16.126  1642  1864 D OpColorDisplayService: screenStateChange
11-17 22:03:16.126  1642  1832 D OpColorDisplayService: processScreenOn   true
11-17 22:03:16.126  1642  1864 I DisplayPowerController: Blocking screen on until initial contents have been drawn.
11-17 22:03:16.126  1642  1832 I OpColorDisplayService: isKeyguard =  true
11-17 22:03:16.126  1642  1864 I WindowManager: Screen turning on...
11-17 22:03:16.126  1642  1832 I OpColorDisplayService: mHasFingerprint = false
11-17 22:03:16.127  1642  1642 I WindowManager: Started waking up... (why=ON_BECAUSE_OF_USER)
11-17 22:03:16.127  1642  1832 D OpColorDisplayService: revertStatus:  colorMode = 1  customColorMode = 0   needMatrixInit = false
11-17 22:03:16.128  1642  1642 D OpPowerControllerService: SCREEN is OFF
11-17 22:03:16.128  1642  1642 D OpPowerControllerService: SCREEN is ON
11-17 22:03:16.128  1642  1642 D OpPowerControllerService: screen off duration: 581152
11-17 22:03:16.129  1642 10659 D WindowManager: mKeyguardDelegate.ShowListener.onDrawn.
11-17 22:03:16.129  1642  1793 W WindowManager: Setting mKeyguardDrawComplete
11-17 22:03:16.137  1642  1864 V DisplayPowerController: Brightness [76] reason changing to: 'manual', previous reason: 'screen_off'.
11-17 22:03:16.138  1642  1864 I DisplayPowerController: useProximityForceSuspend = false
11-17 22:03:16.138  1642  3102 D OPBF    : setCGroupState():tofreeze=false, uid:10470 pkg:com.android.todolist --->>> ok reason:handleSetInteractive active:true mInFullscreenMode:false
11-17 22:03:16.141  1642  1795 I DisplayManagerService: Display device changed state: "Встроенный экран", ON
11-17 22:03:16.162  1642 32025 E OHPD    : [BgDetect] AppForkedProc irq/462-chg-sta pid 392 uid 0 can't find pkgName
11-17 22:03:16.162  1642 32025 E OHPD    : [BgDetect] AppForkedProc kworker/1:2 pid 31759 uid 0 can't find pkgName
11-17 22:03:16.162  1642 32025 E OHPD    : [BgDetect] AppForkedProc kworker/3:2 pid 31868 uid 0 can't find pkgName
11-17 22:03:16.162  1642 32025 E OHPD    : [BgDetect] AppForkedProc kworker/0:5 pid 31953 uid 0 can't find pkgName
11-17 22:03:16.162  1642 32025 E OHPD    : [BgDetect] AppForkedProc kworker/2:3 pid 31978 uid 0 can't find pkgName
11-17 22:03:16.191  1642  1795 I WindowManager: All windows ready for display!
11-17 22:03:16.191  1642  1793 W WindowManager: Setting mWindowManagerDrawComplete
11-17 22:03:16.205  1642  1864 I DisplayPowerController: Unblocked screen on after 79 ms
11-17 22:03:16.205  1642  1864 I DisplayPowerController: useProximityForceSuspend = false
11-17 22:03:16.213  1642  1642 D OPSA    : ======BE_IMFORMED_SCREEN_ON======
11-17 22:03:16.222  1642  1714 D InputMethodManagerService: Longshot requesting input be hidden, 10034
11-17 22:03:16.222  1642  1864 I DisplayPowerController: useProximityForceSuspend = false
11-17 22:03:16.226  1642  1864 I DisplayPowerController: useProximityForceSuspend = false
11-17 22:03:16.228  1642  1642 I WindowManager: Finished waking up... (why=ON_BECAUSE_OF_USER)
11-17 22:03:16.247  1642  1642 D OPBF    : # eventChangeReceiver # onReceive # action=android.intent.action.SCREEN_ON
11-17 22:03:16.258  1642  1642 V FingerprintService: startAuthentication(com.android.systemui)
11-17 22:03:16.258  1642  1642 V FingerprintService: starting client AuthenticationClientImpl(com.android.systemui) cookie: 0/0
11-17 22:03:16.258  1642  1642 D OpFingerprintService: OIMCService is null
11-17 22:03:16.259  1642  1712 D OpFingerprintService: updateStatus , 0
11-17 22:03:16.301  1642  1642 D OpFingerprintService: updateStatus , 3
11-17 22:03:16.337 30782 30782 W ContextImpl: Calling a method in the system process without a qualified user: android.app.ContextImpl.bindService:1683 android.content.ContextWrapper.bindService:705 net.oneplus.odm.DeviceManagerService.x:30 net.oneplus.odm.l.onReceive:64 android.app.LoadedApk$ReceiverDispatcher$Args.lambda$getRunnable$0$LoadedApk$ReceiverDispatcher$Args:1560 
11-17 22:03:16.340  1642  1712 W ActivityManager: Unable to start service Intent { act=com.opos.ads.ColorAppServicesManagerClient cmp=com.opos.ads/.ColorAppServicesManagerClient } U=0: not found
11-17 22:03:16.393  1642  1712 D CameraService_proxy:  notifyColorGamutEnhance activeCamera = true
11-17 22:03:16.393  1642  1712 D OpColorDisplayService: notifyCameraStatus activeCamera = true
11-17 22:03:16.393  1642  1712 D OpColorGamutManager: notifyCameraStatus activeCamera = true
11-17 22:03:16.414  1642  3102 D OPBF    : setCGroupState():tofreeze=false, uid:10134 pkg:com.vkontakte.android --->>> ok reason:start perform hasTimeout broadcast for action = android.intent.action.SCREEN_ON
11-17 22:03:16.876  1642  1864 I DisplayPowerController: useProximityForceSuspend = false
11-17 22:03:16.876  1642  1864 D DisplayPowerController: override brightness:76 to 300
11-17 22:03:17.222  1642  1642 D InputMethodManagerService: reset Longshot Blocking
11-17 22:03:17.662  1642  1864 I DisplayPowerController: useProximityForceSuspend = false
11-17 22:03:18.443  1642  1864 I DisplayPowerController: useProximityForceSuspend = false
11-17 22:03:18.774  1642  2540 D ConnectivityService: Blocked status changed to false for 10083(375) on netId 100
11-17 22:03:18.774  1642  2540 D ConnectivityService: Blocked status changed to false for 10083(376) on netId 100
11-17 22:03:19.226  1642  1819 E BatteryExternalStatsWorker: no controller energy info supplied for bluetooth
11-17 22:03:19.260  1642  1811 D ExtBatteryStatsService: @@@@ awaitUninterruptibly in 63 ms
11-17 22:03:21.408  1642  1864 I DisplayPowerController: useProximityForceSuspend = false
11-17 22:03:21.470  1642  1714 D CameraService_proxy:  notifyColorGamutEnhance activeCamera = false
11-17 22:03:21.470  1642  1714 D OpColorDisplayService: notifyCameraStatus activeCamera = false
11-17 22:03:21.470  1642  1714 D OpColorGamutManager: notifyCameraStatus activeCamera = false
11-17 22:03:21.799  1642  1811 D ExtBatteryStatsService: ext-flush too soon, skip
11-17 22:03:21.802  1642  1811 D ExtBatteryStatsService: ext-flush too soon, skip
11-17 22:03:21.832  1642  1712 D LockSettingsService: VerifyCredential return when not Synthetic, 0
11-17 22:03:21.865  1642  1712 I LockSettingsService: Unlocking user 0 with token length 69
11-17 22:03:21.866  1642  1712 I LockSettingsService: resetLockout
11-17 22:03:21.975  1642  5709 I OpAppLocker: setKeyguardDone true
11-17 22:03:21.975  1642  3176 I OpAppLocker: setKeyguardDone true
11-17 22:03:21.976  2572  2613 I OIMC    : notified , mode FingerPrintMode changeTo 2
11-17 22:03:21.977  2572  2619 I OIMC_CORE: handleMessage:   MODE_EXIT, arg1: 0, arg2: 0, obj: com.oneplus.server.oimc.gwy@f2bd8bc
11-17 22:03:21.977  2572  2619 I OIMC_CORE: The mode: FingerPrintMode is not entered
11-17 22:03:21.978  1642  5709 D ActivityTaskManager: Top Process State changed to PROCESS_STATE_TOP
11-17 22:03:21.980  1642  1851 D OPDOM   : performDexOpt end for SCREEN OFF sucessed: false
11-17 22:03:21.980  1642  1795 D OpRestartProcessManager: updateSelf :  com.android.todolist, size : 30
11-17 22:03:21.980  1642  5709 D OemSceneModeActivityStack: [scene] evaluateGameModes :  gameMsg.arg1=0 gameMsg.arg2=1
11-17 22:03:21.981  1642  5709 D OpQuickReply: setQuickReplyResumed focusedApp AppWindowToken{cc82bbf token=Token{6a03dde ActivityRecord{be8d919 u0 com.android.todolist/.MainActivity t56806}}} pkgName com.android.todolist
11-17 22:03:21.992  1642  1642 V FingerprintService: Stopping client com.android.systemui, fromClient: true
11-17 22:03:21.997  1642  3103 D FingerprintService: onError, 538525712384, 5, 0
11-17 22:03:22.025  1642 10659 I OemSceneModeAmHelper: [scene] handleShowOrOccludedChanged showing false, occluded false
11-17 22:03:22.038  1642  1795 W UsageStatsService: Event reported without a package name, eventType:18
11-17 22:03:22.038  1642  1795 V UsbDeviceManager: onKeyguardStateChanged: isShowing:false secure:true user:0
11-17 22:03:22.048  1642  1642 V FingerprintService: handleError(client=com.android.systemui, error = 5)
11-17 22:03:22.048  1642  1642 V FingerprintService: Done with client: com.android.systemui
11-17 22:03:22.054  1642  2540 D ConnectivityService: Blocked status changed to true for 10083(375) on netId 100
11-17 22:03:22.054  1642  2540 D ConnectivityService: Blocked status changed to true for 10083(376) on netId 100
11-17 22:03:22.055  2572  2613 I OIMC    : notified , mode ColorReadMode changeTo 2
11-17 22:03:22.056  2572  2619 I OIMC_CORE: handleMessage:   MODE_EXIT, arg1: 0, arg2: 0, obj: com.oneplus.server.oimc.gwy@f1cc045
11-17 22:03:22.056  2572  2619 I OIMC_CORE: The mode: ColorReadMode is not entered
11-17 22:03:22.058  2572  2613 I OIMC    : notified , mode ReadMode changeTo 2
11-17 22:03:22.058  2572  2619 I OIMC_CORE: handleMessage:   MODE_EXIT, arg1: 0, arg2: 0, obj: com.oneplus.server.oimc.gwy@c31139a
11-17 22:03:22.058  2572  2619 I OIMC_CORE: The mode: ReadMode is not entered
11-17 22:03:22.059  2572  2613 I OIMC    : notified , mode GameMode changeTo 2
11-17 22:03:22.060  2572  2619 I OIMC_CORE: handleMessage:   MODE_EXIT, arg1: 0, arg2: 0, obj: com.oneplus.server.oimc.gwy@7fa74cb
11-17 22:03:22.060  2572  2619 I OIMC_CORE: The mode: GameMode is not entered
11-17 22:03:22.079  1642  1813 W BroadcastQueue: Background execution not allowed: receiving Intent { act=android.intent.action.USER_PRESENT flg=0x24200010 } to com.oneplus.camera.service/.CameraBroadcastReceiver
11-17 22:03:22.079  1642  1813 W BroadcastQueue: Background execution not allowed: receiving Intent { act=android.intent.action.USER_PRESENT flg=0x24200010 } to com.android.chrome/org.chromium.chrome.browser.sharing.click_to_call.ClickToCallMessageHandler$PhoneUnlockedReceiver
11-17 22:03:22.080  1642  1813 W BroadcastQueue: Background execution not allowed: receiving Intent { act=android.intent.action.USER_PRESENT flg=0x24200010 } to com.google.android.gms/.auth.setup.devicesignals.LockScreenReceiver
11-17 22:03:22.080  1642  1813 W BroadcastQueue: Background execution not allowed: receiving Intent { act=android.intent.action.USER_PRESENT flg=0x24200010 } to com.google.android.gms/.chimera.GmsIntentOperationService$PersistentTrustedReceiver
11-17 22:03:22.080  1642  1813 W BroadcastQueue: Background execution not allowed: receiving Intent { act=android.intent.action.USER_PRESENT flg=0x24200010 } to com.instagram.android/com.instagram.push.FbnsInitBroadcastReceiver
11-17 22:03:22.121  2674  2674 D FingerprintManager: sendErrorResult: 5, 5, 0
11-17 22:03:22.122  1642  5709 D KeyguardStateMonitor: onFingerprintStateChange , false, false, authType:1, result:5
11-17 22:03:22.482  1642  1642 V SettingsProvider: Notifying for 0: content://settings/system/rading_mode_status_auto
11-17 22:03:22.484  2572  2613 I OIMC    : notified , mode ColorReadMode changeTo 2
11-17 22:03:22.484  2572  2619 I OIMC_CORE: handleMessage:   MODE_EXIT, arg1: 0, arg2: 0, obj: com.oneplus.server.oimc.gwy@53bc4a8
11-17 22:03:22.484  2572  2619 I OIMC_CORE: The mode: ColorReadMode is not entered
11-17 22:03:22.484  2572  2614 I OIMC    : notified , mode ReadMode changeTo 2
11-17 22:03:22.484  2572  2619 I OIMC_CORE: handleMessage:   MODE_EXIT, arg1: 0, arg2: 0, obj: com.oneplus.server.oimc.gwy@24e1bc1
11-17 22:03:22.484  2572  2619 I OIMC_CORE: The mode: ReadMode is not entered
11-17 22:03:22.485  1642  1642 V SettingsProvider: Notifying for 0: content://settings/system/rading_mode_status_auto
11-17 22:03:25.150  1642  1819 E BatteryExternalStatsWorker: no controller energy info supplied for bluetooth
11-17 22:03:25.220  1642  1811 D ExtBatteryStatsService: @@@@ awaitUninterruptibly in 106 ms
11-17 22:03:25.220  1642  1811 D ExtBatteryStatsService: ext-flush too soon, skip
11-17 22:03:25.347  1642 10516 D ConnectivityService: requestNetwork for uid/pid:10095/23159 NetworkRequest [ TRACK_DEFAULT id=446, [ Capabilities: INTERNET&NOT_RESTRICTED&TRUSTED Uid: 10095] ]
11-17 22:03:25.397  1642  2540 D ConnectivityService: releasing NetworkRequest [ TRACK_DEFAULT id=446, [ Capabilities: INTERNET&NOT_RESTRICTED&TRUSTED Uid: 10095] ] (release request)
11-17 22:03:26.325  1007  1007 I wificond: wifi generation capability mask: 15
11-17 22:03:37.251  1642  2514 V AlarmManager: Triggering alarm #0: 2 when =25803187 package =com.google.android.gms operation =*walarm*:com.google.android.gms.gcm.ACTION_CHECK_QUEUE flags =0x0
11-17 22:03:37.251  1642  2514 V AlarmManager: Triggering alarm #1: 3 when =25921009 package =com.google.android.gms operation =*alarm*:com.google.android.gms.auth.authzen.cryptauth.DEVICE_STATE_CHECK_DELAY_COMPLETE flags =0x0
11-17 22:03:37.252  1642  2514 V AlarmManager: Triggering alarm #2: 3 when =25781793 package =com.whatsapp operation =*alarm*:com.whatsapp.alarm.CLIENT_PING_PERIODIC flags =0x0
11-17 22:03:38.205  1642  3176 I DropBoxManagerService: add tag=event_data isTagEnabled=true flags=0x2
11-17 22:03:38.222  1642  3176 W DropBoxManagerService: Dropping: event_data (39 > 0 bytes)
11-17 22:03:38.234  1642  1813 W BroadcastQueue: Background execution not allowed: receiving Intent { act=android.intent.action.DROPBOX_ENTRY_ADDED flg=0x10 (has extras) } to com.google.android.gms/.stats.service.DropBoxEntryAddedReceiver
11-17 22:03:38.234  1642  1813 W BroadcastQueue: Background execution not allowed: receiving Intent { act=android.intent.action.DROPBOX_ENTRY_ADDED flg=0x10 (has extras) } to com.google.android.gms/.chimera.GmsIntentOperationService$PersistentTrustedReceiver
11-17 22:03:38.359  1642 10516 I DropBoxManagerService: add tag=platform_stats_bookmark isTagEnabled=true flags=0x2
11-17 22:03:38.368  1642 10516 W DropBoxManagerService: Dropping: platform_stats_bookmark (13 > 0 bytes)
11-17 22:03:38.371  1642  1813 W BroadcastQueue: Background execution not allowed: receiving Intent { act=android.intent.action.DROPBOX_ENTRY_ADDED flg=0x10 (has extras) } to com.google.android.gms/.stats.service.DropBoxEntryAddedReceiver
11-17 22:03:38.371  1642  1813 W BroadcastQueue: Background execution not allowed: receiving Intent { act=android.intent.action.DROPBOX_ENTRY_ADDED flg=0x10 (has extras) } to com.google.android.gms/.chimera.GmsIntentOperationService$PersistentTrustedReceiver
11-17 22:03:46.027  1642  1864 I DisplayPowerController: useProximityForceSuspend = false
11-17 22:03:46.031  1642  1864 V DisplayPowerController: Brightness [6] reason changing to: 'manual [ dim ]', previous reason: 'manual'.
11-17 22:03:46.036  1642  1642 V SettingsProvider: Notifying for 0: content://settings/global/device_is_dimming
11-17 22:03:46.425  1642  1864 I DisplayPowerController: useProximityForceSuspend = false
11-17 22:03:46.446  1642  3102 D OPBF    : setCGroupState():tofreeze=true, uid:10134 pkg:com.vkontakte.android --->>> ok reason:finish perform hasTimeout broadcast for action = android.intent.action.SCREEN_ON
11-17 22:03:52.027  1642  1864 I PowerManagerService: Going to sleep due to timeout (uid 1000)...
11-17 22:03:52.028  1642  1642 W UsageStatsService: Event reported without a package name, eventType:16
11-17 22:03:52.028  1642  1864 I PowerManagerService: Sleeping (uid 1000)...
11-17 22:03:52.029  1642  1642 I WindowManager: Started going to sleep... (why=OFF_BECAUSE_OF_TIMEOUT)
11-17 22:03:52.029  1642  1864 I DisplayPowerController: useProximityForceSuspend = false
11-17 22:03:52.112  1642  1864 V DisplayPowerController: Brightness [76] reason changing to: 'manual', previous reason: 'manual [ dim ]'.
11-17 22:03:52.126  1642  1642 V SettingsProvider: Notifying for 0: content://settings/global/device_is_dimming
11-17 22:03:52.130  1642  1864 I DisplayPowerController: useProximityForceSuspend = false
11-17 22:03:52.130  1642  1864 I DisplayPowerController: Blocking screen off
11-17 22:03:52.130  1642  1864 I DisplayPowerController: Unblocked screen off after 1 ms
11-17 22:03:52.131  1642  1864 D OpColorDisplayService: screenStateChange
11-17 22:03:52.131  1642  1864 I WindowManager: Screen turned off...
11-17 22:03:52.132  1642  1832 D OpColorDisplayService: processScreenOn   false
11-17 22:03:52.146  1642  1864 D ActivityTaskManager: Top Process State changed to PROCESS_STATE_TOP_SLEEPING
11-17 22:03:52.191  1642  1864 V DisplayPowerController: Brightness [0] reason changing to: 'screen_off', previous reason: 'manual'.
11-17 22:03:52.191  1642  1864 I DisplayPowerController: useProximityForceSuspend = false
11-17 22:03:52.202  1642  1795 I DisplayManagerService: Display device changed state: "Встроенный экран", OFF
11-17 22:03:52.277  1642 10516 D OpFingerprintService: updateStatus , 2
11-17 22:03:52.401  1642  1864 I DisplayPowerController: useProximityForceSuspend = false
11-17 22:03:52.404  1642  1642 I WindowManager: Finished going to sleep... (why=OFF_BECAUSE_OF_TIMEOUT)
11-17 22:03:52.405  1642  1642 D OpPowerControllerService: SCREEN is OFF
11-17 22:03:52.405  1642  1642 D OpPowerControllerService: SCREEN is OFF
11-17 22:03:52.405  1642  1642 D OpPowerControllerService: mScreenOffStart=2021-11-17 22:03:52
11-17 22:03:52.433  1642  1642 V FingerprintService: startAuthentication(com.android.systemui)
11-17 22:03:52.433  1642  1642 V FingerprintService: starting client AuthenticationClientImpl(com.android.systemui) cookie: 0/0
11-17 22:03:52.433  1642  1642 D OpFingerprintService: OIMCService is null
11-17 22:03:52.480  1642  1642 D OpFingerprintService: updateStatus , 3
11-17 22:03:52.538  1642  1642 D OPBF    : # eventChangeReceiver # onReceive # action=android.intent.action.SCREEN_OFF
11-17 22:03:52.686  1642  7602 W AppOps  : Noting op not finished: uid 10015 pkg com.google.android.gms code 79 time=1637175802037 duration=-1
11-17 22:03:52.698  1642  7602 W AppOps  : Noting op not finished: uid 10015 pkg com.google.android.gms code 79 time=1637175832686 duration=0
11-17 22:03:52.712  1642  1712 W AppOps  : Noting op not finished: uid 10015 pkg com.google.android.gms code 79 time=1637175832698 duration=0
11-17 22:03:52.762  1642  3102 D OPBF    : setCGroupState():tofreeze=false, uid:10134 pkg:com.vkontakte.android --->>> ok reason:start perform hasTimeout broadcast for action = android.intent.action.SCREEN_OFF
11-17 22:03:55.499  1642  2514 V AlarmManager: Triggering alarm #0: 0 when =1637175832000 package =android operation = null listenTag =PowerController.EarlyRestriction flags =0x9
11-17 22:03:57.036  1642  2514 V AlarmManager: Triggering alarm #0: 2 when =25940793 package =com.android.systemui operation =*walarm*:com.android.internal.policy.impl.PhoneWindowManager.DELAYED_KEYGUARD flags =0x9
11-17 22:03:57.046  1642 10516 I OpAppLocker: setKeyguardDone false
11-17 22:03:57.050  1642  1714 I OpAppLocker: setKeyguardDone false
11-17 22:03:57.062  1642 10516 I OemSceneModeAmHelper: [scene] handleShowOrOccludedChanged showing true, occluded false
11-17 22:03:57.096  1642  1795 W UsageStatsService: Event reported without a package name, eventType:17
11-17 22:03:57.105  1642  1795 V UsbDeviceManager: onKeyguardStateChanged: isShowing:true secure:true user:0
11-17 22:03:57.145  1642  1795 W ActivityTaskManager: Sleep timeout!  Sleeping now.
11-17 22:03:57.255  2674  2674 V KeyguardStatusView: refresh statusview showing:true
11-17 22:04:00.000  1642  2514 V AlarmManager: Triggering alarm #0: 3 when =25943758 package =android operation = null listenTag =TIME_TICK flags =0x1
11-17 22:04:03.707  1642  1813 I ActivityManager: pid= 825 st.name = surfaceflinger cpuPercent = 13 st.rel_utime =4100 st.rel_stime =2470
11-17 22:04:03.707  1642  1813 I ActivityManager: pid= 1642 st.name = system_server cpuPercent = 14 st.rel_utime =4230 st.rel_stime =2860
